Component: ARM Compiler 5.06 update 6 (build 750) Tool: armlink [4d35ed]

==============================================================================

Section Cross References

    startup_stm32f105xc.o(STACK) refers (Special) to heapauxi.o(.text) for __use_two_region_memory
    startup_stm32f105xc.o(HEAP) refers (Special) to heapauxi.o(.text) for __use_two_region_memory
    startup_stm32f105xc.o(RESET) refers (Special) to heapauxi.o(.text) for __use_two_region_memory
    startup_stm32f105xc.o(RESET) refers to startup_stm32f105xc.o(STACK) for __initial_sp
    startup_stm32f105xc.o(RESET) refers to startup_stm32f105xc.o(.text) for Reset_Handler
    startup_stm32f105xc.o(RESET) refers to stm32f1xx_it.o(i.NMI_Handler) for NMI_Handler
    startup_stm32f105xc.o(RESET) refers to stm32f1xx_it.o(i.HardFault_Handler) for HardFault_Handler
    startup_stm32f105xc.o(RESET) refers to stm32f1xx_it.o(i.MemManage_Handler) for MemManage_Handler
    startup_stm32f105xc.o(RESET) refers to stm32f1xx_it.o(i.BusFault_Handler) for BusFault_Handler
    startup_stm32f105xc.o(RESET) refers to stm32f1xx_it.o(i.UsageFault_Handler) for UsageFault_Handler
    startup_stm32f105xc.o(RESET) refers to stm32f1xx_it.o(i.SVC_Handler) for SVC_Handler
    startup_stm32f105xc.o(RESET) refers to stm32f1xx_it.o(i.DebugMon_Handler) for DebugMon_Handler
    startup_stm32f105xc.o(RESET) refers to stm32f1xx_it.o(i.PendSV_Handler) for PendSV_Handler
    startup_stm32f105xc.o(RESET) refers to stm32f1xx_it.o(i.SysTick_Handler) for SysTick_Handler
    startup_stm32f105xc.o(RESET) refers to stm32f1xx_it.o(i.DMA1_Channel1_IRQHandler) for DMA1_Channel1_IRQHandler
    startup_stm32f105xc.o(RESET) refers to stm32f1xx_it.o(i.TIM3_IRQHandler) for TIM3_IRQHandler
    startup_stm32f105xc.o(RESET) refers to stm32f1xx_it.o(i.USART1_IRQHandler) for USART1_IRQHandler
    startup_stm32f105xc.o(.text) refers (Special) to heapauxi.o(.text) for __use_two_region_memory
    startup_stm32f105xc.o(.text) refers to system_stm32f1xx.o(i.SystemInit) for SystemInit
    startup_stm32f105xc.o(.text) refers to __main.o(!!!main) for __main
    startup_stm32f105xc.o(.text) refers to startup_stm32f105xc.o(HEAP) for Heap_Mem
    startup_stm32f105xc.o(.text) refers to startup_stm32f105xc.o(STACK) for Stack_Mem
    main.o(i.SystemClock_Config) refers to rt_memclr_w.o(.text) for __aeabi_memclr4
    main.o(i.SystemClock_Config) refers to stm32f1xx_hal_rcc.o(i.HAL_RCC_OscConfig) for HAL_RCC_OscConfig
    main.o(i.SystemClock_Config) refers to stm32f1xx_hal_rcc.o(i.HAL_RCC_ClockConfig) for HAL_RCC_ClockConfig
    main.o(i.SystemClock_Config) refers to stm32f1xx_hal_rcc_ex.o(i.HAL_RCCEx_PeriphCLKConfig) for HAL_RCCEx_PeriphCLKConfig
    main.o(i.main) refers to stm32f1xx_hal.o(i.HAL_Init) for HAL_Init
    main.o(i.main) refers to main.o(i.SystemClock_Config) for SystemClock_Config
    main.o(i.main) refers to gpio.o(i.MX_GPIO_Init) for MX_GPIO_Init
    main.o(i.main) refers to dma.o(i.MX_DMA_Init) for MX_DMA_Init
    main.o(i.main) refers to tim.o(i.MX_TIM3_Init) for MX_TIM3_Init
    main.o(i.main) refers to adc.o(i.MX_ADC1_Init) for MX_ADC1_Init
    main.o(i.main) refers to usart.o(i.MX_USART1_UART_Init) for MX_USART1_UART_Init
    main.o(i.main) refers to tick.o(i.tick_init) for tick_init
    main.o(i.main) refers to adc.o(i.ADC_StartDMA) for ADC_StartDMA
    main.o(i.main) refers to vehicle.o(i.Vehicle_Init) for Vehicle_Init
    main.o(i.main) refers to adc.o(i.ADC_ProcessSensorData) for ADC_ProcessSensorData
    main.o(i.main) refers to vehicle.o(i.Vehicle_LED1_Blink) for Vehicle_LED1_Blink
    main.o(i.main) refers to vehicle.o(i.Vehicle_GearTick) for Vehicle_GearTick
    main.o(i.main) refers to vehicle.o(i.Vehicle_SensorReport) for Vehicle_SensorReport
    main.o(i.main) refers to vehicle.o(i.Vehicle_GearShiftCheck) for Vehicle_GearShiftCheck
    main.o(i.main) refers to tick.o(.data) for time_flag
    gpio.o(i.MX_GPIO_Init) refers to stm32f1xx_hal_gpio.o(i.HAL_GPIO_WritePin) for HAL_GPIO_WritePin
    gpio.o(i.MX_GPIO_Init) refers to stm32f1xx_hal_gpio.o(i.HAL_GPIO_Init) for HAL_GPIO_Init
    adc.o(i.ADC_GetRawValues) refers to adc.o(.data) for .data
    adc.o(i.ADC_GetSensorHandle) refers to adc.o(.bss) for .bss
    adc.o(i.ADC_IsUndervoltage) refers to adc.o(.data) for .data
    adc.o(i.ADC_ProcessSensorData) refers to adc.o(i.ADC_GetRawValues) for ADC_GetRawValues
    adc.o(i.ADC_ProcessSensorData) refers to fflt_clz.o(x$fpl$ffltu) for __aeabi_ui2f
    adc.o(i.ADC_ProcessSensorData) refers to fmul.o(x$fpl$fmul) for __aeabi_fmul
    adc.o(i.ADC_ProcessSensorData) refers to fdiv.o(x$fpl$fdiv) for __aeabi_fdiv
    adc.o(i.ADC_ProcessSensorData) refers to adc.o(.bss) for .bss
    adc.o(i.ADC_StartDMA) refers to stm32f1xx_hal_adc.o(i.HAL_ADC_Start_DMA) for HAL_ADC_Start_DMA
    adc.o(i.ADC_StartDMA) refers to adc.o(.data) for .data
    adc.o(i.ADC_StartDMA) refers to adc.o(.bss) for .bss
    adc.o(i.HAL_ADC_ConvCpltCallback) refers to adc.o(.data) for .data
[...]
    .ARM.Collect$$_printf_percent$$00000017  0x080001d6   Section        4  _printf_percent_end.o(.ARM.Collect$$_printf_percent$$00000017)
    .ARM.Collect$$libinit$$00000000          0x080001da   Section        2  libinit.o(.ARM.Collect$$libinit$$00000000)
    .ARM.Collect$$libinit$$00000002          0x080001dc   Section        0  libinit2.o(.ARM.Collect$$libinit$$00000002)
    .ARM.Collect$$libinit$$00000004          0x080001dc   Section        0  libinit2.o(.ARM.Collect$$libinit$$00000004)
    .ARM.Collect$$libinit$$0000000A          0x080001dc   Section        0  libinit2.o(.ARM.Collect$$libinit$$0000000A)
    .ARM.Collect$$libinit$$0000000C          0x080001dc   Section        0  libinit2.o(.ARM.Collect$$libinit$$0000000C)
    .ARM.Collect$$libinit$$0000000E          0x080001dc   Section        0  libinit2.o(.ARM.Collect$$libinit$$0000000E)
    .ARM.Collect$$libinit$$0000000F          0x080001dc   Section        6  libinit2.o(.ARM.Collect$$libinit$$0000000F)
    .ARM.Collect$$libinit$$00000011          0x080001e2   Section        0  libinit2.o(.ARM.Collect$$libinit$$00000011)
    .ARM.Collect$$libinit$$00000013          0x080001e2   Section        0  libinit2.o(.ARM.Collect$$libinit$$00000013)
    .ARM.Collect$$libinit$$00000015          0x080001e2   Section        0  libinit2.o(.ARM.Collect$$libinit$$00000015)
    .ARM.Collect$$libinit$$00000016          0x080001e2   Section       10  libinit2.o(.ARM.Collect$$libinit$$00000016)
    .ARM.Collect$$libinit$$00000017          0x080001ec   Section        0  libinit2.o(.ARM.Collect$$libinit$$00000017)
    .ARM.Collect$$libinit$$00000019          0x080001ec   Section        0  libinit2.o(.ARM.Collect$$libinit$$00000019)
    .ARM.Collect$$libinit$$0000001B          0x080001ec   Section        0  libinit2.o(.ARM.Collect$$libinit$$0000001B)
    .ARM.Collect$$libinit$$0000001D          0x080001ec   Section        0  libinit2.o(.ARM.Collect$$libinit$$0000001D)
    .ARM.Collect$$libinit$$0000001F          0x080001ec   Section        0  libinit2.o(.ARM.Collect$$libinit$$0000001F)
    .ARM.Collect$$libinit$$00000021          0x080001ec   Section        0  libinit2.o(.ARM.Collect$$libinit$$00000021)
    .ARM.Collect$$libinit$$00000023          0x080001ec   Section        0  libinit2.o(.ARM.Collect$$libinit$$00000023)
    .ARM.Collect$$libinit$$00000025          0x080001ec   Section        0  libinit2.o(.ARM.Collect$$libinit$$00000025)
    .ARM.Collect$$libinit$$0000002C          0x080001ec   Section        0  libinit2.o(.ARM.Collect$$libinit$$0000002C)
    .ARM.Collect$$libinit$$0000002E          0x080001ec   Section        0  libinit2.o(.ARM.Collect$$libinit$$0000002E)
    .ARM.Collect$$libinit$$00000030          0x080001ec   Section        0  libinit2.o(.ARM.Collect$$libinit$$00000030)
    .ARM.Collect$$libinit$$00000032          0x080001ec   Section        0  libinit2.o(.ARM.Collect$$libinit$$00000032)
    .ARM.Collect$$libinit$$00000033          0x080001ec   Section        2  libinit2.o(.ARM.Collect$$libinit$$00000033)
    .ARM.Collect$$libshutdown$$00000000      0x080001ee   Section        2  libshutdown.o(.ARM.Collect$$libshutdown$$00000000)
    .ARM.Collect$$libshutdown$$00000002      0x080001f0   Section        0  libshutdown2.o(.ARM.Collect$$libshutdown$$00000002)
    .ARM.Collect$$libshutdown$$00000004      0x080001f0   Section        0  libshutdown2.o(.ARM.Collect$$libshutdown$$00000004)
    .ARM.Collect$$libshutdown$$00000007      0x080001f0   Section        0  libshutdown2.o(.ARM.Collect$$libshutdown$$00000007)
    .ARM.Collect$$libshutdown$$0000000A      0x080001f0   Section        0  libshutdown2.o(.ARM.Collect$$libshutdown$$0000000A)
    .ARM.Collect$$libshutdown$$0000000C      0x080001f0   Section        0  libshutdown2.o(.ARM.Collect$$libshutdown$$0000000C)
    .ARM.Collect$$libshutdown$$0000000F      0x080001f0   Section        0  libshutdown2.o(.ARM.Collect$$libshutdown$$0000000F)
    .ARM.Collect$$libshutdown$$00000010      0x080001f0   Section        2  libshutdown2.o(.ARM.Collect$$libshutdown$$00000010)
    .ARM.Collect$$rtentry$$00000000          0x080001f2   Section        0  __rtentry.o(.ARM.Collect$$rtentry$$00000000)
    .ARM.Collect$$rtentry$$00000002          0x080001f2   Section        0  __rtentry2.o(.ARM.Collect$$rtentry$$00000002)
    .ARM.Collect$$rtentry$$00000004          0x080001f2   Section        6  __rtentry4.o(.ARM.Collect$$rtentry$$00000004)
    .ARM.Collect$$rtentry$$00000009          0x080001f8   Section        0  __rtentry2.o(.ARM.Collect$$rtentry$$00000009)
    .ARM.Collect$$rtentry$$0000000A          0x080001f8   Section        4  __rtentry2.o(.ARM.Collect$$rtentry$$0000000A)
    .ARM.Collect$$rtentry$$0000000C          0x080001fc   Section        0  __rtentry2.o(.ARM.Collect$$rtentry$$0000000C)
    .ARM.Collect$$rtentry$$0000000D          0x080001fc   Section        8  __rtentry2.o(.ARM.Collect$$rtentry$$0000000D)
    .ARM.Collect$$rtexit$$00000000           0x08000204   Section        2  rtexit.o(.ARM.Collect$$rtexit$$00000000)
    .ARM.Collect$$rtexit$$00000002           0x08000206   Section        0  rtexit2.o(.ARM.Collect$$rtexit$$00000002)
    .ARM.Collect$$rtexit$$00000003           0x08000206   Section        4  rtexit2.o(.ARM.Collect$$rtexit$$00000003)
    .ARM.Collect$$rtexit$$00000004           0x0800020a   Section        6  rtexit2.o(.ARM.Collect$$rtexit$$00000004)
    .text                                    0x08000210   Section       64  startup_stm32f105xc.o(.text)
    .text                                    0x08000250   Section      238  lludivv7m.o(.text)
    .text                                    0x08000340   Section        0  __2snprintf.o(.text)
    .text                                    0x08000378   Section        0  _printf_str.o(.text)
    .text                                    0x080003cc   Section        0  _printf_dec.o(.text)
    .text                                    0x08000444   Section        0  __printf_wp.o(.text)
    .text                                    0x08000552   Section       78  rt_memclr_w.o(.text)
    .text                                    0x080005a0   Section        0  heapauxi.o(.text)
    .text                                    0x080005a6   Section        0  _printf_intcommon.o(.text)
    .text                                    0x08000658   Section        0  _printf_fp_dec.o(.text)
    _fp_digits                               0x0800065b   Thumb Code   432  _printf_fp_dec.o(.text)
    .text                                    0x08000a78   Section        0  _printf_char_common.o(.text)
    _printf_input_char                       0x08000a79   Thumb Code    10  _printf_char_common.o(.text)
    .text                                    0x08000aa8   Section        0  _sputc.o(.text)
    .text                                    0x08000ab2   Section        0  _snputc.o(.text)
    .text                                    0x08000ac2   Section        0  _printf_char.o(.text)
    .text                                    0x08000af0   Section        8  rt_locale_intlibspace.o(.text)
    .text                                    0x08000af8   Section      138  lludiv10.o(.text)
    .text                                    0x08000b84   Section        0  _printf_fp_infnan.o(.text)
    .text                                    0x08000c04   Section        0  bigflt0.o(.text)
    .text                                    0x08000ce8   Section        8  libspace.o(.text)
    .text                                    0x08000cf0   Section       74  sys_stackheap_outer.o(.text)
    .text                                    0x08000d3a   Section        0  exit.o(.text)
    .text                                    0x08000d4c   Section      128  strcmpv7m.o(.text)
    .text                                    0x08000dcc   Section        0  sys_exit.o(.text)
    .text                                    0x08000dd8   Section        2  use_no_semi.o(.text)
    .text                                    0x08000dda   Section        0  indicate_semi.o(.text)
    CL$$btod_d2e                             0x08000dda   Section       62  btod.o(CL$$btod_d2e)
    CL$$btod_d2e_denorm_low                  0x08000e18   Section       70  btod.o(CL$$btod_d2e_denorm_low)
    CL$$btod_d2e_norm_op1                    0x08000e5e   Section       96  btod.o(CL$$btod_d2e_norm_op1)
    CL$$btod_div_common                      0x08000ebe   Section      824  btod.o(CL$$btod_div_common)
    CL$$btod_e2e                             0x080011f6   Section      220  btod.o(CL$$btod_e2e)
    CL$$btod_ediv                            0x080012d2   Section       42  btod.o(CL$$btod_ediv)
    CL$$btod_emul                            0x080012fc   Section       42  btod.o(CL$$btod_emul)
    CL$$btod_mult_common                     0x08001326   Section      580  btod.o(CL$$btod_mult_common)
    i.ADC_ConversionStop_Disable             0x0800156c   Section        0  stm32f1xx_hal_adc.o(i.ADC_ConversionStop_Disable)
    i.ADC_DMAConvCplt                        0x080015c2   Section        0  stm32f1xx_hal_adc.o(i.ADC_DMAConvCplt)
    i.ADC_DMAError                           0x08001610   Section        0  stm32f1xx_hal_adc.o(i.ADC_DMAError)
    i.ADC_DMAHalfConvCplt                    0x0800162a   Section        0  stm32f1xx_hal_adc.o(i.ADC_DMAHalfConvCplt)
    i.ADC_Enable                             0x08001634   Section        0  stm32f1xx_hal_adc.o(i.ADC_Enable)
    i.ADC_GetRawValues                       0x080016b0   Section        0  adc.o(i.ADC_GetRawValues)
    i.ADC_GetSensorHandle                    0x080016cc   Section        0  adc.o(i.ADC_GetSensorHandle)
    i.ADC_ProcessSensorData                  0x080016d4   Section        0  adc.o(i.ADC_ProcessSensorData)
    i.ADC_StartDMA                           0x080017d4   Section        0  adc.o(i.ADC_StartDMA)
    i.BusFault_Handler                       0x080017e8   Section        0  stm32f1xx_it.o(i.BusFault_Handler)
    i.DMA1_Channel1_IRQHandler               0x080017ec   Section        0  stm32f1xx_it.o(i.DMA1_Channel1_IRQHandler)
    i.DMA_SetConfig                          0x080017f8   Section        0  stm32f1xx_hal_dma.o(i.DMA_SetConfig)
    DMA_SetConfig                            0x080017f9   Thumb Code    42  stm32f1xx_hal_dma.o(i.DMA_SetConfig)
    i.DebugMon_Handler                       0x08001822   Section        0  stm32f1xx_it.o(i.DebugMon_Handler)
    i.Error_Handler                          0x08001824   Section        0  main.o(i.Error_Handler)
    i.HAL_ADC_ConfigChannel                  0x08001828   Section        0  stm32f1xx_hal_adc.o(i.HAL_ADC_ConfigChannel)
    i.HAL_ADC_ConvCpltCallback               0x08001924   Section        0  adc.o(i.HAL_ADC_ConvCpltCallback)
    i.HAL_ADC_ConvHalfCpltCallback           0x0800194c   Section        0  stm32f1xx_hal_adc.o(i.HAL_ADC_ConvHalfCpltCallback)
    i.HAL_ADC_ErrorCallback                  0x0800194e   Section        0  stm32f1xx_hal_adc.o(i.HAL_ADC_ErrorCallback)
    i.HAL_ADC_Init                           0x08001950   Section        0  stm32f1xx_hal_adc.o(i.HAL_ADC_Init)
    i.HAL_ADC_MspInit                        0x08001a6c   Section        0  adc.o(i.HAL_ADC_MspInit)
    i.HAL_ADC_Start_DMA                      0x08001afc   Section        0  stm32f1xx_hal_adc.o(i.HAL_ADC_Start_DMA)
    i.HAL_DMA_Abort                          0x08001c08   Section        0  stm32f1xx_hal_dma.o(i.HAL_DMA_Abort)
    i.HAL_DMA_Abort_IT                       0x08001c50   Section        0  stm32f1xx_hal_dma.o(i.HAL_DMA_Abort_IT)
    i.HAL_DMA_IRQHandler                     0x08001d80   Section        0  stm32f1xx_hal_dma.o(i.HAL_DMA_IRQHandler)
    i.HAL_DMA_Init                           0x08001fc8   Section        0  stm32f1xx_hal_dma.o(i.HAL_DMA_Init)
    i.HAL_DMA_Start_IT                       0x08002044   Section        0  stm32f1xx_hal_dma.o(i.HAL_DMA_Start_IT)
    i.HAL_GPIO_Init                          0x080020b4   Section        0  stm32f1xx_hal_gpio.o(i.HAL_GPIO_Init)
    i.HAL_GPIO_ReadPin                       0x08002294   Section        0  stm32f1xx_hal_gpio.o(i.HAL_GPIO_ReadPin)
    i.HAL_GPIO_WritePin                      0x0800229e   Section        0  stm32f1xx_hal_gpio.o(i.HAL_GPIO_WritePin)
    i.HAL_GetTick                            0x080022a8   Section        0  stm32f1xx_hal.o(i.HAL_GetTick)
    i.HAL_IncTick                            0x080022b4   Section        0  stm32f1xx_hal.o(i.HAL_IncTick)
    i.HAL_Init                               0x080022c4   Section        0  stm32f1xx_hal.o(i.HAL_Init)
    i.HAL_InitTick                           0x080022e8   Section        0  stm32f1xx_hal.o(i.HAL_InitTick)
    i.HAL_MspInit                            0x08002328   Section        0  stm32f1xx_hal_msp.o(i.HAL_MspInit)
    i.HAL_NVIC_EnableIRQ                     0x08002364   Section        0  stm32f1xx_hal_cortex.o(i.HAL_NVIC_EnableIRQ)
    i.HAL_NVIC_SetPriority                   0x08002380   Section        0  stm32f1xx_hal_cortex.o(i.HAL_NVIC_SetPriority)
    i.HAL_NVIC_SetPriorityGrouping           0x080023c0   Section        0  stm32f1xx_hal_cortex.o(i.HAL_NVIC_SetPriorityGrouping)
    i.HAL_RCCEx_PeriphCLKConfig              0x080023e4   Section        0  stm32f1xx_hal_rcc_ex.o(i.HAL_RCCEx_PeriphCLKConfig)
    i.HAL_RCC_ClockConfig                    0x0800256c   Section        0  stm32f1xx_hal_rcc.o(i.HAL_RCC_ClockConfig)
    i.HAL_RCC_GetPCLK1Freq                   0x08002698   Section        0  stm32f1xx_hal_rcc.o(i.HAL_RCC_GetPCLK1Freq)
    i.HAL_RCC_GetPCLK2Freq                   0x080026b8   Section        0  stm32f1xx_hal_rcc.o(i.HAL_RCC_GetPCLK2Freq)
    i.HAL_RCC_GetSysClockFreq                0x080026d8   Section        0  stm32f1xx_hal_rcc.o(i.HAL_RCC_GetSysClockFreq)
    i.HAL_RCC_OscConfig                      0x08002764   Section        0  stm32f1xx_hal_rcc.o(i.HAL_RCC_OscConfig)
    i.HAL_SYSTICK_Config                     0x08002b48   Section        0  stm32f1xx_hal_cortex.o(i.HAL_SYSTICK_Config)
    i.HAL_TIMEx_BreakCallback                0x08002b70   Section        0  stm32f1xx_hal_tim_ex.o(i.HAL_TIMEx_BreakCallback)
    i.HAL_TIMEx_CommutCallback               0x08002b72   Section        0  stm32f1xx_hal_tim_ex.o(i.HAL_TIMEx_CommutCallback)
    i.HAL_TIMEx_MasterConfigSynchronization  0x08002b74   Section        0  stm32f1xx_hal_tim_ex.o(i.HAL_TIMEx_MasterConfigSynchronization)
    i.HAL_TIM_Base_Init                      0x08002be8   Section        0  stm32f1xx_hal_tim.o(i.HAL_TIM_Base_Init)
    i.HAL_TIM_Base_MspInit                   0x08002c44   Section        0  tim.o(i.HAL_TIM_Base_MspInit)
    i.HAL_TIM_Base_Start_IT                  0x08002c80   Section        0  stm32f1xx_hal_tim.o(i.HAL_TIM_Base_Start_IT)
    i.HAL_TIM_ConfigClockSource              0x08002ce4   Section        0  stm32f1xx_hal_tim.o(i.HAL_TIM_ConfigClockSource)
    i.HAL_TIM_IC_CaptureCallback             0x08002dc0   Section        0  stm32f1xx_hal_tim.o(i.HAL_TIM_IC_CaptureCallback)
    i.HAL_TIM_IRQHandler                     0x08002dc2   Section        0  stm32f1xx_hal_tim.o(i.HAL_TIM_IRQHandler)
    i.HAL_TIM_OC_DelayElapsedCallback        0x08002ef2   Section        0  stm32f1xx_hal_tim.o(i.HAL_TIM_OC_DelayElapsedCallback)
    i.HAL_TIM_PWM_PulseFinishedCallback      0x08002ef4   Section        0  stm32f1xx_hal_tim.o(i.HAL_TIM_PWM_PulseFinishedCallback)
    i.HAL_TIM_PeriodElapsedCallback          0x08002ef8   Section        0  tick.o(i.HAL_TIM_PeriodElapsedCallback)
    i.HAL_TIM_TriggerCallback                0x08002fc8   Section        0  stm32f1xx_hal_tim.o(i.HAL_TIM_TriggerCallback)
    i.HAL_UARTEx_RxEventCallback             0x08002fca   Section        0  stm32f1xx_hal_uart.o(i.HAL_UARTEx_RxEventCallback)
    i.HAL_UART_ErrorCallback                 0x08002fcc   Section        0  stm32f1xx_hal_uart.o(i.HAL_UART_ErrorCallback)
    i.HAL_UART_IRQHandler                    0x08002fd0   Section        0  stm32f1xx_hal_uart.o(i.HAL_UART_IRQHandler)
    i.HAL_UART_Init                          0x0800323c   Section        0  stm32f1xx_hal_uart.o(i.HAL_UART_Init)
    i.HAL_UART_MspInit                       0x080032a0   Section        0  usart.o(i.HAL_UART_MspInit)
    i.HAL_UART_RxCpltCallback                0x08003320   Section        0  stm32f1xx_hal_uart.o(i.HAL_UART_RxCpltCallback)
    i.HAL_UART_Transmit                      0x08003322   Section        0  stm32f1xx_hal_uart.o(i.HAL_UART_Transmit)
    i.HAL_UART_TxCpltCallback                0x080033c2   Section        0  stm32f1xx_hal_uart.o(i.HAL_UART_TxCpltCallback)
    i.HardFault_Handler                      0x080033c4   Section        0  stm32f1xx_it.o(i.HardFault_Handler)
    i.MX_ADC1_Init                           0x080033c8   Section        0  adc.o(i.MX_ADC1_Init)
    i.MX_DMA_Init                            0x0800345c   Section        0  dma.o(i.MX_DMA_Init)
    i.MX_GPIO_Init                           0x08003488   Section        0  gpio.o(i.MX_GPIO_Init)
    i.MX_TIM3_Init                           0x08003560   Section        0  tim.o(i.MX_TIM3_Init)
    i.MX_USART1_UART_Init                    0x080035c8   Section        0  usart.o(i.MX_USART1_UART_Init)
    i.MemManage_Handler                      0x08003600   Section        0  stm32f1xx_it.o(i.MemManage_Handler)
    i.NMI_Handler                            0x08003602   Section        0  stm32f1xx_it.o(i.NMI_Handler)
    i.PendSV_Handler                         0x08003604   Section        0  stm32f1xx_it.o(i.PendSV_Handler)
    i.SVC_Handler                            0x08003606   Section        0  stm32f1xx_it.o(i.SVC_Handler)
    i.SysTick_Handler                        0x08003608   Section        0  stm32f1xx_it.o(i.SysTick_Handler)
    i.SystemClock_Config                     0x0800360c   Section        0  main.o(i.SystemClock_Config)
    i.SystemInit                             0x08003690   Section        0  system_stm32f1xx.o(i.SystemInit)
    i.TIM3_IRQHandler                        0x08003694   Section        0  stm32f1xx_it.o(i.TIM3_IRQHandler)
    i.TIM_Base_SetConfig                     0x080036a0   Section        0  stm32f1xx_hal_tim.o(i.TIM_Base_SetConfig)
    i.TIM_ETR_SetConfig                      0x08003728   Section        0  stm32f1xx_hal_tim.o(i.TIM_ETR_SetConfig)
    i.TIM_ITRx_SetConfig                     0x0800373c   Section        0  stm32f1xx_hal_tim.o(i.TIM_ITRx_SetConfig)
    TIM_ITRx_SetConfig                       0x0800373d   Thumb Code    16  stm32f1xx_hal_tim.o(i.TIM_ITRx_SetConfig)
    i.TIM_TI1_ConfigInputStage               0x0800374c   Section        0  stm32f1xx_hal_tim.o(i.TIM_TI1_ConfigInputStage)
    TIM_TI1_ConfigInputStage                 0x0800374d   Thumb Code    34  stm32f1xx_hal_tim.o(i.TIM_TI1_ConfigInputStage)
    i.TIM_TI2_ConfigInputStage               0x0800376e   Section        0  stm32f1xx_hal_tim.o(i.TIM_TI2_ConfigInputStage)
    TIM_TI2_ConfigInputStage                 0x0800376f   Thumb Code    36  stm32f1xx_hal_tim.o(i.TIM_TI2_ConfigInputStage)
    i.UART1_Send                             0x08003794   Section        0  usart.o(i.UART1_Send)
    i.UART_DMAAbortOnError                   0x080037a4   Section        0  stm32f1xx_hal_uart.o(i.UART_DMAAbortOnError)
    UART_DMAAbortOnError                     0x080037a5   Thumb Code    16  stm32f1xx_hal_uart.o(i.UART_DMAAbortOnError)
    i.UART_EndRxTransfer                     0x080037b4   Section        0  stm32f1xx_hal_uart.o(i.UART_EndRxTransfer)
    UART_EndRxTransfer                       0x080037b5   Thumb Code    78  stm32f1xx_hal_uart.o(i.UART_EndRxTransfer)
    i.UART_Receive_IT                        0x08003802   Section        0  stm32f1xx_hal_uart.o(i.UART_Receive_IT)
    UART_Receive_IT                          0x08003803   Thumb Code   194  stm32f1xx_hal_uart.o(i.UART_Receive_IT)
    i.UART_SetConfig                         0x080038c4   Section        0  stm32f1xx_hal_uart.o(i.UART_SetConfig)
    UART_SetConfig                           0x080038c5   Thumb Code   178  stm32f1xx_hal_uart.o(i.UART_SetConfig)
    i.UART_WaitOnFlagUntilTimeout            0x0800397c   Section        0  stm32f1xx_hal_uart.o(i.UART_WaitOnFlagUntilTimeout)
    UART_WaitOnFlagUntilTimeout              0x0800397d   Thumb Code   114  stm32f1xx_hal_uart.o(i.UART_WaitOnFlagUntilTimeout)
    i.USART1_IRQHandler                      0x080039f0   Section        0  stm32f1xx_it.o(i.USART1_IRQHandler)
    i.UsageFault_Handler                     0x080039fc   Section        0  stm32f1xx_it.o(i.UsageFault_Handler)
    i.Vehicle_GearShiftCheck                 0x08003a00   Section        0  vehicle.o(i.Vehicle_GearShiftCheck)
    i.Vehicle_GearTick                       0x08003a60   Section        0  vehicle.o(i.Vehicle_GearTick)
    i.Vehicle_Init                           0x08003a88   Section        0  vehicle.o(i.Vehicle_Init)
    i.Vehicle_LED1_Blink                     0x08003ac4   Section        0  vehicle.o(i.Vehicle_LED1_Blink)
    i.Vehicle_SensorReport                   0x08003af0   Section        0  vehicle.o(i.Vehicle_SensorReport)
    i.__ARM_fpclassify                       0x08003ba0   Section        0  fpclassify.o(i.__ARM_fpclassify)
    i.__NVIC_SetPriority                     0x08003bc8   Section        0  stm32f1xx_hal_cortex.o(i.__NVIC_SetPriority)
    __NVIC_SetPriority                       0x08003bc9   Thumb Code    32  stm32f1xx_hal_cortex.o(i.__NVIC_SetPriority)
    i._is_digit                              0x08003be8   Section        0  __printf_wp.o(i._is_digit)
    i.main                                   0x08003bf8   Section        0  main.o(i.main)
    i.tick_init                              0x08003c58   Section        0  tick.o(i.tick_init)
    locale$$code                             0x08003c64   Section       44  lc_numeric_c.o(locale$$code)
    x$fpl$dretinf                            0x08003c90   Section       12  dretinf.o(x$fpl$dretinf)
    x$fpl$f2d                                0x08003c9c   Section       86  f2d.o(x$fpl$f2d)
    x$fpl$fdiv                               0x08003cf4   Section      388  fdiv.o(x$fpl$fdiv)
    _fdiv1                                   0x08003cf5   Thumb Code     0  fdiv.o(x$fpl$fdiv)
    x$fpl$ffltu                              0x08003e78   Section       38  fflt_clz.o(x$fpl$ffltu)
    x$fpl$fmul                               0x08003ea0   Section      258  fmul.o(x$fpl$fmul)
    x$fpl$fnaninf                            0x08003fa2   Section      140  fnaninf.o(x$fpl$fnaninf)
    x$fpl$fretinf                            0x0800402e   Section       10  fretinf.o(x$fpl$fretinf)
    x$fpl$printf1                            0x08004038   Section        4  printf1.o(x$fpl$printf1)
    .constdata                               0x0800403c   Section       30  stm32f1xx_hal_rcc.o(.constdata)
    x$fpl$usenofp                            0x0800403c   Section        0  usenofp.o(x$fpl$usenofp)
    aPLLMULFactorTable                       0x0800403c   Data          14  stm32f1xx_hal_rcc.o(.constdata)
    aPredivFactorTable                       0x0800404a   Data          16  stm32f1xx_hal_rcc.o(.constdata)
    .constdata                               0x0800405a   Section       16  system_stm32f1xx.o(.constdata)
    .constdata                               0x0800406a   Section        8  system_stm32f1xx.o(.constdata)
    .constdata                               0x08004074   Section      148  bigflt0.o(.constdata)
    tenpwrs_x                                0x08004074   Data          60  bigflt0.o(.constdata)
    tenpwrs_i                                0x080040b0   Data          64  bigflt0.o(.constdata)
    locale$$data                             0x08004128   Section       28  lc_numeric_c.o(locale$$data)
    __lcnum_c_name                           0x0800412c   Data           2  lc_numeric_c.o(locale$$data)
    __lcnum_c_start                          0x08004134   Data           0  lc_numeric_c.o(locale$$data)
    __lcnum_c_point                          0x08004140   Data           0  lc_numeric_c.o(locale$$data)
    __lcnum_c_thousands                      0x08004142   Data           0  lc_numeric_c.o(locale$$data)
    __lcnum_c_grouping                       0x08004143   Data           0  lc_numeric_c.o(locale$$data)
    __lcnum_c_end                            0x08004144   Data           0  lc_numeric_c.o(locale$$data)
    .data                                    0x20000000   Section       16  adc.o(.data)
    adc_dma_buffer                           0x20000000   Data           8  adc.o(.data)
    adc_values                               0x20000008   Data           8  adc.o(.data)
    .data                                    0x20000010   Section        3  vehicle.o(.data)
    led1_is_on                               0x20000010   Data           1  vehicle.o(.data)
    gear_state                               0x20000011   Data           1  vehicle.o(.data)
    buzzer_timer                             0x20000012   Data           1  vehicle.o(.data)
    .data                                    0x20000014   Section       12  stm32f1xx_hal.o(.data)
    .data                                    0x20000020   Section        4  system_stm32f1xx.o(.data)
    .data                                    0x20000024   Section       12  tick.o(.data)
    t1ms_cnt                                 0x20000025   Data           1  tick.o(.data)
    t2ms_cnt                                 0x20000026   Data           1  tick.o(.data)
    t5ms_cnt                                 0x20000027   Data           1  tick.o(.data)
    t10ms_cnt                                0x20000028   Data           1  tick.o(.data)
    t50ms_cnt                                0x20000029   Data           1  tick.o(.data)
    t100ms_cnt                               0x2000002a   Data           1  tick.o(.data)
    t500ms_cnt                               0x2000002c   Data           2  tick.o(.data)
    t1000ms_cnt                              0x2000002e   Data           2  tick.o(.data)
    .bss                                     0x20000030   Section      144  adc.o(.bss)
    g_vehicle_sensors                        0x20000030   Data          28  adc.o(.bss)
    .bss                                     0x200000c0   Section       72  tim.o(.bss)
    .bss                                     0x20000108   Section       72  usart.o(.bss)
    .bss                                     0x20000150   Section       96  libspace.o(.bss)
    HEAP                                     0x200001b0   Section      512  startup_stm32f105xc.o(HEAP)
    Heap_Mem                                 0x200001b0   Data         512  startup_stm32f105xc.o(HEAP)
    STACK                                    0x200003b0   Section     1024  startup_stm32f105xc.o(STACK)
    Stack_Mem                                0x200003b0   Data        1024  startup_stm32f105xc.o(STACK)
    __initial_sp                             0x200007b0   Data           0  startup_stm32f105xc.o(STACK)

    Global Symbols

    Symbol Name                              Value     Ov Type        Size  Object(Section)

    BuildAttributes$$THM_ISAv4$P$D$K$B$S$PE$A:L22UL41UL21$X:L11$S22US41US21$IEEE1$IW$USESV6$~STKCKD$USESV7$~SHL$OTIME$ROPI$IEEEJ$EBA8$UX$STANDARDLIB$REQ8$PRES8$EABIv2 0x00000000   Number         0  anon$$obj.o ABSOLUTE
    __ARM_use_no_argv                        0x00000000   Number         0  main.o ABSOLUTE
    _printf_flags                            0x00000000   Number         0  printf_stubs.o ABSOLUTE
    _printf_return_value                     0x00000000   Number         0  printf_stubs.o ABSOLUTE
    _printf_sizespec                         0x00000000   Number         0  printf_stubs.o ABSOLUTE
    _printf_widthprec                        0x00000000   Number         0  printf_stubs.o ABSOLUTE
    __ARM_exceptions_init                     - Undefined Weak Reference
    __alloca_initialize                       - Undefined Weak Reference
    __arm_preinit_                            - Undefined Weak Reference
    __cpp_initialize__aeabi_                  - Undefined Weak Reference
    __cxa_finalize                            - Undefined Weak Reference
    __sigvec_lookup                           - Undefined Weak Reference
    _atexit_init                              - Undefined Weak Reference
    _call_atexit_fns                          - Undefined Weak Reference
    _clock_init                               - Undefined Weak Reference
    _fp_trap_init                             - Undefined Weak Reference
    _fp_trap_shutdown                         - Undefined Weak Reference
    _get_lc_collate                           - Undefined Weak Reference
    _get_lc_ctype                             - Undefined Weak Reference
    _get_lc_monetary                          - Undefined Weak Reference
    _get_lc_time                              - Undefined Weak Reference
    _getenv_init                              - Undefined Weak Reference
    _handle_redirection                       - Undefined Weak Reference
    _init_alloc                               - Undefined Weak Reference
    _init_user_alloc                          - Undefined Weak Reference
    _initio                                   - Undefined Weak Reference
    _printf_mbtowc                            - Undefined Weak Reference
    _printf_post_padding                      - Undefined Weak Reference
    _printf_pre_padding                       - Undefined Weak Reference
    _printf_truncate_signed                   - Undefined Weak Reference
    _printf_truncate_unsigned                 - Undefined Weak Reference
    _rand_init                                - Undefined Weak Reference
    _signal_finish                            - Undefined Weak Reference
    _signal_init                              - Undefined Weak Reference
    _terminate_alloc                          - Undefined Weak Reference
    _terminate_user_alloc                     - Undefined Weak Reference
    _terminateio                              - Undefined Weak Reference
    __Vectors_Size                           0x00000150   Number         0  startup_stm32f105xc.o ABSOLUTE
    __Vectors                                0x08000000   Data           4  startup_stm32f105xc.o(RESET)
    __Vectors_End                            0x08000150   Data           0  startup_stm32f105xc.o(RESET)
    __main                                   0x08000151   Thumb Code     8  __main.o(!!!main)
    __scatterload                            0x08000159   Thumb Code     0  __scatter.o(!!!scatter)
    __scatterload_rt2                        0x08000159   Thumb Code    44  __scatter.o(!!!scatter)
    __scatterload_rt2_thumb_only             0x08000159   Thumb Code     0  __scatter.o(!!!scatter)
    __scatterload_null                       0x08000167   Thumb Code     0  __scatter.o(!!!scatter)
    __scatterload_copy                       0x0800018d   Thumb Code    26  __scatter_copy.o(!!handler_copy)
    __scatterload_zeroinit                   0x080001a9   Thumb Code    28  __scatter_zi.o(!!handler_zi)
    _printf_f                                0x080001c5   Thumb Code     0  _printf_f.o(.ARM.Collect$$_printf_percent$$00000003)
    _printf_percent                          0x080001c5   Thumb Code     0  _printf_percent.o(.ARM.Collect$$_printf_percent$$00000000)
    _printf_d                                0x080001cb   Thumb Code     0  _printf_d.o(.ARM.Collect$$_printf_percent$$00000009)
    _printf_c                                0x080001d1   Thumb Code     0  _printf_c.o(.ARM.Collect$$_printf_percent$$00000013)
    _printf_percent_end                      0x080001d7   Thumb Code     0  _printf_percent_end.o(.ARM.Collect$$_printf_percent$$00000017)
    __rt_lib_init                            0x080001db   Thumb Code     0  libinit.o(.ARM.Collect$$libinit$$00000000)
    __rt_lib_init_fp_1                       0x080001dd   Thumb Code     0  libinit2.o(.ARM.Collect$$libinit$$00000002)
    __rt_lib_init_heap_1                     0x080001dd   Thumb Code     0  libinit2.o(.ARM.Collect$$libinit$$0000000A)
    __rt_lib_init_lc_common                  0x080001dd   Thumb Code     0  libinit2.o(.ARM.Collect$$libinit$$0000000F)
    __rt_lib_init_preinit_1                  0x080001dd   Thumb Code     0  libinit2.o(.ARM.Collect$$libinit$$00000004)
    __rt_lib_init_rand_1                     0x080001dd   Thumb Code     0  libinit2.o(.ARM.Collect$$libinit$$0000000E)
    __rt_lib_init_user_alloc_1               0x080001dd   Thumb Code     0  libinit2.o(.ARM.Collect$$libinit$$0000000C)
    __rt_lib_init_lc_collate_1               0x080001e3   Thumb Code     0  libinit2.o(.ARM.Collect$$libinit$$00000011)
    __rt_lib_init_lc_ctype_1                 0x080001e3   Thumb Code     0  libinit2.o(.ARM.Collect$$libinit$$00000013)
    __rt_lib_init_lc_monetary_1              0x080001e3   Thumb Code     0  libinit2.o(.ARM.Collect$$libinit$$00000015)
    __rt_lib_init_lc_numeric_2               0x080001e3   Thumb Code     0  libinit2.o(.ARM.Collect$$libinit$$00000016)
    __rt_lib_init_alloca_1                   0x080001ed   Thumb Code     0  libinit2.o(.ARM.Collect$$libinit$$0000002E)
    __rt_lib_init_argv_1                     0x080001ed   Thumb Code     0  libinit2.o(.ARM.Collect$$libinit$$0000002C)
    __rt_lib_init_atexit_1                   0x080001ed   Thumb Code     0  libinit2.o(.ARM.Collect$$libinit$$0000001B)
    __rt_lib_init_clock_1                    0x080001ed   Thumb Code     0  libinit2.o(.ARM.Collect$$libinit$$00000021)
    __rt_lib_init_cpp_1                      0x080001ed   Thumb Code     0  libinit2.o(.ARM.Collect$$libinit$$00000032)
    __rt_lib_init_exceptions_1               0x080001ed   Thumb Code     0  libinit2.o(.ARM.Collect$$libinit$$00000030)
    __rt_lib_init_fp_trap_1                  0x080001ed   Thumb Code     0  libinit2.o(.ARM.Collect$$libinit$$0000001F)
    __rt_lib_init_getenv_1                   0x080001ed   Thumb Code     0  libinit2.o(.ARM.Collect$$libinit$$00000023)
    __rt_lib_init_lc_numeric_1               0x080001ed   Thumb Code     0  libinit2.o(.ARM.Collect$$libinit$$00000017)
    __rt_lib_init_lc_time_1                  0x080001ed   Thumb Code     0  libinit2.o(.ARM.Collect$$libinit$$00000019)
    __rt_lib_init_return                     0x080001ed   Thumb Code     0  libinit2.o(.ARM.Collect$$libinit$$00000033)
    __rt_lib_init_signal_1                   0x080001ed   Thumb Code     0  libinit2.o(.ARM.Collect$$libinit$$0000001D)
    __rt_lib_init_stdio_1                    0x080001ed   Thumb Code     0  libinit2.o(.ARM.Collect$$libinit$$00000025)
    __rt_lib_shutdown                        0x080001ef   Thumb Code     0  libshutdown.o(.ARM.Collect$$libshutdown$$00000000)
    __rt_lib_shutdown_cpp_1                  0x080001f1   Thumb Code     0  libshutdown2.o(.ARM.Collect$$libshutdown$$00000002)
    __rt_lib_shutdown_fp_trap_1              0x080001f1   Thumb Code     0  libshutdown2.o(.ARM.Collect$$libshutdown$$00000007)
    __rt_lib_shutdown_heap_1                 0x080001f1   Thumb Code     0  libshutdown2.o(.ARM.Collect$$libshutdown$$0000000F)
    __rt_lib_shutdown_return                 0x080001f1   Thumb Code     0  libshutdown2.o(.ARM.Collect$$libshutdown$$00000010)
    __rt_lib_shutdown_signal_1               0x080001f1   Thumb Code     0  libshutdown2.o(.ARM.Collect$$libshutdown$$0000000A)
    __rt_lib_shutdown_stdio_1                0x080001f1   Thumb Code     0  libshutdown2.o(.ARM.Collect$$libshutdown$$00000004)
    __rt_lib_shutdown_user_alloc_1           0x080001f1   Thumb Code     0  libshutdown2.o(.ARM.Collect$$libshutdown$$0000000C)
    __rt_entry                               0x080001f3   Thumb Code     0  __rtentry.o(.ARM.Collect$$rtentry$$00000000)
    __rt_entry_presh_1                       0x080001f3   Thumb Code     0  __rtentry2.o(.ARM.Collect$$rtentry$$00000002)
    __rt_entry_sh                            0x080001f3   Thumb Code     0  __rtentry4.o(.ARM.Collect$$rtentry$$00000004)
    __rt_entry_li                            0x080001f9   Thumb Code     0  __rtentry2.o(.ARM.Collect$$rtentry$$0000000A)
    __rt_entry_postsh_1                      0x080001f9   Thumb Code     0  __rtentry2.o(.ARM.Collect$$rtentry$$00000009)
    __rt_entry_main                          0x080001fd   Thumb Code     0  __rtentry2.o(.ARM.Collect$$rtentry$$0000000D)
    __rt_entry_postli_1                      0x080001fd   Thumb Code     0  __rtentry2.o(.ARM.Collect$$rtentry$$0000000C)
    __rt_exit                                0x08000205   Thumb Code     0  rtexit.o(.ARM.Collect$$rtexit$$00000000)
    __rt_exit_ls                             0x08000207   Thumb Code     0  rtexit2.o(.ARM.Collect$$rtexit$$00000003)
    __rt_exit_prels_1                        0x08000207   Thumb Code     0  rtexit2.o(.ARM.Collect$$rtexit$$00000002)
    __rt_exit_exit                           0x0800020b   Thumb Code     0  rtexit2.o(.ARM.Collect$$rtexit$$00000004)
    Reset_Handler                            0x08000211   Thumb Code     8  startup_stm32f105xc.o(.text)
    ADC1_2_IRQHandler                        0x0800022b   Thumb Code     0  startup_stm32f105xc.o(.text)
    CAN1_RX0_IRQHandler                      0x0800022b   Thumb Code     0  startup_stm32f105xc.o(.text)
    CAN1_RX1_IRQHandler                      0x0800022b   Thumb Code     0  startup_stm32f105xc.o(.text)
    CAN1_SCE_IRQHandler                      0x0800022b   Thumb Code     0  startup_stm32f105xc.o(.text)
    CAN1_TX_IRQHandler                       0x0800022b   Thumb Code     0  startup_stm32f105xc.o(.text)
    CAN2_RX0_IRQHandler                      0x0800022b   Thumb Code     0  startup_stm32f105xc.o(.text)
    CAN2_RX1_IRQHandler                      0x0800022b   Thumb Code     0  startup_stm32f105xc.o(.text)
    CAN2_SCE_IRQHandler                      0x0800022b   Thumb Code     0  startup_stm32f105xc.o(.text)
    CAN2_TX_IRQHandler                       0x0800022b   Thumb Code     0  startup_stm32f105xc.o(.text)
    DMA1_Channel2_IRQHandler                 0x0800022b   Thumb Code     0  startup_stm32f105xc.o(.text)
    DMA1_Channel3_IRQHandler                 0x0800022b   Thumb Code     0  startup_stm32f105xc.o(.text)
    DMA1_Channel4_IRQHandler                 0x0800022b   Thumb Code     0  startup_stm32f105xc.o(.text)
    DMA1_Channel5_IRQHandler                 0x0800022b   Thumb Code     0  startup_stm32f105xc.o(.text)
    DMA1_Channel6_IRQHandler                 0x0800022b   Thumb Code     0  startup_stm32f105xc.o(.text)
    DMA1_Channel7_IRQHandler                 0x0800022b   Thumb Code     0  startup_stm32f105xc.o(.text)
    DMA2_Channel1_IRQHandler                 0x0800022b   Thumb Code     0  startup_stm32f105xc.o(.text)
    DMA2_Channel2_IRQHandler                 0x0800022b   Thumb Code     0  startup_stm32f105xc.o(.text)
    DMA2_Channel3_IRQHandler                 0x0800022b   Thumb Code     0  startup_stm32f105xc.o(.text)
    DMA2_Channel4_IRQHandler                 0x0800022b   Thumb Code     0  startup_stm32f105xc.o(.text)
    DMA2_Channel5_IRQHandler                 0x0800022b   Thumb Code     0  startup_stm32f105xc.o(.text)
    EXTI0_IRQHandler                         0x0800022b   Thumb Code     0  startup_stm32f105xc.o(.text)
    EXTI15_10_IRQHandler                     0x0800022b   Thumb Code     0  startup_stm32f105xc.o(.text)
    EXTI1_IRQHandler                         0x0800022b   Thumb Code     0  startup_stm32f105xc.o(.text)
    EXTI2_IRQHandler                         0x0800022b   Thumb Code     0  startup_stm32f105xc.o(.text)
    EXTI3_IRQHandler                         0x0800022b   Thumb Code     0  startup_stm32f105xc.o(.text)
    EXTI4_IRQHandler                         0x0800022b   Thumb Code     0  startup_stm32f105xc.o(.text)
    EXTI9_5_IRQHandler                       0x0800022b   Thumb Code     0  startup_stm32f105xc.o(.text)
    FLASH_IRQHandler                         0x0800022b   Thumb Code     0  startup_stm32f105xc.o(.text)
    I2C1_ER_IRQHandler                       0x0800022b   Thumb Code     0  startup_stm32f105xc.o(.text)
    I2C1_EV_IRQHandler                       0x0800022b   Thumb Code     0  startup_stm32f105xc.o(.text)
    I2C2_ER_IRQHandler                       0x0800022b   Thumb Code     0  startup_stm32f105xc.o(.text)
    I2C2_EV_IRQHandler                       0x0800022b   Thumb Code     0  startup_stm32f105xc.o(.text)
    OTG_FS_IRQHandler                        0x0800022b   Thumb Code     0  startup_stm32f105xc.o(.text)
    OTG_FS_WKUP_IRQHandler                   0x0800022b   Thumb Code     0  startup_stm32f105xc.o(.text)
    PVD_IRQHandler                           0x0800022b   Thumb Code     0  startup_stm32f105xc.o(.text)
    RCC_IRQHandler                           0x0800022b   Thumb Code     0  startup_stm32f105xc.o(.text)
    RTC_Alarm_IRQHandler                     0x0800022b   Thumb Code     0  startup_stm32f105xc.o(.text)
    RTC_IRQHandler                           0x0800022b   Thumb Code     0  startup_stm32f105xc.o(.text)
    SPI1_IRQHandler                          0x0800022b   Thumb Code     0  startup_stm32f105xc.o(.text)
    SPI2_IRQHandler                          0x0800022b   Thumb Code     0  startup_stm32f105xc.o(.text)
    SPI3_IRQHandler                          0x0800022b   Thumb Code     0  startup_stm32f105xc.o(.text)
    TAMPER_IRQHandler                        0x0800022b   Thumb Code     0  startup_stm32f105xc.o(.text)
    TIM1_BRK_IRQHandler                      0x0800022b   Thumb Code     0  startup_stm32f105xc.o(.text)
    TIM1_CC_IRQHandler                       0x0800022b   Thumb Code     0  startup_stm32f105xc.o(.text)
    TIM1_TRG_COM_IRQHandler                  0x0800022b   Thumb Code     0  startup_stm32f105xc.o(.text)
    TIM1_UP_IRQHandler                       0x0800022b   Thumb Code     0  startup_stm32f105xc.o(.text)
    TIM2_IRQHandler                          0x0800022b   Thumb Code     0  startup_stm32f105xc.o(.text)
    TIM4_IRQHandler                          0x0800022b   Thumb Code     0  startup_stm32f105xc.o(.text)
    TIM5_IRQHandler                          0x0800022b   Thumb Code     0  startup_stm32f105xc.o(.text)
    TIM6_IRQHandler                          0x0800022b   Thumb Code     0  startup_stm32f105xc.o(.text)
    TIM7_IRQHandler                          0x0800022b   Thumb Code     0  startup_stm32f105xc.o(.text)
    UART4_IRQHandler                         0x0800022b   Thumb Code     0  startup_stm32f105xc.o(.text)
    UART5_IRQHandler                         0x0800022b   Thumb Code     0  startup_stm32f105xc.o(.text)
    USART2_IRQHandler                        0x0800022b   Thumb Code     0  startup_stm32f105xc.o(.text)
    USART3_IRQHandler                        0x0800022b   Thumb Code     0  startup_stm32f105xc.o(.text)
    WWDG_IRQHandler                          0x0800022b   Thumb Code     0  startup_stm32f105xc.o(.text)
    __user_initial_stackheap                 0x0800022d   Thumb Code     0  startup_stm32f105xc.o(.text)
    __aeabi_uldivmod                         0x08000251   Thumb Code     0  lludivv7m.o(.text)
    _ll_udiv                                 0x08000251   Thumb Code   238  lludivv7m.o(.text)
    __2snprintf                              0x08000341   Thumb Code    50  __2snprintf.o(.text)
    _printf_str                              0x08000379   Thumb Code    82  _printf_str.o(.text)
    _printf_int_dec                          0x080003cd   Thumb Code   104  _printf_dec.o(.text)
    __printf                                 0x08000445   Thumb Code   270  __printf_wp.o(.text)
    __aeabi_memclr4                          0x08000553   Thumb Code     0  rt_memclr_w.o(.text)
    __aeabi_memclr8                          0x08000553   Thumb Code     0  rt_memclr_w.o(.text)
    __rt_memclr_w                            0x08000553   Thumb Code    78  rt_memclr_w.o(.text)
    _memset_w                                0x08000557   Thumb Code     0  rt_memclr_w.o(.text)
    __use_two_region_memory                  0x080005a1   Thumb Code     2  heapauxi.o(.text)
    __rt_heap_escrow$2region                 0x080005a3   Thumb Code     2  heapauxi.o(.text)
    __rt_heap_expand$2region                 0x080005a5   Thumb Code     2  heapauxi.o(.text)
    _printf_int_common                       0x080005a7   Thumb Code   178  _printf_intcommon.o(.text)
    __lib_sel_fp_printf                      0x08000659   Thumb Code     2  _printf_fp_dec.o(.text)
    _printf_fp_dec_real                      0x0800080b   Thumb Code   620  _printf_fp_dec.o(.text)
    _printf_char_common                      0x08000a83   Thumb Code    32  _printf_char_common.o(.text)
    _sputc                                   0x08000aa9   Thumb Code    10  _sputc.o(.text)
    _snputc                                  0x08000ab3   Thumb Code    16  _snputc.o(.text)
    _printf_cs_common                        0x08000ac3   Thumb Code    20  _printf_char.o(.text)
    _printf_char                             0x08000ad7   Thumb Code    16  _printf_char.o(.text)
    _printf_string                           0x08000ae7   Thumb Code     8  _printf_char.o(.text)
    __rt_locale                              0x08000af1   Thumb Code     8  rt_locale_intlibspace.o(.text)
    _ll_udiv10                               0x08000af9   Thumb Code   138  lludiv10.o(.text)
    _printf_fp_infnan                        0x08000b85   Thumb Code   112  _printf_fp_infnan.o(.text)
    _btod_etento                             0x08000c05   Thumb Code   224  bigflt0.o(.text)
    __user_libspace                          0x08000ce9   Thumb Code     8  libspace.o(.text)
    __user_perproc_libspace                  0x08000ce9   Thumb Code     0  libspace.o(.text)
    __user_perthread_libspace                0x08000ce9   Thumb Code     0  libspace.o(.text)
    __user_setup_stackheap                   0x08000cf1   Thumb Code    74  sys_stackheap_outer.o(.text)
    exit                                     0x08000d3b   Thumb Code    18  exit.o(.text)
    strcmp                                   0x08000d4d   Thumb Code   128  strcmpv7m.o(.text)
    _sys_exit                                0x08000dcd   Thumb Code     8  sys_exit.o(.text)
    __I$use$semihosting                      0x08000dd9   Thumb Code     0  use_no_semi.o(.text)
    __use_no_semihosting_swi                 0x08000dd9   Thumb Code     2  use_no_semi.o(.text)
    __semihosting_library_function           0x08000ddb   Thumb Code     0  indicate_semi.o(.text)
    _btod_d2e                                0x08000ddb   Thumb Code    62  btod.o(CL$$btod_d2e)
    _d2e_denorm_low                          0x08000e19   Thumb Code    70  btod.o(CL$$btod_d2e_denorm_low)
    _d2e_norm_op1                            0x08000e5f   Thumb Code    96  btod.o(CL$$btod_d2e_norm_op1)
    __btod_div_common                        0x08000ebf   Thumb Code   696  btod.o(CL$$btod_div_common)
    _e2e                                     0x080011f7   Thumb Code   220  btod.o(CL$$btod_e2e)
    _btod_ediv                               0x080012d3   Thumb Code    42  btod.o(CL$$btod_ediv)
    _btod_emul                               0x080012fd   Thumb Code    42  btod.o(CL$$btod_emul)
    __btod_mult_common                       0x08001327   Thumb Code   580  btod.o(CL$$btod_mult_common)
    ADC_ConversionStop_Disable               0x0800156d   Thumb Code    86  stm32f1xx_hal_adc.o(i.ADC_ConversionStop_Disable)
    ADC_DMAConvCplt                          0x080015c3   Thumb Code    78  stm32f1xx_hal_adc.o(i.ADC_DMAConvCplt)
    ADC_DMAError                             0x08001611   Thumb Code    26  stm32f1xx_hal_adc.o(i.ADC_DMAError)
    ADC_DMAHalfConvCplt                      0x0800162b   Thumb Code    10  stm32f1xx_hal_adc.o(i.ADC_DMAHalfConvCplt)
    ADC_Enable                               0x08001635   Thumb Code   114  stm32f1xx_hal_adc.o(i.ADC_Enable)
    ADC_GetRawValues                         0x080016b1   Thumb Code    24  adc.o(i.ADC_GetRawValues)
    ADC_GetSensorHandle                      0x080016cd   Thumb Code     4  adc.o(i.ADC_GetSensorHandle)
    ADC_ProcessSensorData                    0x080016d5   Thumb Code   214  adc.o(i.ADC_ProcessSensorData)
    ADC_StartDMA                             0x080017d5   Thumb Code    10  adc.o(i.ADC_StartDMA)
    BusFault_Handler                         0x080017e9   Thumb Code     2  stm32f1xx_it.o(i.BusFault_Handler)
    DMA1_Channel1_IRQHandler                 0x080017ed   Thumb Code     6  stm32f1xx_it.o(i.DMA1_Channel1_IRQHandler)
    DebugMon_Handler                         0x08001823   Thumb Code     2  stm32f1xx_it.o(i.DebugMon_Handler)
    Error_Handler                            0x08001825   Thumb Code     4  main.o(i.Error_Handler)
    HAL_ADC_ConfigChannel                    0x08001829   Thumb Code   240  stm32f1xx_hal_adc.o(i.HAL_ADC_ConfigChannel)
    HAL_ADC_ConvCpltCallback                 0x08001925   Thumb Code    32  adc.o(i.HAL_ADC_ConvCpltCallback)
    HAL_ADC_ConvHalfCpltCallback             0x0800194d   Thumb Code     2  stm32f1xx_hal_adc.o(i.HAL_ADC_ConvHalfCpltCallback)
    HAL_ADC_ErrorCallback                    0x0800194f   Thumb Code     2  stm32f1xx_hal_adc.o(i.HAL_ADC_ErrorCallback)
    HAL_ADC_Init                             0x08001951   Thumb Code   272  stm32f1xx_hal_adc.o(i.HAL_ADC_Init)
    HAL_ADC_MspInit                          0x08001a6d   Thumb Code   122  adc.o(i.HAL_ADC_MspInit)
    HAL_ADC_Start_DMA                        0x08001afd   Thumb Code   246  stm32f1xx_hal_adc.o(i.HAL_ADC_Start_DMA)
    HAL_DMA_Abort                            0x08001c09   Thumb Code    70  stm32f1xx_hal_dma.o(i.HAL_DMA_Abort)
    HAL_DMA_Abort_IT                         0x08001c51   Thumb Code   296  stm32f1xx_hal_dma.o(i.HAL_DMA_Abort_IT)
    HAL_DMA_IRQHandler                       0x08001d81   Thumb Code   552  stm32f1xx_hal_dma.o(i.HAL_DMA_IRQHandler)
    HAL_DMA_Init                             0x08001fc9   Thumb Code   112  stm32f1xx_hal_dma.o(i.HAL_DMA_Init)
    HAL_DMA_Start_IT                         0x08002045   Thumb Code   112  stm32f1xx_hal_dma.o(i.HAL_DMA_Start_IT)
    HAL_GPIO_Init                            0x080020b5   Thumb Code   446  stm32f1xx_hal_gpio.o(i.HAL_GPIO_Init)
    HAL_GPIO_ReadPin                         0x08002295   Thumb Code    10  stm32f1xx_hal_gpio.o(i.HAL_GPIO_ReadPin)
    HAL_GPIO_WritePin                        0x0800229f   Thumb Code    10  stm32f1xx_hal_gpio.o(i.HAL_GPIO_WritePin)
    HAL_GetTick                              0x080022a9   Thumb Code     6  stm32f1xx_hal.o(i.HAL_GetTick)
    HAL_IncTick                              0x080022b5   Thumb Code    12  stm32f1xx_hal.o(i.HAL_IncTick)
    HAL_Init                                 0x080022c5   Thumb Code    32  stm32f1xx_hal.o(i.HAL_Init)
    HAL_InitTick                             0x080022e9   Thumb Code    54  stm32f1xx_hal.o(i.HAL_InitTick)
    HAL_MspInit                              0x08002329   Thumb Code    52  stm32f1xx_hal_msp.o(i.HAL_MspInit)
    HAL_NVIC_EnableIRQ                       0x08002365   Thumb Code    26  stm32f1xx_hal_cortex.o(i.HAL_NVIC_EnableIRQ)
    HAL_NVIC_SetPriority                     0x08002381   Thumb Code    60  stm32f1xx_hal_cortex.o(i.HAL_NVIC_SetPriority)
    HAL_NVIC_SetPriorityGrouping             0x080023c1   Thumb Code    26  stm32f1xx_hal_cortex.o(i.HAL_NVIC_SetPriorityGrouping)
    HAL_RCCEx_PeriphCLKConfig                0x080023e5   Thumb Code   374  stm32f1xx_hal_rcc_ex.o(i.HAL_RCCEx_PeriphCLKConfig)
    HAL_RCC_ClockConfig                      0x0800256d   Thumb Code   280  stm32f1xx_hal_rcc.o(i.HAL_RCC_ClockConfig)
    HAL_RCC_GetPCLK1Freq                     0x08002699   Thumb Code    20  stm32f1xx_hal_rcc.o(i.HAL_RCC_GetPCLK1Freq)
    HAL_RCC_GetPCLK2Freq                     0x080026b9   Thumb Code    20  stm32f1xx_hal_rcc.o(i.HAL_RCC_GetPCLK2Freq)
    HAL_RCC_GetSysClockFreq                  0x080026d9   Thumb Code   122  stm32f1xx_hal_rcc.o(i.HAL_RCC_GetSysClockFreq)
    HAL_RCC_OscConfig                        0x08002765   Thumb Code   974  stm32f1xx_hal_rcc.o(i.HAL_RCC_OscConfig)
    HAL_SYSTICK_Config                       0x08002b49   Thumb Code    40  stm32f1xx_hal_cortex.o(i.HAL_SYSTICK_Config)
    HAL_TIMEx_BreakCallback                  0x08002b71   Thumb Code     2  stm32f1xx_hal_tim_ex.o(i.HAL_TIMEx_BreakCallback)
    HAL_TIMEx_CommutCallback                 0x08002b73   Thumb Code     2  stm32f1xx_hal_tim_ex.o(i.HAL_TIMEx_CommutCallback)
    HAL_TIMEx_MasterConfigSynchronization    0x08002b75   Thumb Code    98  stm32f1xx_hal_tim_ex.o(i.HAL_TIMEx_MasterConfigSynchronization)
    HAL_TIM_Base_Init                        0x08002be9   Thumb Code    90  stm32f1xx_hal_tim.o(i.HAL_TIM_Base_Init)
    HAL_TIM_Base_MspInit                     0x08002c45   Thumb Code    50  tim.o(i.HAL_TIM_Base_MspInit)
    HAL_TIM_Base_Start_IT                    0x08002c81   Thumb Code    82  stm32f1xx_hal_tim.o(i.HAL_TIM_Base_Start_IT)
    HAL_TIM_ConfigClockSource                0x08002ce5   Thumb Code   220  stm32f1xx_hal_tim.o(i.HAL_TIM_ConfigClockSource)
    HAL_TIM_IC_CaptureCallback               0x08002dc1   Thumb Code     2  stm32f1xx_hal_tim.o(i.HAL_TIM_IC_CaptureCallback)
    HAL_TIM_IRQHandler                       0x08002dc3   Thumb Code   304  stm32f1xx_hal_tim.o(i.HAL_TIM_IRQHandler)
    HAL_TIM_OC_DelayElapsedCallback          0x08002ef3   Thumb Code     2  stm32f1xx_hal_tim.o(i.HAL_TIM_OC_DelayElapsedCallback)
    HAL_TIM_PWM_PulseFinishedCallback        0x08002ef5   Thumb Code     2  stm32f1xx_hal_tim.o(i.HAL_TIM_PWM_PulseFinishedCallback)
    HAL_TIM_PeriodElapsedCallback            0x08002ef9   Thumb Code   198  tick.o(i.HAL_TIM_PeriodElapsedCallback)
    HAL_TIM_TriggerCallback                  0x08002fc9   Thumb Code     2  stm32f1xx_hal_tim.o(i.HAL_TIM_TriggerCallback)
    HAL_UARTEx_RxEventCallback               0x08002fcb   Thumb Code     2  stm32f1xx_hal_uart.o(i.HAL_UARTEx_RxEventCallback)
    HAL_UART_ErrorCallback                   0x08002fcd   Thumb Code     2  stm32f1xx_hal_uart.o(i.HAL_UART_ErrorCallback)
    HAL_UART_IRQHandler                      0x08002fd1   Thumb Code   616  stm32f1xx_hal_uart.o(i.HAL_UART_IRQHandler)
    HAL_UART_Init                            0x0800323d   Thumb Code   100  stm32f1xx_hal_uart.o(i.HAL_UART_Init)
    HAL_UART_MspInit                         0x080032a1   Thumb Code   116  usart.o(i.HAL_UART_MspInit)
    HAL_UART_RxCpltCallback                  0x08003321   Thumb Code     2  stm32f1xx_hal_uart.o(i.HAL_UART_RxCpltCallback)
    HAL_UART_Transmit                        0x08003323   Thumb Code   160  stm32f1xx_hal_uart.o(i.HAL_UART_Transmit)
    HAL_UART_TxCpltCallback                  0x080033c3   Thumb Code     2  stm32f1xx_hal_uart.o(i.HAL_UART_TxCpltCallback)
    HardFault_Handler                        0x080033c5   Thumb Code     2  stm32f1xx_it.o(i.HardFault_Handler)
    MX_ADC1_Init                             0x080033c9   Thumb Code   138  adc.o(i.MX_ADC1_Init)
    MX_DMA_Init                              0x0800345d   Thumb Code    40  dma.o(i.MX_DMA_Init)
    MX_GPIO_Init                             0x08003489   Thumb Code   198  gpio.o(i.MX_GPIO_Init)
    MX_TIM3_Init                             0x08003561   Thumb Code    94  tim.o(i.MX_TIM3_Init)
    MX_USART1_UART_Init                      0x080035c9   Thumb Code    48  usart.o(i.MX_USART1_UART_Init)
    MemManage_Handler                        0x08003601   Thumb Code     2  stm32f1xx_it.o(i.MemManage_Handler)
    NMI_Handler                              0x08003603   Thumb Code     2  stm32f1xx_it.o(i.NMI_Handler)
    PendSV_Handler                           0x08003605   Thumb Code     2  stm32f1xx_it.o(i.PendSV_Handler)
    SVC_Handler                              0x08003607   Thumb Code     2  stm32f1xx_it.o(i.SVC_Handler)
    SysTick_Handler                          0x08003609   Thumb Code     4  stm32f1xx_it.o(i.SysTick_Handler)
    SystemClock_Config                       0x0800360d   Thumb Code   128  main.o(i.SystemClock_Config)
    SystemInit                               0x08003691   Thumb Code     2  system_stm32f1xx.o(i.SystemInit)
    TIM3_IRQHandler                          0x08003695   Thumb Code     6  stm32f1xx_it.o(i.TIM3_IRQHandler)
    TIM_Base_SetConfig                       0x080036a1   Thumb Code   120  stm32f1xx_hal_tim.o(i.TIM_Base_SetConfig)
    TIM_ETR_SetConfig                        0x08003729   Thumb Code    20  stm32f1xx_hal_tim.o(i.TIM_ETR_SetConfig)
    UART1_Send                               0x08003795   Thumb Code    12  usart.o(i.UART1_Send)
    USART1_IRQHandler                        0x080039f1   Thumb Code     6  stm32f1xx_it.o(i.USART1_IRQHandler)
    UsageFault_Handler                       0x080039fd   Thumb Code     2  stm32f1xx_it.o(i.UsageFault_Handler)
    Vehicle_GearShiftCheck                   0x08003a01   Thumb Code    76  vehicle.o(i.Vehicle_GearShiftCheck)
    Vehicle_GearTick                         0x08003a61   Thumb Code    32  vehicle.o(i.Vehicle_GearTick)
    Vehicle_Init                             0x08003a89   Thumb Code    46  vehicle.o(i.Vehicle_Init)
    Vehicle_LED1_Blink                       0x08003ac5   Thumb Code    36  vehicle.o(i.Vehicle_LED1_Blink)
    Vehicle_SensorReport                     0x08003af1   Thumb Code   108  vehicle.o(i.Vehicle_SensorReport)
    __ARM_fpclassify                         0x08003ba1   Thumb Code    40  fpclassify.o(i.__ARM_fpclassify)
    _is_digit                                0x08003be9   Thumb Code    14  __printf_wp.o(i._is_digit)
    main                                     0x08003bf9   Thumb Code    90  main.o(i.main)
    tick_init                                0x08003c59   Thumb Code     6  tick.o(i.tick_init)
    _get_lc_numeric                          0x08003c65   Thumb Code    44  lc_numeric_c.o(locale$$code)
    __fpl_dretinf                            0x08003c91   Thumb Code    12  dretinf.o(x$fpl$dretinf)
    __aeabi_f2d                              0x08003c9d   Thumb Code     0  f2d.o(x$fpl$f2d)
    _f2d                                     0x08003c9d   Thumb Code    86  f2d.o(x$fpl$f2d)
    __aeabi_fdiv                             0x08003cf5   Thumb Code     0  fdiv.o(x$fpl$fdiv)
    _fdiv                                    0x08003cf5   Thumb Code   384  fdiv.o(x$fpl$fdiv)
    __aeabi_ui2f                             0x08003e79   Thumb Code     0  fflt_clz.o(x$fpl$ffltu)
    _ffltu                                   0x08003e79   Thumb Code    38  fflt_clz.o(x$fpl$ffltu)
    __aeabi_fmul                             0x08003ea1   Thumb Code     0  fmul.o(x$fpl$fmul)
    _fmul                                    0x08003ea1   Thumb Code   258  fmul.o(x$fpl$fmul)
    __fpl_fnaninf                            0x08003fa3   Thumb Code   140  fnaninf.o(x$fpl$fnaninf)
    __fpl_fretinf                            0x0800402f   Thumb Code    10  fretinf.o(x$fpl$fretinf)
    _printf_fp_dec                           0x08004039   Thumb Code     4  printf1.o(x$fpl$printf1)
    __I$use$fp                               0x0800403c   Number         0  usenofp.o(x$fpl$usenofp)
    AHBPrescTable                            0x0800405a   Data          16  system_stm32f1xx.o(.constdata)
    APBPrescTable                            0x0800406a   Data           8  system_stm32f1xx.o(.constdata)
    Region$$Table$$Base                      0x08004108   Number         0  anon$$obj.o(Region$$Table)
    Region$$Table$$Limit                     0x08004128   Number         0  anon$$obj.o(Region$$Table)
    uwTickFreq                               0x20000014   Data           1  stm32f1xx_hal.o(.data)
    uwTickPrio                               0x20000018   Data           4  stm32f1xx_hal.o(.data)
    uwTick                                   0x2000001c   Data           4  stm32f1xx_hal.o(.data)
    SystemCoreClock                          0x20000020   Data           4  system_stm32f1xx.o(.data)
    time_flag                                0x20000024   Data           1  tick.o(.data)
    hadc1                                    0x2000004c   Data          48  adc.o(.bss)
    hdma_adc1                                0x2000007c   Data          68  adc.o(.bss)
    htim3                                    0x200000c0   Data          72  tim.o(.bss)
    huart1                                   0x20000108   Data          72  usart.o(.bss)
    __libspace_start                         0x20000150   Data          96  libspace.o(.bss)
    __temporary_stack_top$libspace           0x200001b0   Data           0  libspace.o(.bss)



==============================================================================

Memory Map of the image

  Image Entry point : 0x08000151

  Load Region LR_IROM1 (Base: 0x08000000, Size: 0x00004174, Max: 0x00040000, ABSOLUTE)

    Execution Region ER_IROM1 (Exec base: 0x08000000, Load base: 0x08000000, Size: 0x00004144, Max: 0x00040000, ABSOLUTE)

    Exec Addr    Load Addr    Size         Type   Attr      Idx    E Section Name        Object

    0x08000000   0x08000000   0x00000150   Data   RO            3    RESET               startup_stm32f105xc.o
    0x08000150   0x08000150   0x00000008   Code   RO         3388  * !!!main             c_w.l(__main.o)
    0x08000158   0x08000158   0x00000034   Code   RO         3636    !!!scatter          c_w.l(__scatter.o)
    0x0800018c   0x0800018c   0x0000001a   Code   RO         3638    !!handler_copy      c_w.l(__scatter_copy.o)
    0x080001a6   0x080001a6   0x00000002   PAD
    0x080001a8   0x080001a8   0x0000001c   Code   RO         3640    !!handler_zi        c_w.l(__scatter_zi.o)
    0x080001c4   0x080001c4   0x00000000   Code   RO         3383    .ARM.Collect$$_printf_percent$$00000000  c_w.l(_printf_percent.o)
    0x080001c4   0x080001c4   0x00000006   Code   RO         3382    .ARM.Collect$$_printf_percent$$00000003  c_w.l(_printf_f.o)
    0x080001ca   0x080001ca   0x00000006   Code   RO         3381    .ARM.Collect$$_printf_percent$$00000009  c_w.l(_printf_d.o)
    0x080001d0   0x080001d0   0x00000006   Code   RO         3380    .ARM.Collect$$_printf_percent$$00000013  c_w.l(_printf_c.o)
    0x080001d6   0x080001d6   0x00000004   Code   RO         3423    .ARM.Collect$$_printf_percent$$00000017  c_w.l(_printf_percent_end.o)
    0x080001da   0x080001da   0x00000002   Code   RO         3509    .ARM.Collect$$libinit$$00000000  c_w.l(libinit.o)
    0x080001dc   0x080001dc   0x00000000   Code   RO         3511    .ARM.Collect$$libinit$$00000002  c_w.l(libinit2.o)
    0x080001dc   0x080001dc   0x00000000   Code   RO         3513    .ARM.Collect$$libinit$$00000004  c_w.l(libinit2.o)
    0x080001dc   0x080001dc   0x00000000   Code   RO         3516    .ARM.Collect$$libinit$$0000000A  c_w.l(libinit2.o)
    0x080001dc   0x080001dc   0x00000000   Code   RO         3518    .ARM.Collect$$libinit$$0000000C  c_w.l(libinit2.o)
    0x080001dc   0x080001dc   0x00000000   Code   RO         3520    .ARM.Collect$$libinit$$0000000E  c_w.l(libinit2.o)
    0x080001dc   0x080001dc   0x00000006   Code   RO         3521    .ARM.Collect$$libinit$$0000000F  c_w.l(libinit2.o)
    0x080001e2   0x080001e2   0x00000000   Code   RO         3523    .ARM.Collect$$libinit$$00000011  c_w.l(libinit2.o)
    0x080001e2   0x080001e2   0x00000000   Code   RO         3525    .ARM.Collect$$libinit$$00000013  c_w.l(libinit2.o)
    0x080001e2   0x080001e2   0x00000000   Code   RO         3527    .ARM.Collect$$libinit$$00000015  c_w.l(libinit2.o)
    0x080001e2   0x080001e2   0x0000000a   Code   RO         3528    .ARM.Collect$$libinit$$00000016  c_w.l(libinit2.o)
    0x080001ec   0x080001ec   0x00000000   Code   RO         3529    .ARM.Collect$$libinit$$00000017  c_w.l(libinit2.o)
    0x080001ec   0x080001ec   0x00000000   Code   RO         3531    .ARM.Collect$$libinit$$00000019  c_w.l(libinit2.o)
    0x080001ec   0x080001ec   0x00000000   Code   RO         3533    .ARM.Collect$$libinit$$0000001B  c_w.l(libinit2.o)
    0x080001ec   0x080001ec   0x00000000   Code   RO         3535    .ARM.Collect$$libinit$$0000001D  c_w.l(libinit2.o)
    0x080001ec   0x080001ec   0x00000000   Code   RO         3537    .ARM.Collect$$libinit$$0000001F  c_w.l(libinit2.o)
    0x080001ec   0x080001ec   0x00000000   Code   RO         3539    .ARM.Collect$$libinit$$00000021  c_w.l(libinit2.o)
    0x080001ec   0x080001ec   0x00000000   Code   RO         3541    .ARM.Collect$$libinit$$00000023  c_w.l(libinit2.o)
    0x080001ec   0x080001ec   0x00000000   Code   RO         3543    .ARM.Collect$$libinit$$00000025  c_w.l(libinit2.o)
    0x080001ec   0x080001ec   0x00000000   Code   RO         3547    .ARM.Collect$$libinit$$0000002C  c_w.l(libinit2.o)
    0x080001ec   0x080001ec   0x00000000   Code   RO         3549    .ARM.Collect$$libinit$$0000002E  c_w.l(libinit2.o)
    0x080001ec   0x080001ec   0x00000000   Code   RO         3551    .ARM.Collect$$libinit$$00000030  c_w.l(libinit2.o)
    0x080001ec   0x080001ec   0x00000000   Code   RO         3553    .ARM.Collect$$libinit$$00000032  c_w.l(libinit2.o)
    0x080001ec   0x080001ec   0x00000002   Code   RO         3554    .ARM.Collect$$libinit$$00000033  c_w.l(libinit2.o)
    0x080001ee   0x080001ee   0x00000002   Code   RO         3601    .ARM.Collect$$libshutdown$$00000000  c_w.l(libshutdown.o)
    0x080001f0   0x080001f0   0x00000000   Code   RO         3619    .ARM.Collect$$libshutdown$$00000002  c_w.l(libshutdown2.o)
    0x080001f0   0x080001f0   0x00000000   Code   RO         3621    .ARM.Collect$$libshutdown$$00000004  c_w.l(libshutdown2.o)
    0x080001f0   0x080001f0   0x00000000   Code   RO         3624    .ARM.Collect$$libshutdown$$00000007  c_w.l(libshutdown2.o)
    0x080001f0   0x080001f0   0x00000000   Code   RO         3627    .ARM.Collect$$libshutdown$$0000000A  c_w.l(libshutdown2.o)
    0x080001f0   0x080001f0   0x00000000   Code   RO         3629    .ARM.Collect$$libshutdown$$0000000C  c_w.l(libshutdown2.o)
    0x080001f0   0x080001f0   0x00000000   Code   RO         3632    .ARM.Collect$$libshutdown$$0000000F  c_w.l(libshutdown2.o)
    0x080001f0   0x080001f0   0x00000002   Code   RO         3633    .ARM.Collect$$libshutdown$$00000010  c_w.l(libshutdown2.o)
    0x080001f2   0x080001f2   0x00000000   Code   RO         3406    .ARM.Collect$$rtentry$$00000000  c_w.l(__rtentry.o)
    0x080001f2   0x080001f2   0x00000000   Code   RO         3432    .ARM.Collect$$rtentry$$00000002  c_w.l(__rtentry2.o)
    0x080001f2   0x080001f2   0x00000006   Code   RO         3444    .ARM.Collect$$rtentry$$00000004  c_w.l(__rtentry4.o)
    0x080001f8   0x080001f8   0x00000000   Code   RO         3434    .ARM.Collect$$rtentry$$00000009  c_w.l(__rtentry2.o)
    0x080001f8   0x080001f8   0x00000004   Code   RO         3435    .ARM.Collect$$rtentry$$0000000A  c_w.l(__rtentry2.o)
    0x080001fc   0x080001fc   0x00000000   Code   RO         3437    .ARM.Collect$$rtentry$$0000000C  c_w.l(__rtentry2.o)
    0x080001fc   0x080001fc   0x00000008   Code   RO         3438    .ARM.Collect$$rtentry$$0000000D  c_w.l(__rtentry2.o)
    0x08000204   0x08000204   0x00000002   Code   RO         3555    .ARM.Collect$$rtexit$$00000000  c_w.l(rtexit.o)
    0x08000206   0x08000206   0x00000000   Code   RO         3570    .ARM.Collect$$rtexit$$00000002  c_w.l(rtexit2.o)
    0x08000206   0x08000206   0x00000004   Code   RO         3571    .ARM.Collect$$rtexit$$00000003  c_w.l(rtexit2.o)
    0x0800020a   0x0800020a   0x00000006   Code   RO         3572    .ARM.Collect$$rtexit$$00000004  c_w.l(rtexit2.o)
    0x08000210   0x08000210   0x00000040   Code   RO            4    .text               startup_stm32f105xc.o
    0x08000250   0x08000250   0x000000ee   Code   RO         3346    .text               c_w.l(lludivv7m.o)
    0x0800033e   0x0800033e   0x00000002   PAD
    0x08000340   0x08000340   0x00000038   Code   RO         3350    .text               c_w.l(__2snprintf.o)
    0x08000378   0x08000378   0x00000052   Code   RO         3356    .text               c_w.l(_printf_str.o)
    0x080003ca   0x080003ca   0x00000002   PAD
    0x080003cc   0x080003cc   0x00000078   Code   RO         3358    .text               c_w.l(_printf_dec.o)
    0x08000444   0x08000444   0x0000010e   Code   RO         3368    .text               c_w.l(__printf_wp.o)
    0x08000552   0x08000552   0x0000004e   Code   RO         3384    .text               c_w.l(rt_memclr_w.o)
    0x080005a0   0x080005a0   0x00000006   Code   RO         3386    .text               c_w.l(heapauxi.o)
    0x080005a6   0x080005a6   0x000000b2   Code   RO         3411    .text               c_w.l(_printf_intcommon.o)
    0x08000658   0x08000658   0x0000041e   Code   RO         3413    .text               c_w.l(_printf_fp_dec.o)
    0x08000a76   0x08000a76   0x00000002   PAD
    0x08000a78   0x08000a78   0x00000030   Code   RO         3415    .text               c_w.l(_printf_char_common.o)
    0x08000aa8   0x08000aa8   0x0000000a   Code   RO         3417    .text               c_w.l(_sputc.o)
    0x08000ab2   0x08000ab2   0x00000010   Code   RO         3419    .text               c_w.l(_snputc.o)
    0x08000ac2   0x08000ac2   0x0000002c   Code   RO         3421    .text               c_w.l(_printf_char.o)
    0x08000aee   0x08000aee   0x00000002   PAD
    0x08000af0   0x08000af0   0x00000008   Code   RO         3451    .text               c_w.l(rt_locale_intlibspace.o)
    0x08000af8   0x08000af8   0x0000008a   Code   RO         3453    .text               c_w.l(lludiv10.o)
    0x08000b82   0x08000b82   0x00000002   PAD
    0x08000b84   0x08000b84   0x00000080   Code   RO         3455    .text               c_w.l(_printf_fp_infnan.o)
    0x08000c04   0x08000c04   0x000000e4   Code   RO         3459    .text               c_w.l(bigflt0.o)
    0x08000ce8   0x08000ce8   0x00000008   Code   RO         3491    .text               c_w.l(libspace.o)
    0x08000cf0   0x08000cf0   0x0000004a   Code   RO         3494    .text               c_w.l(sys_stackheap_outer.o)
    0x08000d3a   0x08000d3a   0x00000012   Code   RO         3496    .text               c_w.l(exit.o)
    0x08000d4c   0x08000d4c   0x00000080   Code   RO         3502    .text               c_w.l(strcmpv7m.o)
    0x08000dcc   0x08000dcc   0x0000000c   Code   RO         3567    .text               c_w.l(sys_exit.o)
    0x08000dd8   0x08000dd8   0x00000002   Code   RO         3588    .text               c_w.l(use_no_semi.o)
    0x08000dda   0x08000dda   0x00000000   Code   RO         3590    .text               c_w.l(indicate_semi.o)
    0x08000dda   0x08000dda   0x0000003e   Code   RO         3462    CL$$btod_d2e        c_w.l(btod.o)
    0x08000e18   0x08000e18   0x00000046   Code   RO         3464    CL$$btod_d2e_denorm_low  c_w.l(btod.o)
    0x08000e5e   0x08000e5e   0x00000060   Code   RO         3463    CL$$btod_d2e_norm_op1  c_w.l(btod.o)
    0x08000ebe   0x08000ebe   0x00000338   Code   RO         3472    CL$$btod_div_common  c_w.l(btod.o)
    0x080011f6   0x080011f6   0x000000dc   Code   RO         3469    CL$$btod_e2e        c_w.l(btod.o)
    0x080012d2   0x080012d2   0x0000002a   Code   RO         3466    CL$$btod_ediv       c_w.l(btod.o)
    0x080012fc   0x080012fc   0x0000002a   Code   RO         3465    CL$$btod_emul       c_w.l(btod.o)
    0x08001326   0x08001326   0x00000244   Code   RO         3471    CL$$btod_mult_common  c_w.l(btod.o)
    0x0800156a   0x0800156a   0x00000002   PAD
    0x0800156c   0x0800156c   0x00000056   Code   RO          599    i.ADC_ConversionStop_Disable  stm32f1xx_hal_adc.o
    0x080015c2   0x080015c2   0x0000004e   Code   RO          600    i.ADC_DMAConvCplt   stm32f1xx_hal_adc.o
    0x08001610   0x08001610   0x0000001a   Code   RO          601    i.ADC_DMAError      stm32f1xx_hal_adc.o
    0x0800162a   0x0800162a   0x0000000a   Code   RO          602    i.ADC_DMAHalfConvCplt  stm32f1xx_hal_adc.o
    0x08001634   0x08001634   0x0000007c   Code   RO          603    i.ADC_Enable        stm32f1xx_hal_adc.o
    0x080016b0   0x080016b0   0x0000001c   Code   RO          192    i.ADC_GetRawValues  adc.o
    0x080016cc   0x080016cc   0x00000008   Code   RO          193    i.ADC_GetSensorHandle  adc.o
    0x080016d4   0x080016d4   0x00000100   Code   RO          195    i.ADC_ProcessSensorData  adc.o
    0x080017d4   0x080017d4   0x00000014   Code   RO          196    i.ADC_StartDMA      adc.o
    0x080017e8   0x080017e8   0x00000002   Code   RO          385    i.BusFault_Handler  stm32f1xx_it.o
    0x080017ea   0x080017ea   0x00000002   PAD
    0x080017ec   0x080017ec   0x0000000c   Code   RO          386    i.DMA1_Channel1_IRQHandler  stm32f1xx_it.o
    0x080017f8   0x080017f8   0x0000002a   Code   RO         1279    i.DMA_SetConfig     stm32f1xx_hal_dma.o
    0x08001822   0x08001822   0x00000002   Code   RO          387    i.DebugMon_Handler  stm32f1xx_it.o
    0x08001824   0x08001824   0x00000004   Code   RO           13    i.Error_Handler     main.o
    0x08001828   0x08001828   0x000000fc   Code   RO          605    i.HAL_ADC_ConfigChannel  stm32f1xx_hal_adc.o
    0x08001924   0x08001924   0x00000028   Code   RO          197    i.HAL_ADC_ConvCpltCallback  adc.o
    0x0800194c   0x0800194c   0x00000002   Code   RO          607    i.HAL_ADC_ConvHalfCpltCallback  stm32f1xx_hal_adc.o
    0x0800194e   0x0800194e   0x00000002   Code   RO          609    i.HAL_ADC_ErrorCallback  stm32f1xx_hal_adc.o
    0x08001950   0x08001950   0x0000011c   Code   RO          614    i.HAL_ADC_Init      stm32f1xx_hal_adc.o
    0x08001a6c   0x08001a6c   0x00000090   Code   RO          199    i.HAL_ADC_MspInit   adc.o
    0x08001afc   0x08001afc   0x0000010c   Code   RO          621    i.HAL_ADC_Start_DMA  stm32f1xx_hal_adc.o
    0x08001c08   0x08001c08   0x00000046   Code   RO         1280    i.HAL_DMA_Abort     stm32f1xx_hal_dma.o
    0x08001c4e   0x08001c4e   0x00000002   PAD
    0x08001c50   0x08001c50   0x00000130   Code   RO         1281    i.HAL_DMA_Abort_IT  stm32f1xx_hal_dma.o
    0x08001d80   0x08001d80   0x00000248   Code   RO         1285    i.HAL_DMA_IRQHandler  stm32f1xx_hal_dma.o
    0x08001fc8   0x08001fc8   0x0000007c   Code   RO         1286    i.HAL_DMA_Init      stm32f1xx_hal_dma.o
    0x08002044   0x08002044   0x00000070   Code   RO         1290    i.HAL_DMA_Start_IT  stm32f1xx_hal_dma.o
    0x080020b4   0x080020b4   0x000001e0   Code   RO         1216    i.HAL_GPIO_Init     stm32f1xx_hal_gpio.o
    0x08002294   0x08002294   0x0000000a   Code   RO         1218    i.HAL_GPIO_ReadPin  stm32f1xx_hal_gpio.o
    0x0800229e   0x0800229e   0x0000000a   Code   RO         1220    i.HAL_GPIO_WritePin  stm32f1xx_hal_gpio.o
    0x080022a8   0x080022a8   0x0000000c   Code   RO          886    i.HAL_GetTick       stm32f1xx_hal.o
    0x080022b4   0x080022b4   0x00000010   Code   RO          892    i.HAL_IncTick       stm32f1xx_hal.o
    0x080022c4   0x080022c4   0x00000024   Code   RO          893    i.HAL_Init          stm32f1xx_hal.o
    0x080022e8   0x080022e8   0x00000040   Code   RO          894    i.HAL_InitTick      stm32f1xx_hal.o
    0x08002328   0x08002328   0x0000003c   Code   RO          479    i.HAL_MspInit       stm32f1xx_hal_msp.o
    0x08002364   0x08002364   0x0000001a   Code   RO         1376    i.HAL_NVIC_EnableIRQ  stm32f1xx_hal_cortex.o
    0x0800237e   0x0800237e   0x00000002   PAD
    0x08002380   0x08002380   0x00000040   Code   RO         1382    i.HAL_NVIC_SetPriority  stm32f1xx_hal_cortex.o
    0x080023c0   0x080023c0   0x00000024   Code   RO         1383    i.HAL_NVIC_SetPriorityGrouping  stm32f1xx_hal_cortex.o
    0x080023e4   0x080023e4   0x00000188   Code   RO         1158    i.HAL_RCCEx_PeriphCLKConfig  stm32f1xx_hal_rcc_ex.o
    0x0800256c   0x0800256c   0x0000012c   Code   RO         1050    i.HAL_RCC_ClockConfig  stm32f1xx_hal_rcc.o
    0x08002698   0x08002698   0x00000020   Code   RO         1057    i.HAL_RCC_GetPCLK1Freq  stm32f1xx_hal_rcc.o
    0x080026b8   0x080026b8   0x00000020   Code   RO         1058    i.HAL_RCC_GetPCLK2Freq  stm32f1xx_hal_rcc.o
    0x080026d8   0x080026d8   0x0000008c   Code   RO         1059    i.HAL_RCC_GetSysClockFreq  stm32f1xx_hal_rcc.o
    0x08002764   0x08002764   0x000003e4   Code   RO         1062    i.HAL_RCC_OscConfig  stm32f1xx_hal_rcc.o
    0x08002b48   0x08002b48   0x00000028   Code   RO         1387    i.HAL_SYSTICK_Config  stm32f1xx_hal_cortex.o
    0x08002b70   0x08002b70   0x00000002   Code   RO         2582    i.HAL_TIMEx_BreakCallback  stm32f1xx_hal_tim_ex.o
    0x08002b72   0x08002b72   0x00000002   Code   RO         2583    i.HAL_TIMEx_CommutCallback  stm32f1xx_hal_tim_ex.o
    0x08002b74   0x08002b74   0x00000074   Code   RO         2601    i.HAL_TIMEx_MasterConfigSynchronization  stm32f1xx_hal_tim_ex.o
    0x08002be8   0x08002be8   0x0000005a   Code   RO         1878    i.HAL_TIM_Base_Init  stm32f1xx_hal_tim.o
    0x08002c42   0x08002c42   0x00000002   PAD
    0x08002c44   0x08002c44   0x0000003c   Code   RO          296    i.HAL_TIM_Base_MspInit  tim.o
    0x08002c80   0x08002c80   0x00000064   Code   RO         1883    i.HAL_TIM_Base_Start_IT  stm32f1xx_hal_tim.o
    0x08002ce4   0x08002ce4   0x000000dc   Code   RO         1887    i.HAL_TIM_ConfigClockSource  stm32f1xx_hal_tim.o
    0x08002dc0   0x08002dc0   0x00000002   Code   RO         1912    i.HAL_TIM_IC_CaptureCallback  stm32f1xx_hal_tim.o
    0x08002dc2   0x08002dc2   0x00000130   Code   RO         1926    i.HAL_TIM_IRQHandler  stm32f1xx_hal_tim.o
    0x08002ef2   0x08002ef2   0x00000002   Code   RO         1929    i.HAL_TIM_OC_DelayElapsedCallback  stm32f1xx_hal_tim.o
    0x08002ef4   0x08002ef4   0x00000002   Code   RO         1956    i.HAL_TIM_PWM_PulseFinishedCallback  stm32f1xx_hal_tim.o
    0x08002ef6   0x08002ef6   0x00000002   PAD
    0x08002ef8   0x08002ef8   0x000000d0   Code   RO         3310    i.HAL_TIM_PeriodElapsedCallback  tick.o
    0x08002fc8   0x08002fc8   0x00000002   Code   RO         1969    i.HAL_TIM_TriggerCallback  stm32f1xx_hal_tim.o
    0x08002fca   0x08002fca   0x00000002   Code   RO         2861    i.HAL_UARTEx_RxEventCallback  stm32f1xx_hal_uart.o
    0x08002fcc   0x08002fcc   0x00000002   Code   RO         2875    i.HAL_UART_ErrorCallback  stm32f1xx_hal_uart.o
    0x08002fce   0x08002fce   0x00000002   PAD
    0x08002fd0   0x08002fd0   0x0000026c   Code   RO         2878    i.HAL_UART_IRQHandler  stm32f1xx_hal_uart.o
    0x0800323c   0x0800323c   0x00000064   Code   RO         2879    i.HAL_UART_Init     stm32f1xx_hal_uart.o
    0x080032a0   0x080032a0   0x00000080   Code   RO          338    i.HAL_UART_MspInit  usart.o
    0x08003320   0x08003320   0x00000002   Code   RO         2885    i.HAL_UART_RxCpltCallback  stm32f1xx_hal_uart.o
    0x08003322   0x08003322   0x000000a0   Code   RO         2887    i.HAL_UART_Transmit  stm32f1xx_hal_uart.o
    0x080033c2   0x080033c2   0x00000002   Code   RO         2890    i.HAL_UART_TxCpltCallback  stm32f1xx_hal_uart.o
    0x080033c4   0x080033c4   0x00000002   Code   RO          388    i.HardFault_Handler  stm32f1xx_it.o
    0x080033c6   0x080033c6   0x00000002   PAD
    0x080033c8   0x080033c8   0x00000094   Code   RO          200    i.MX_ADC1_Init      adc.o
    0x0800345c   0x0800345c   0x0000002c   Code   RO          271    i.MX_DMA_Init       dma.o
    0x08003488   0x08003488   0x000000d8   Code   RO          168    i.MX_GPIO_Init      gpio.o
    0x08003560   0x08003560   0x00000068   Code   RO          297    i.MX_TIM3_Init      tim.o
    0x080035c8   0x080035c8   0x00000038   Code   RO          339    i.MX_USART1_UART_Init  usart.o
    0x08003600   0x08003600   0x00000002   Code   RO          389    i.MemManage_Handler  stm32f1xx_it.o
    0x08003602   0x08003602   0x00000002   Code   RO          390    i.NMI_Handler       stm32f1xx_it.o
    0x08003604   0x08003604   0x00000002   Code   RO          391    i.PendSV_Handler    stm32f1xx_it.o
    0x08003606   0x08003606   0x00000002   Code   RO          392    i.SVC_Handler       stm32f1xx_it.o
    0x08003608   0x08003608   0x00000004   Code   RO          393    i.SysTick_Handler   stm32f1xx_it.o
    0x0800360c   0x0800360c   0x00000084   Code   RO           14    i.SystemClock_Config  main.o
    0x08003690   0x08003690   0x00000002   Code   RO         3213    i.SystemInit        system_stm32f1xx.o
    0x08003692   0x08003692   0x00000002   PAD
    0x08003694   0x08003694   0x0000000c   Code   RO          394    i.TIM3_IRQHandler   stm32f1xx_it.o
    0x080036a0   0x080036a0   0x00000088   Code   RO         1971    i.TIM_Base_SetConfig  stm32f1xx_hal_tim.o
    0x08003728   0x08003728   0x00000014   Code   RO         1982    i.TIM_ETR_SetConfig  stm32f1xx_hal_tim.o
    0x0800373c   0x0800373c   0x00000010   Code   RO         1983    i.TIM_ITRx_SetConfig  stm32f1xx_hal_tim.o
    0x0800374c   0x0800374c   0x00000022   Code   RO         1989    i.TIM_TI1_ConfigInputStage  stm32f1xx_hal_tim.o
    0x0800376e   0x0800376e   0x00000024   Code   RO         1991    i.TIM_TI2_ConfigInputStage  stm32f1xx_hal_tim.o
    0x08003792   0x08003792   0x00000002   PAD
    0x08003794   0x08003794   0x00000010   Code   RO          340    i.UART1_Send        usart.o
    0x080037a4   0x080037a4   0x00000010   Code   RO         2892    i.UART_DMAAbortOnError  stm32f1xx_hal_uart.o
    0x080037b4   0x080037b4   0x0000004e   Code   RO         2902    i.UART_EndRxTransfer  stm32f1xx_hal_uart.o
    0x08003802   0x08003802   0x000000c2   Code   RO         2904    i.UART_Receive_IT   stm32f1xx_hal_uart.o
    0x080038c4   0x080038c4   0x000000b8   Code   RO         2905    i.UART_SetConfig    stm32f1xx_hal_uart.o
    0x0800397c   0x0800397c   0x00000072   Code   RO         2908    i.UART_WaitOnFlagUntilTimeout  stm32f1xx_hal_uart.o
    0x080039ee   0x080039ee   0x00000002   PAD
    0x080039f0   0x080039f0   0x0000000c   Code   RO          395    i.USART1_IRQHandler  stm32f1xx_it.o
    0x080039fc   0x080039fc   0x00000002   Code   RO          396    i.UsageFault_Handler  stm32f1xx_it.o
    0x080039fe   0x080039fe   0x00000002   PAD
    0x08003a00   0x08003a00   0x00000060   Code   RO          503    i.Vehicle_GearShiftCheck  vehicle.o
    0x08003a60   0x08003a60   0x00000028   Code   RO          504    i.Vehicle_GearTick  vehicle.o
    0x08003a88   0x08003a88   0x0000003c   Code   RO          506    i.Vehicle_Init      vehicle.o
    0x08003ac4   0x08003ac4   0x0000002c   Code   RO          507    i.Vehicle_LED1_Blink  vehicle.o
    0x08003af0   0x08003af0   0x000000b0   Code   RO          508    i.Vehicle_SensorReport  vehicle.o
    0x08003ba0   0x08003ba0   0x00000028   Code   RO         3489    i.__ARM_fpclassify  m_ws.l(fpclassify.o)
    0x08003bc8   0x08003bc8   0x00000020   Code   RO         1389    i.__NVIC_SetPriority  stm32f1xx_hal_cortex.o
    0x08003be8   0x08003be8   0x0000000e   Code   RO         3370    i._is_digit         c_w.l(__printf_wp.o)
    0x08003bf6   0x08003bf6   0x00000002   PAD
    0x08003bf8   0x08003bf8   0x00000060   Code   RO           15    i.main              main.o
    0x08003c58   0x08003c58   0x0000000c   Code   RO         3311    i.tick_init         tick.o
    0x08003c64   0x08003c64   0x0000002c   Code   RO         3485    locale$$code        c_w.l(lc_numeric_c.o)
    0x08003c90   0x08003c90   0x0000000c   Code   RO         3424    x$fpl$dretinf       fz_ws.l(dretinf.o)
    0x08003c9c   0x08003c9c   0x00000056   Code   RO         3390    x$fpl$f2d           fz_ws.l(f2d.o)
    0x08003cf2   0x08003cf2   0x00000002   PAD
    0x08003cf4   0x08003cf4   0x00000184   Code   RO         3393    x$fpl$fdiv          fz_ws.l(fdiv.o)
    0x08003e78   0x08003e78   0x00000026   Code   RO         3396    x$fpl$ffltu         fz_ws.l(fflt_clz.o)
    0x08003e9e   0x08003e9e   0x00000002   PAD
    0x08003ea0   0x08003ea0   0x00000102   Code   RO         3402    x$fpl$fmul          fz_ws.l(fmul.o)
    0x08003fa2   0x08003fa2   0x0000008c   Code   RO         3426    x$fpl$fnaninf       fz_ws.l(fnaninf.o)
    0x0800402e   0x0800402e   0x0000000a   Code   RO         3428    x$fpl$fretinf       fz_ws.l(fretinf.o)
    0x08004038   0x08004038   0x00000004   Code   RO         3404    x$fpl$printf1       fz_ws.l(printf1.o)
    0x0800403c   0x0800403c   0x00000000   Code   RO         3430    x$fpl$usenofp       fz_ws.l(usenofp.o)
    0x0800403c   0x0800403c   0x0000001e   Data   RO         1063    .constdata          stm32f1xx_hal_rcc.o
    0x0800405a   0x0800405a   0x00000010   Data   RO         3214    .constdata          system_stm32f1xx.o
    0x0800406a   0x0800406a   0x00000008   Data   RO         3215    .constdata          system_stm32f1xx.o
    0x08004072   0x08004072   0x00000002   PAD
    0x08004074   0x08004074   0x00000094   Data   RO         3460    .constdata          c_w.l(bigflt0.o)
    0x08004108   0x08004108   0x00000020   Data   RO         3634    Region$$Table       anon$$obj.o
    0x08004128   0x08004128   0x0000001c   Data   RO         3484    locale$$data        c_w.l(lc_numeric_c.o)


    Execution Region RW_IRAM1 (Exec base: 0x20000000, Load base: 0x08004144, Size: 0x000007b0, Max: 0x00010000, ABSOLUTE)

    Exec Addr    Load Addr    Size         Type   Attr      Idx    E Section Name        Object

    0x20000000   0x08004144   0x00000010   Data   RW          202    .data               adc.o
    0x20000010   0x08004154   0x00000003   Data   RW          509    .data               vehicle.o
    0x20000013   0x08004157   0x00000001   PAD
    0x20000014   0x08004158   0x0000000c   Data   RW          900    .data               stm32f1xx_hal.o
    0x20000020   0x08004164   0x00000004   Data   RW         3216    .data               system_stm32f1xx.o
    0x20000024   0x08004168   0x0000000c   Data   RW         3312    .data               tick.o
    0x20000030        -       0x00000090   Zero   RW          201    .bss                adc.o
    0x200000c0        -       0x00000048   Zero   RW          298    .bss                tim.o
    0x20000108        -       0x00000048   Zero   RW          341    .bss                usart.o
    0x20000150        -       0x00000060   Zero   RW         3492    .bss                c_w.l(libspace.o)
    0x200001b0        -       0x00000200   Zero   RW            2    HEAP                startup_stm32f105xc.o
    0x200003b0        -       0x00000400   Zero   RW            1    STACK               startup_stm32f105xc.o


==============================================================================

Image component sizes


      Code (inc. data)   RO Data    RW Data    ZI Data      Debug   Object Name

       644        100          0         16        144       5702   adc.o
        44          4          0          0          0        734   dma.o
       216         18          0          0          0        991   gpio.o
       232         10          0          0          0     621740   main.o
        64         26        336          0       1536        800   startup_stm32f105xc.o
       128         24          0         12          0       6301   stm32f1xx_hal.o
      1132         56          0          0          0       7887   stm32f1xx_hal_adc.o
       198         14          0          0          0      28875   stm32f1xx_hal_cortex.o
      1236         52          0          0          0       5042   stm32f1xx_hal_dma.o
       500         34          0          0          0       3471   stm32f1xx_hal_gpio.o
        60          8          0          0          0        854   stm32f1xx_hal_msp.o
      1500         84         30          0          0       5324   stm32f1xx_hal_rcc.o
       392         18          0          0          0       1536   stm32f1xx_hal_rcc_ex.o
       964         34          0          0          0       9701   stm32f1xx_hal_tim.o
       120         18          0          0          0       2357   stm32f1xx_hal_tim_ex.o
      1474         10          0          0          0       9956   stm32f1xx_hal_uart.o
        56         18          0          0          0       5051   stm32f1xx_it.o
         2          0         24          4          0       1083   system_stm32f1xx.o
       220         16          0         12          0       2368   tick.o
       164         20          0          0         72       1618   tim.o
       200         24          0          0         72       2115   usart.o
       416        118          0          3          0       3251   vehicle.o

    ----------------------------------------------------------------------
      9984        706        424         48       1824     726757   Object Totals
         0          0         32          0          0          0   (incl. Generated)
        22          0          2          1          0          0   (incl. Padding)

    ----------------------------------------------------------------------

      Code (inc. data)   RO Data    RW Data    ZI Data      Debug   Library Member Name

        56          6          0          0          0         88   __2snprintf.o
         8          0          0          0          0         68   __main.o
       284          0          0          0          0        156   __printf_wp.o
         0          0          0          0          0          0   __rtentry.o
        12          0          0          0          0          0   __rtentry2.o
         6          0          0          0          0          0   __rtentry4.o
        52          8          0          0          0          0   __scatter.o
        26          0          0          0          0          0   __scatter_copy.o
        28          0          0          0          0          0   __scatter_zi.o
         6          0          0          0          0          0   _printf_c.o
        44          0          0          0          0        108   _printf_char.o
        48          6          0          0          0         96   _printf_char_common.o
         6          0          0          0          0          0   _printf_d.o
       120         16          0          0          0         92   _printf_dec.o
         6          0          0          0          0          0   _printf_f.o
      1054          0          0          0          0        216   _printf_fp_dec.o
       128         16          0          0          0         84   _printf_fp_infnan.o
       178          0          0          0          0         88   _printf_intcommon.o
         0          0          0          0          0          0   _printf_percent.o
         4          0          0          0          0          0   _printf_percent_end.o
        82          0          0          0          0         80   _printf_str.o
        16          0          0          0          0         68   _snputc.o
        10          0          0          0          0         68   _sputc.o
       228          4        148          0          0         96   bigflt0.o
      1936        128          0          0          0        672   btod.o
        18          0          0          0          0         80   exit.o
         6          0          0          0          0        152   heapauxi.o
         0          0          0          0          0          0   indicate_semi.o
        44         10         28          0          0         76   lc_numeric_c.o
         2          0          0          0          0          0   libinit.o
        18          0          0          0          0          0   libinit2.o
         2          0          0          0          0          0   libshutdown.o
         2          0          0          0          0          0   libshutdown2.o
         8          4          0          0         96         68   libspace.o
       138          0          0          0          0         80   lludiv10.o
       238          0          0          0          0        100   lludivv7m.o
         8          4          0          0          0         68   rt_locale_intlibspace.o
        78          0          0          0          0         80   rt_memclr_w.o
         2          0          0          0          0          0   rtexit.o
        10          0          0          0          0          0   rtexit2.o
       128          0          0          0          0         68   strcmpv7m.o
        12          4          0          0          0         68   sys_exit.o
        74          0          0          0          0         80   sys_stackheap_outer.o
         2          0          0          0          0         68   use_no_semi.o
        12          0          0          0          0         68   dretinf.o
        86          4          0          0          0         84   f2d.o
       388         76          0          0          0         96   fdiv.o
        38          0          0          0          0         68   fflt_clz.o
       258          4          0          0          0         84   fmul.o
       140          4          0          0          0         84   fnaninf.o
        10          0          0          0          0         68   fretinf.o
         4          0          0          0          0         68   printf1.o
         0          0          0          0          0          0   usenofp.o
        40          0          0          0          0         68   fpclassify.o

    ----------------------------------------------------------------------
      6124        294        176          0         96       3656   Library Totals
        20          0          0          0          0          0   (incl. Padding)

    ----------------------------------------------------------------------

      Code (inc. data)   RO Data    RW Data    ZI Data      Debug   Library Name

      5128        206        176          0         96       2968   c_w.l
       936         88          0          0          0        620   fz_ws.l
        40          0          0          0          0         68   m_ws.l

    ----------------------------------------------------------------------
      6124        294        176          0         96       3656   Library Totals

    ----------------------------------------------------------------------

==============================================================================


      Code (inc. data)   RO Data    RW Data    ZI Data      Debug   

     16108       1000        600         48       1920     723441   Grand Totals
     16108       1000        600         48       1920     723441   ELF Image Totals
     16108       1000        600         48          0          0   ROM Totals

==============================================================================

    Total RO  Size (Code + RO Data)                16708 (  16.32kB)
    Total RW  Size (RW Data + ZI Data)              1968 (   1.92kB)
    Total ROM Size (Code + RO Data + RW Data)      16756 (  16.36kB)

==============================================================================

