Component: ARM Compiler 5.06 update 6 (build 750) Tool: armlink [4d35ed]

==============================================================================

Section Cross References

    startup_stm32f105xc.o(STACK) refers (Special) to heapauxi.o(.text) for __use_two_region_memory
    startup_stm32f105xc.o(HEAP) refers (Special) to heapauxi.o(.text) for __use_two_region_memory
    startup_stm32f105xc.o(RESET) refers (Special) to heapauxi.o(.text) for __use_two_region_memory
    startup_stm32f105xc.o(RESET) refers to startup_stm32f105xc.o(STACK) for __initial_sp
    startup_stm32f105xc.o(RESET) refers to startup_stm32f105xc.o(.text) for Reset_Handler
    startup_stm32f105xc.o(RESET) refers to stm32f1xx_it.o(i.NMI_Handler) for NMI_Handler
    startup_stm32f105xc.o(RESET) refers to stm32f1xx_it.o(i.HardFault_Handler) for HardFault_Handler
    startup_stm32f105xc.o(RESET) refers to stm32f1xx_it.o(i.MemManage_Handler) for MemManage_Handler
    startup_stm32f105xc.o(RESET) refers to stm32f1xx_it.o(i.BusFault_Handler) for BusFault_Handler
    startup_stm32f105xc.o(RESET) refers to stm32f1xx_it.o(i.UsageFault_Handler) for UsageFault_Handler
    startup_stm32f105xc.o(RESET) refers to stm32f1xx_it.o(i.SVC_Handler) for SVC_Handler
    startup_stm32f105xc.o(RESET) refers to stm32f1xx_it.o(i.DebugMon_Handler) for DebugMon_Handler
    startup_stm32f105xc.o(RESET) refers to stm32f1xx_it.o(i.PendSV_Handler) for PendSV_Handler
    startup_stm32f105xc.o(RESET) refers to stm32f1xx_it.o(i.SysTick_Handler) for SysTick_Handler
    startup_stm32f105xc.o(RESET) refers to stm32f1xx_it.o(i.DMA1_Channel1_IRQHandler) for DMA1_Channel1_IRQHandler
    startup_stm32f105xc.o(RESET) refers to stm32f1xx_it.o(i.CAN1_TX_IRQHandler) for CAN1_TX_IRQHandler
    startup_stm32f105xc.o(RESET) refers to stm32f1xx_it.o(i.CAN1_RX0_IRQHandler) for CAN1_RX0_IRQHandler
    startup_stm32f105xc.o(RESET) refers to stm32f1xx_it.o(i.TIM3_IRQHandler) for TIM3_IRQHandler
    startup_stm32f105xc.o(RESET) refers to stm32f1xx_it.o(i.USART1_IRQHandler) for USART1_IRQHandler
    startup_stm32f105xc.o(RESET) refers to stm32f1xx_it.o(i.CAN2_TX_IRQHandler) for CAN2_TX_IRQHandler
    startup_stm32f105xc.o(RESET) refers to stm32f1xx_it.o(i.CAN2_RX0_IRQHandler) for CAN2_RX0_IRQHandler
    startup_stm32f105xc.o(.text) refers (Special) to heapauxi.o(.text) for __use_two_region_memory
    startup_stm32f105xc.o(.text) refers to system_stm32f1xx.o(i.SystemInit) for SystemInit
    startup_stm32f105xc.o(.text) refers to __main.o(!!!main) for __main
    startup_stm32f105xc.o(.text) refers to startup_stm32f105xc.o(HEAP) for Heap_Mem
    startup_stm32f105xc.o(.text) refers to startup_stm32f105xc.o(STACK) for Stack_Mem
    vehicle.o(i.Vehicle_BrakeLightCheck) refers to adc.o(i.ADC_GetSensorHandle) for ADC_GetSensorHandle
    vehicle.o(i.Vehicle_BrakeLightCheck) refers to stm32f1xx_hal_gpio.o(i.HAL_GPIO_WritePin) for HAL_GPIO_WritePin
    vehicle.o(i.Vehicle_GearShiftCheck) refers to adc.o(i.ADC_GetSensorHandle) for ADC_GetSensorHandle
    vehicle.o(i.Vehicle_GearShiftCheck) refers to stm32f1xx_hal_gpio.o(i.HAL_GPIO_ReadPin) for HAL_GPIO_ReadPin
    vehicle.o(i.Vehicle_GearShiftCheck) refers to stm32f1xx_hal_gpio.o(i.HAL_GPIO_WritePin) for HAL_GPIO_WritePin
    vehicle.o(i.Vehicle_GearShiftCheck) refers to vehicle.o(.data) for .data
    vehicle.o(i.Vehicle_GearTick) refers to stm32f1xx_hal_gpio.o(i.HAL_GPIO_WritePin) for HAL_GPIO_WritePin
    vehicle.o(i.Vehicle_GearTick) refers to vehicle.o(.data) for .data
    vehicle.o(i.Vehicle_GetGearState) refers to vehicle.o(.data) for .data
    vehicle.o(i.Vehicle_Init) refers to stm32f1xx_hal_gpio.o(i.HAL_GPIO_WritePin) for HAL_GPIO_WritePin
    vehicle.o(i.Vehicle_Init) refers to vehicle.o(.data) for .data
    vehicle.o(i.Vehicle_LED1_Blink) refers to stm32f1xx_hal_gpio.o(i.HAL_GPIO_WritePin) for HAL_GPIO_WritePin
    vehicle.o(i.Vehicle_LED1_Blink) refers to vehicle.o(.data) for .data
    vehicle.o(i.Vehicle_SensorReport) refers to _printf_percent.o(.ARM.Collect$$_printf_percent$$00000000) for _printf_percent
    vehicle.o(i.Vehicle_SensorReport) refers to _printf_d.o(.ARM.Collect$$_printf_percent$$00000009) for _printf_d
    vehicle.o(i.Vehicle_SensorReport) refers to _printf_f.o(.ARM.Collect$$_printf_percent$$00000003) for _printf_f
    vehicle.o(i.Vehicle_SensorReport) refers to _printf_c.o(.ARM.Collect$$_printf_percent$$00000013) for _printf_c
    vehicle.o(i.Vehicle_SensorReport) refers to _printf_dec.o(.text) for _printf_int_dec
    vehicle.o(i.Vehicle_SensorReport) refers to printf1.o(x$fpl$printf1) for _printf_fp_dec
    vehicle.o(i.Vehicle_SensorReport) refers to _printf_str.o(.text) for _printf_str
    vehicle.o(i.Vehicle_SensorReport) refers to adc.o(i.ADC_GetSensorHandle) for ADC_GetSensorHandle
    vehicle.o(i.Vehicle_SensorReport) refers to f2d.o(x$fpl$f2d) for __aeabi_f2d
    vehicle.o(i.Vehicle_SensorReport) refers to __2snprintf.o(.text) for __2snprintf
[...]
    i.HAL_CAN_WakeUpFromRxMsgCallback        0x08002a54   Section        0  stm32f1xx_hal_can.o(i.HAL_CAN_WakeUpFromRxMsgCallback)
    i.HAL_DMA_Abort                          0x08002a56   Section        0  stm32f1xx_hal_dma.o(i.HAL_DMA_Abort)
    i.HAL_DMA_Abort_IT                       0x08002a9c   Section        0  stm32f1xx_hal_dma.o(i.HAL_DMA_Abort_IT)
    i.HAL_DMA_IRQHandler                     0x08002bcc   Section        0  stm32f1xx_hal_dma.o(i.HAL_DMA_IRQHandler)
    i.HAL_DMA_Init                           0x08002e14   Section        0  stm32f1xx_hal_dma.o(i.HAL_DMA_Init)
    i.HAL_DMA_Start_IT                       0x08002e90   Section        0  stm32f1xx_hal_dma.o(i.HAL_DMA_Start_IT)
    i.HAL_GPIO_Init                          0x08002f00   Section        0  stm32f1xx_hal_gpio.o(i.HAL_GPIO_Init)
    i.HAL_GPIO_ReadPin                       0x080030e0   Section        0  stm32f1xx_hal_gpio.o(i.HAL_GPIO_ReadPin)
    i.HAL_GPIO_WritePin                      0x080030ea   Section        0  stm32f1xx_hal_gpio.o(i.HAL_GPIO_WritePin)
    i.HAL_GetTick                            0x080030f4   Section        0  stm32f1xx_hal.o(i.HAL_GetTick)
    i.HAL_IncTick                            0x08003100   Section        0  stm32f1xx_hal.o(i.HAL_IncTick)
    i.HAL_Init                               0x08003110   Section        0  stm32f1xx_hal.o(i.HAL_Init)
    i.HAL_InitTick                           0x08003134   Section        0  stm32f1xx_hal.o(i.HAL_InitTick)
    i.HAL_MspInit                            0x08003174   Section        0  stm32f1xx_hal_msp.o(i.HAL_MspInit)
    i.HAL_NVIC_EnableIRQ                     0x080031b0   Section        0  stm32f1xx_hal_cortex.o(i.HAL_NVIC_EnableIRQ)
    i.HAL_NVIC_SetPriority                   0x080031cc   Section        0  stm32f1xx_hal_cortex.o(i.HAL_NVIC_SetPriority)
    i.HAL_NVIC_SetPriorityGrouping           0x0800320c   Section        0  stm32f1xx_hal_cortex.o(i.HAL_NVIC_SetPriorityGrouping)
    i.HAL_RCCEx_PeriphCLKConfig              0x08003230   Section        0  stm32f1xx_hal_rcc_ex.o(i.HAL_RCCEx_PeriphCLKConfig)
    i.HAL_RCC_ClockConfig                    0x080033b8   Section        0  stm32f1xx_hal_rcc.o(i.HAL_RCC_ClockConfig)
    i.HAL_RCC_GetPCLK1Freq                   0x080034e4   Section        0  stm32f1xx_hal_rcc.o(i.HAL_RCC_GetPCLK1Freq)
    i.HAL_RCC_GetPCLK2Freq                   0x08003504   Section        0  stm32f1xx_hal_rcc.o(i.HAL_RCC_GetPCLK2Freq)
    i.HAL_RCC_GetSysClockFreq                0x08003524   Section        0  stm32f1xx_hal_rcc.o(i.HAL_RCC_GetSysClockFreq)
    i.HAL_RCC_OscConfig                      0x080035b0   Section        0  stm32f1xx_hal_rcc.o(i.HAL_RCC_OscConfig)
    i.HAL_SYSTICK_Config                     0x08003994   Section        0  stm32f1xx_hal_cortex.o(i.HAL_SYSTICK_Config)
    i.HAL_TIMEx_BreakCallback                0x080039bc   Section        0  stm32f1xx_hal_tim_ex.o(i.HAL_TIMEx_BreakCallback)
    i.HAL_TIMEx_CommutCallback               0x080039be   Section        0  stm32f1xx_hal_tim_ex.o(i.HAL_TIMEx_CommutCallback)
    i.HAL_TIMEx_MasterConfigSynchronization  0x080039c0   Section        0  stm32f1xx_hal_tim_ex.o(i.HAL_TIMEx_MasterConfigSynchronization)
    i.HAL_TIM_Base_Init                      0x08003a34   Section        0  stm32f1xx_hal_tim.o(i.HAL_TIM_Base_Init)
    i.HAL_TIM_Base_MspInit                   0x08003a90   Section        0  tim.o(i.HAL_TIM_Base_MspInit)
    i.HAL_TIM_Base_Start_IT                  0x08003acc   Section        0  stm32f1xx_hal_tim.o(i.HAL_TIM_Base_Start_IT)
    i.HAL_TIM_ConfigClockSource              0x08003b30   Section        0  stm32f1xx_hal_tim.o(i.HAL_TIM_ConfigClockSource)
    i.HAL_TIM_IC_CaptureCallback             0x08003c0c   Section        0  stm32f1xx_hal_tim.o(i.HAL_TIM_IC_CaptureCallback)
    i.HAL_TIM_IRQHandler                     0x08003c0e   Section        0  stm32f1xx_hal_tim.o(i.HAL_TIM_IRQHandler)
    i.HAL_TIM_OC_DelayElapsedCallback        0x08003d3e   Section        0  stm32f1xx_hal_tim.o(i.HAL_TIM_OC_DelayElapsedCallback)
    i.HAL_TIM_PWM_PulseFinishedCallback      0x08003d40   Section        0  stm32f1xx_hal_tim.o(i.HAL_TIM_PWM_PulseFinishedCallback)
    i.HAL_TIM_PeriodElapsedCallback          0x08003d44   Section        0  tick.o(i.HAL_TIM_PeriodElapsedCallback)
    i.HAL_TIM_TriggerCallback                0x08003e14   Section        0  stm32f1xx_hal_tim.o(i.HAL_TIM_TriggerCallback)
    i.HAL_UARTEx_RxEventCallback             0x08003e16   Section        0  stm32f1xx_hal_uart.o(i.HAL_UARTEx_RxEventCallback)
    i.HAL_UART_ErrorCallback                 0x08003e18   Section        0  stm32f1xx_hal_uart.o(i.HAL_UART_ErrorCallback)
    i.HAL_UART_IRQHandler                    0x08003e1c   Section        0  stm32f1xx_hal_uart.o(i.HAL_UART_IRQHandler)
    i.HAL_UART_Init                          0x08004088   Section        0  stm32f1xx_hal_uart.o(i.HAL_UART_Init)
    i.HAL_UART_MspInit                       0x080040ec   Section        0  usart.o(i.HAL_UART_MspInit)
    i.HAL_UART_RxCpltCallback                0x0800416c   Section        0  stm32f1xx_hal_uart.o(i.HAL_UART_RxCpltCallback)
    i.HAL_UART_Transmit                      0x0800416e   Section        0  stm32f1xx_hal_uart.o(i.HAL_UART_Transmit)
    i.HAL_UART_TxCpltCallback                0x0800420e   Section        0  stm32f1xx_hal_uart.o(i.HAL_UART_TxCpltCallback)
    i.HardFault_Handler                      0x08004210   Section        0  stm32f1xx_it.o(i.HardFault_Handler)
    i.MX_ADC1_Init                           0x08004214   Section        0  adc.o(i.MX_ADC1_Init)
    i.MX_CAN1_Init                           0x080042a8   Section        0  can.o(i.MX_CAN1_Init)
    i.MX_CAN2_Init                           0x080042f4   Section        0  can.o(i.MX_CAN2_Init)
    i.MX_DMA_Init                            0x08004340   Section        0  dma.o(i.MX_DMA_Init)
    i.MX_GPIO_Init                           0x0800436c   Section        0  gpio.o(i.MX_GPIO_Init)
    i.MX_TIM3_Init                           0x08004444   Section        0  tim.o(i.MX_TIM3_Init)
    i.MX_USART1_UART_Init                    0x080044ac   Section        0  usart.o(i.MX_USART1_UART_Init)
    i.MemManage_Handler                      0x080044e4   Section        0  stm32f1xx_it.o(i.MemManage_Handler)
    i.NMI_Handler                            0x080044e6   Section        0  stm32f1xx_it.o(i.NMI_Handler)
    i.PendSV_Handler                         0x080044e8   Section        0  stm32f1xx_it.o(i.PendSV_Handler)
    i.SVC_Handler                            0x080044ea   Section        0  stm32f1xx_it.o(i.SVC_Handler)
    i.SysTick_Handler                        0x080044ec   Section        0  stm32f1xx_it.o(i.SysTick_Handler)
    i.SystemClock_Config                     0x080044f0   Section        0  main.o(i.SystemClock_Config)
    i.SystemInit                             0x08004574   Section        0  system_stm32f1xx.o(i.SystemInit)
    i.TIM3_IRQHandler                        0x08004578   Section        0  stm32f1xx_it.o(i.TIM3_IRQHandler)
    i.TIM_Base_SetConfig                     0x08004584   Section        0  stm32f1xx_hal_tim.o(i.TIM_Base_SetConfig)
    i.TIM_ETR_SetConfig                      0x0800460c   Section        0  stm32f1xx_hal_tim.o(i.TIM_ETR_SetConfig)
    i.TIM_ITRx_SetConfig                     0x08004620   Section        0  stm32f1xx_hal_tim.o(i.TIM_ITRx_SetConfig)
    TIM_ITRx_SetConfig                       0x08004621   Thumb Code    16  stm32f1xx_hal_tim.o(i.TIM_ITRx_SetConfig)
    i.TIM_TI1_ConfigInputStage               0x08004630   Section        0  stm32f1xx_hal_tim.o(i.TIM_TI1_ConfigInputStage)
    TIM_TI1_ConfigInputStage                 0x08004631   Thumb Code    34  stm32f1xx_hal_tim.o(i.TIM_TI1_ConfigInputStage)
    i.TIM_TI2_ConfigInputStage               0x08004652   Section        0  stm32f1xx_hal_tim.o(i.TIM_TI2_ConfigInputStage)
    TIM_TI2_ConfigInputStage                 0x08004653   Thumb Code    36  stm32f1xx_hal_tim.o(i.TIM_TI2_ConfigInputStage)
    i.UART1_Send                             0x08004678   Section        0  usart.o(i.UART1_Send)
    i.UART_DMAAbortOnError                   0x08004688   Section        0  stm32f1xx_hal_uart.o(i.UART_DMAAbortOnError)
    UART_DMAAbortOnError                     0x08004689   Thumb Code    16  stm32f1xx_hal_uart.o(i.UART_DMAAbortOnError)
    i.UART_EndRxTransfer                     0x08004698   Section        0  stm32f1xx_hal_uart.o(i.UART_EndRxTransfer)
    UART_EndRxTransfer                       0x08004699   Thumb Code    78  stm32f1xx_hal_uart.o(i.UART_EndRxTransfer)
    i.UART_Receive_IT                        0x080046e6   Section        0  stm32f1xx_hal_uart.o(i.UART_Receive_IT)
    UART_Receive_IT                          0x080046e7   Thumb Code   194  stm32f1xx_hal_uart.o(i.UART_Receive_IT)
    i.UART_SetConfig                         0x080047a8   Section        0  stm32f1xx_hal_uart.o(i.UART_SetConfig)
    UART_SetConfig                           0x080047a9   Thumb Code   178  stm32f1xx_hal_uart.o(i.UART_SetConfig)
    i.UART_WaitOnFlagUntilTimeout            0x08004860   Section        0  stm32f1xx_hal_uart.o(i.UART_WaitOnFlagUntilTimeout)
    UART_WaitOnFlagUntilTimeout              0x08004861   Thumb Code   114  stm32f1xx_hal_uart.o(i.UART_WaitOnFlagUntilTimeout)
    i.USART1_IRQHandler                      0x080048d4   Section        0  stm32f1xx_it.o(i.USART1_IRQHandler)
    i.UsageFault_Handler                     0x080048e0   Section        0  stm32f1xx_it.o(i.UsageFault_Handler)
    i.Vehicle_BrakeLightCheck                0x080048e4   Section        0  vehicle.o(i.Vehicle_BrakeLightCheck)
    i.Vehicle_GearShiftCheck                 0x08004918   Section        0  vehicle.o(i.Vehicle_GearShiftCheck)
    i.Vehicle_GearTick                       0x0800497c   Section        0  vehicle.o(i.Vehicle_GearTick)
    i.Vehicle_Init                           0x080049a4   Section        0  vehicle.o(i.Vehicle_Init)
    i.Vehicle_LED1_Blink                     0x080049e0   Section        0  vehicle.o(i.Vehicle_LED1_Blink)
    i.Vehicle_SensorReport                   0x08004a0c   Section        0  vehicle.o(i.Vehicle_SensorReport)
    i.__ARM_fpclassify                       0x08004abc   Section        0  fpclassify.o(i.__ARM_fpclassify)
    i.__NVIC_SetPriority                     0x08004ae4   Section        0  stm32f1xx_hal_cortex.o(i.__NVIC_SetPriority)
    __NVIC_SetPriority                       0x08004ae5   Thumb Code    32  stm32f1xx_hal_cortex.o(i.__NVIC_SetPriority)
    i._is_digit                              0x08004b04   Section        0  __printf_wp.o(i._is_digit)
    i.main                                   0x08004b14   Section        0  main.o(i.main)
    i.tick_init                              0x08004b88   Section        0  tick.o(i.tick_init)
    locale$$code                             0x08004b94   Section       44  lc_numeric_c.o(locale$$code)
    x$fpl$dretinf                            0x08004bc0   Section       12  dretinf.o(x$fpl$dretinf)
    x$fpl$f2d                                0x08004bcc   Section       86  f2d.o(x$fpl$f2d)
    x$fpl$fdiv                               0x08004c24   Section      388  fdiv.o(x$fpl$fdiv)
    _fdiv1                                   0x08004c25   Thumb Code     0  fdiv.o(x$fpl$fdiv)
    x$fpl$ffltu                              0x08004da8   Section       38  fflt_clz.o(x$fpl$ffltu)
    x$fpl$fmul                               0x08004dd0   Section      258  fmul.o(x$fpl$fmul)
    x$fpl$fnaninf                            0x08004ed2   Section      140  fnaninf.o(x$fpl$fnaninf)
    x$fpl$fretinf                            0x08004f5e   Section       10  fretinf.o(x$fpl$fretinf)
    x$fpl$printf1                            0x08004f68   Section        4  printf1.o(x$fpl$printf1)
    .constdata                               0x08004f6c   Section       30  stm32f1xx_hal_rcc.o(.constdata)
    x$fpl$usenofp                            0x08004f6c   Section        0  usenofp.o(x$fpl$usenofp)
    aPLLMULFactorTable                       0x08004f6c   Data          14  stm32f1xx_hal_rcc.o(.constdata)
    aPredivFactorTable                       0x08004f7a   Data          16  stm32f1xx_hal_rcc.o(.constdata)
    .constdata                               0x08004f8a   Section       16  system_stm32f1xx.o(.constdata)
    .constdata                               0x08004f9a   Section        8  system_stm32f1xx.o(.constdata)
    .constdata                               0x08004fa2   Section       40  _printf_hex_int.o(.constdata)
    uc_hextab                                0x08004fa2   Data          20  _printf_hex_int.o(.constdata)
    lc_hextab                                0x08004fb6   Data          20  _printf_hex_int.o(.constdata)
    .constdata                               0x08004fca   Section       17  __printf_flags_ss_wp.o(.constdata)
    maptable                                 0x08004fca   Data          17  __printf_flags_ss_wp.o(.constdata)
    .constdata                               0x08004fdc   Section      148  bigflt0.o(.constdata)
    tenpwrs_x                                0x08004fdc   Data          60  bigflt0.o(.constdata)
    tenpwrs_i                                0x08005018   Data          64  bigflt0.o(.constdata)
    .conststring                             0x08005070   Section      588  can.o(.conststring)
    locale$$data                             0x080052dc   Section       28  lc_numeric_c.o(locale$$data)
    __lcnum_c_name                           0x080052e0   Data           2  lc_numeric_c.o(locale$$data)
    __lcnum_c_start                          0x080052e8   Data           0  lc_numeric_c.o(locale$$data)
    __lcnum_c_point                          0x080052f4   Data           0  lc_numeric_c.o(locale$$data)
    __lcnum_c_thousands                      0x080052f6   Data           0  lc_numeric_c.o(locale$$data)
    __lcnum_c_grouping                       0x080052f7   Data           0  lc_numeric_c.o(locale$$data)
    __lcnum_c_end                            0x080052f8   Data           0  lc_numeric_c.o(locale$$data)
    .data                                    0x20000000   Section        4  vehicle.o(.data)
    led1_is_on                               0x20000000   Data           1  vehicle.o(.data)
    gear_state                               0x20000001   Data           1  vehicle.o(.data)
    buzzer_timer                             0x20000002   Data           1  vehicle.o(.data)
    brake_ready                              0x20000003   Data           1  vehicle.o(.data)
    .data                                    0x20000004   Section       16  adc.o(.data)
    adc_dma_buffer                           0x20000004   Data           8  adc.o(.data)
    adc_values                               0x2000000c   Data           8  adc.o(.data)
    .data                                    0x20000014   Section        8  can.o(.data)
    can_test_tx_counter                      0x20000014   Data           1  can.o(.data)
    HAL_RCC_CAN1_CLK_ENABLED                 0x20000018   Data           4  can.o(.data)
    .data                                    0x2000001c   Section       12  stm32f1xx_hal.o(.data)
    .data                                    0x20000028   Section        4  system_stm32f1xx.o(.data)
    .data                                    0x2000002c   Section       12  tick.o(.data)
    t1ms_cnt                                 0x2000002d   Data           1  tick.o(.data)
    t2ms_cnt                                 0x2000002e   Data           1  tick.o(.data)
    t5ms_cnt                                 0x2000002f   Data           1  tick.o(.data)
    t10ms_cnt                                0x20000030   Data           1  tick.o(.data)
    t50ms_cnt                                0x20000031   Data           1  tick.o(.data)
    t100ms_cnt                               0x20000032   Data           1  tick.o(.data)
    t500ms_cnt                               0x20000034   Data           2  tick.o(.data)
    t1000ms_cnt                              0x20000036   Data           2  tick.o(.data)
    .bss                                     0x20000038   Section      144  adc.o(.bss)
    g_vehicle_sensors                        0x20000038   Data          28  adc.o(.bss)
    .bss                                     0x200000c8   Section       80  can.o(.bss)
    .bss                                     0x20000118   Section       72  tim.o(.bss)
    .bss                                     0x20000160   Section       72  usart.o(.bss)
    .bss                                     0x200001a8   Section       96  libspace.o(.bss)
    HEAP                                     0x20000208   Section      512  startup_stm32f105xc.o(HEAP)
    Heap_Mem                                 0x20000208   Data         512  startup_stm32f105xc.o(HEAP)
    STACK                                    0x20000408   Section     1024  startup_stm32f105xc.o(STACK)
    Stack_Mem                                0x20000408   Data        1024  startup_stm32f105xc.o(STACK)
    __initial_sp                             0x20000808   Data           0  startup_stm32f105xc.o(STACK)

    Global Symbols

    Symbol Name                              Value     Ov Type        Size  Object(Section)

    BuildAttributes$$THM_ISAv4$P$D$K$B$S$PE$A:L22UL41UL21$X:L11$S22US41US21$IEEE1$IW$USESV6$~STKCKD$USESV7$~SHL$OTIME$ROPI$IEEEJ$EBA8$UX$STANDARDLIB$REQ8$PRES8$EABIv2 0x00000000   Number         0  anon$$obj.o ABSOLUTE
    __ARM_use_no_argv                        0x00000000   Number         0  main.o ABSOLUTE
    _printf_flags                            0x00000000   Number         0  printf_stubs.o ABSOLUTE
    _printf_return_value                     0x00000000   Number         0  printf_stubs.o ABSOLUTE
    _printf_sizespec                         0x00000000   Number         0  printf_stubs.o ABSOLUTE
    _printf_widthprec                        0x00000000   Number         0  printf_stubs.o ABSOLUTE
    __ARM_exceptions_init                     - Undefined Weak Reference
    __alloca_initialize                       - Undefined Weak Reference
    __arm_preinit_                            - Undefined Weak Reference
    __cpp_initialize__aeabi_                  - Undefined Weak Reference
    __cxa_finalize                            - Undefined Weak Reference
    __sigvec_lookup                           - Undefined Weak Reference
    _atexit_init                              - Undefined Weak Reference
    _call_atexit_fns                          - Undefined Weak Reference
    _clock_init                               - Undefined Weak Reference
    _fp_trap_init                             - Undefined Weak Reference
    _fp_trap_shutdown                         - Undefined Weak Reference
    _get_lc_collate                           - Undefined Weak Reference
    _get_lc_ctype                             - Undefined Weak Reference
    _get_lc_monetary                          - Undefined Weak Reference
    _get_lc_time                              - Undefined Weak Reference
    _getenv_init                              - Undefined Weak Reference
    _handle_redirection                       - Undefined Weak Reference
    _init_alloc                               - Undefined Weak Reference
    _init_user_alloc                          - Undefined Weak Reference
    _initio                                   - Undefined Weak Reference
    _printf_mbtowc                            - Undefined Weak Reference
    _printf_truncate_signed                   - Undefined Weak Reference
    _printf_truncate_unsigned                 - Undefined Weak Reference
    _rand_init                                - Undefined Weak Reference
    _signal_finish                            - Undefined Weak Reference
    _signal_init                              - Undefined Weak Reference
    _terminate_alloc                          - Undefined Weak Reference
    _terminate_user_alloc                     - Undefined Weak Reference
    _terminateio                              - Undefined Weak Reference
    __Vectors_Size                           0x00000150   Number         0  startup_stm32f105xc.o ABSOLUTE
    __Vectors                                0x08000000   Data           4  startup_stm32f105xc.o(RESET)
    __Vectors_End                            0x08000150   Data           0  startup_stm32f105xc.o(RESET)
    __main                                   0x08000151   Thumb Code     8  __main.o(!!!main)
    __scatterload                            0x08000159   Thumb Code     0  __scatter.o(!!!scatter)
    __scatterload_rt2                        0x08000159   Thumb Code    44  __scatter.o(!!!scatter)
    __scatterload_rt2_thumb_only             0x08000159   Thumb Code     0  __scatter.o(!!!scatter)
    __scatterload_null                       0x08000167   Thumb Code     0  __scatter.o(!!!scatter)
    __scatterload_copy                       0x0800018d   Thumb Code    26  __scatter_copy.o(!!handler_copy)
    __scatterload_zeroinit                   0x080001a9   Thumb Code    28  __scatter_zi.o(!!handler_zi)
    _printf_f                                0x080001c5   Thumb Code     0  _printf_f.o(.ARM.Collect$$_printf_percent$$00000003)
    _printf_percent                          0x080001c5   Thumb Code     0  _printf_percent.o(.ARM.Collect$$_printf_percent$$00000000)
    _printf_d                                0x080001cb   Thumb Code     0  _printf_d.o(.ARM.Collect$$_printf_percent$$00000009)
    _printf_x                                0x080001d1   Thumb Code     0  _printf_x.o(.ARM.Collect$$_printf_percent$$0000000C)
    _printf_c                                0x080001d7   Thumb Code     0  _printf_c.o(.ARM.Collect$$_printf_percent$$00000013)
    _printf_s                                0x080001dd   Thumb Code     0  _printf_s.o(.ARM.Collect$$_printf_percent$$00000014)
    _printf_percent_end                      0x080001e3   Thumb Code     0  _printf_percent_end.o(.ARM.Collect$$_printf_percent$$00000017)
    __rt_lib_init                            0x080001e7   Thumb Code     0  libinit.o(.ARM.Collect$$libinit$$00000000)
    __rt_lib_init_fp_1                       0x080001e9   Thumb Code     0  libinit2.o(.ARM.Collect$$libinit$$00000002)
    __rt_lib_init_heap_1                     0x080001e9   Thumb Code     0  libinit2.o(.ARM.Collect$$libinit$$0000000A)
    __rt_lib_init_lc_common                  0x080001e9   Thumb Code     0  libinit2.o(.ARM.Collect$$libinit$$0000000F)
    __rt_lib_init_preinit_1                  0x080001e9   Thumb Code     0  libinit2.o(.ARM.Collect$$libinit$$00000004)
    __rt_lib_init_rand_1                     0x080001e9   Thumb Code     0  libinit2.o(.ARM.Collect$$libinit$$0000000E)
    __rt_lib_init_user_alloc_1               0x080001e9   Thumb Code     0  libinit2.o(.ARM.Collect$$libinit$$0000000C)
    __rt_lib_init_lc_collate_1               0x080001ef   Thumb Code     0  libinit2.o(.ARM.Collect$$libinit$$00000011)
    __rt_lib_init_lc_ctype_1                 0x080001ef   Thumb Code     0  libinit2.o(.ARM.Collect$$libinit$$00000013)
    __rt_lib_init_lc_monetary_1              0x080001ef   Thumb Code     0  libinit2.o(.ARM.Collect$$libinit$$00000015)
    __rt_lib_init_lc_numeric_2               0x080001ef   Thumb Code     0  libinit2.o(.ARM.Collect$$libinit$$00000016)
    __rt_lib_init_alloca_1                   0x080001f9   Thumb Code     0  libinit2.o(.ARM.Collect$$libinit$$0000002E)
    __rt_lib_init_argv_1                     0x080001f9   Thumb Code     0  libinit2.o(.ARM.Collect$$libinit$$0000002C)
    __rt_lib_init_atexit_1                   0x080001f9   Thumb Code     0  libinit2.o(.ARM.Collect$$libinit$$0000001B)
    __rt_lib_init_clock_1                    0x080001f9   Thumb Code     0  libinit2.o(.ARM.Collect$$libinit$$00000021)
    __rt_lib_init_cpp_1                      0x080001f9   Thumb Code     0  libinit2.o(.ARM.Collect$$libinit$$00000032)
    __rt_lib_init_exceptions_1               0x080001f9   Thumb Code     0  libinit2.o(.ARM.Collect$$libinit$$00000030)
    __rt_lib_init_fp_trap_1                  0x080001f9   Thumb Code     0  libinit2.o(.ARM.Collect$$libinit$$0000001F)
    __rt_lib_init_getenv_1                   0x080001f9   Thumb Code     0  libinit2.o(.ARM.Collect$$libinit$$00000023)
    __rt_lib_init_lc_numeric_1               0x080001f9   Thumb Code     0  libinit2.o(.ARM.Collect$$libinit$$00000017)
    __rt_lib_init_lc_time_1                  0x080001f9   Thumb Code     0  libinit2.o(.ARM.Collect$$libinit$$00000019)
    __rt_lib_init_return                     0x080001f9   Thumb Code     0  libinit2.o(.ARM.Collect$$libinit$$00000033)
    __rt_lib_init_signal_1                   0x080001f9   Thumb Code     0  libinit2.o(.ARM.Collect$$libinit$$0000001D)
    __rt_lib_init_stdio_1                    0x080001f9   Thumb Code     0  libinit2.o(.ARM.Collect$$libinit$$00000025)
    __rt_lib_shutdown                        0x080001fb   Thumb Code     0  libshutdown.o(.ARM.Collect$$libshutdown$$00000000)
    __rt_lib_shutdown_cpp_1                  0x080001fd   Thumb Code     0  libshutdown2.o(.ARM.Collect$$libshutdown$$00000002)
    __rt_lib_shutdown_fp_trap_1              0x080001fd   Thumb Code     0  libshutdown2.o(.ARM.Collect$$libshutdown$$00000007)
    __rt_lib_shutdown_heap_1                 0x080001fd   Thumb Code     0  libshutdown2.o(.ARM.Collect$$libshutdown$$0000000F)
    __rt_lib_shutdown_return                 0x080001fd   Thumb Code     0  libshutdown2.o(.ARM.Collect$$libshutdown$$00000010)
    __rt_lib_shutdown_signal_1               0x080001fd   Thumb Code     0  libshutdown2.o(.ARM.Collect$$libshutdown$$0000000A)
    __rt_lib_shutdown_stdio_1                0x080001fd   Thumb Code     0  libshutdown2.o(.ARM.Collect$$libshutdown$$00000004)
    __rt_lib_shutdown_user_alloc_1           0x080001fd   Thumb Code     0  libshutdown2.o(.ARM.Collect$$libshutdown$$0000000C)
    __rt_entry                               0x080001ff   Thumb Code     0  __rtentry.o(.ARM.Collect$$rtentry$$00000000)
    __rt_entry_presh_1                       0x080001ff   Thumb Code     0  __rtentry2.o(.ARM.Collect$$rtentry$$00000002)
    __rt_entry_sh                            0x080001ff   Thumb Code     0  __rtentry4.o(.ARM.Collect$$rtentry$$00000004)
    __rt_entry_li                            0x08000205   Thumb Code     0  __rtentry2.o(.ARM.Collect$$rtentry$$0000000A)
    __rt_entry_postsh_1                      0x08000205   Thumb Code     0  __rtentry2.o(.ARM.Collect$$rtentry$$00000009)
    __rt_entry_main                          0x08000209   Thumb Code     0  __rtentry2.o(.ARM.Collect$$rtentry$$0000000D)
    __rt_entry_postli_1                      0x08000209   Thumb Code     0  __rtentry2.o(.ARM.Collect$$rtentry$$0000000C)
    __rt_exit                                0x08000211   Thumb Code     0  rtexit.o(.ARM.Collect$$rtexit$$00000000)
    __rt_exit_ls                             0x08000213   Thumb Code     0  rtexit2.o(.ARM.Collect$$rtexit$$00000003)
    __rt_exit_prels_1                        0x08000213   Thumb Code     0  rtexit2.o(.ARM.Collect$$rtexit$$00000002)
    __rt_exit_exit                           0x08000217   Thumb Code     0  rtexit2.o(.ARM.Collect$$rtexit$$00000004)
    Reset_Handler                            0x0800021d   Thumb Code     8  startup_stm32f105xc.o(.text)
    ADC1_2_IRQHandler                        0x08000237   Thumb Code     0  startup_stm32f105xc.o(.text)
    CAN1_RX1_IRQHandler                      0x08000237   Thumb Code     0  startup_stm32f105xc.o(.text)
    CAN1_SCE_IRQHandler                      0x08000237   Thumb Code     0  startup_stm32f105xc.o(.text)
    CAN2_RX1_IRQHandler                      0x08000237   Thumb Code     0  startup_stm32f105xc.o(.text)
    CAN2_SCE_IRQHandler                      0x08000237   Thumb Code     0  startup_stm32f105xc.o(.text)
    DMA1_Channel2_IRQHandler                 0x08000237   Thumb Code     0  startup_stm32f105xc.o(.text)
    DMA1_Channel3_IRQHandler                 0x08000237   Thumb Code     0  startup_stm32f105xc.o(.text)
    DMA1_Channel4_IRQHandler                 0x08000237   Thumb Code     0  startup_stm32f105xc.o(.text)
    DMA1_Channel5_IRQHandler                 0x08000237   Thumb Code     0  startup_stm32f105xc.o(.text)
    DMA1_Channel6_IRQHandler                 0x08000237   Thumb Code     0  startup_stm32f105xc.o(.text)
    DMA1_Channel7_IRQHandler                 0x08000237   Thumb Code     0  startup_stm32f105xc.o(.text)
    DMA2_Channel1_IRQHandler                 0x08000237   Thumb Code     0  startup_stm32f105xc.o(.text)
    DMA2_Channel2_IRQHandler                 0x08000237   Thumb Code     0  startup_stm32f105xc.o(.text)
    DMA2_Channel3_IRQHandler                 0x08000237   Thumb Code     0  startup_stm32f105xc.o(.text)
    DMA2_Channel4_IRQHandler                 0x08000237   Thumb Code     0  startup_stm32f105xc.o(.text)
    DMA2_Channel5_IRQHandler                 0x08000237   Thumb Code     0  startup_stm32f105xc.o(.text)
    EXTI0_IRQHandler                         0x08000237   Thumb Code     0  startup_stm32f105xc.o(.text)
    EXTI15_10_IRQHandler                     0x08000237   Thumb Code     0  startup_stm32f105xc.o(.text)
    EXTI1_IRQHandler                         0x08000237   Thumb Code     0  startup_stm32f105xc.o(.text)
    EXTI2_IRQHandler                         0x08000237   Thumb Code     0  startup_stm32f105xc.o(.text)
    EXTI3_IRQHandler                         0x08000237   Thumb Code     0  startup_stm32f105xc.o(.text)
    EXTI4_IRQHandler                         0x08000237   Thumb Code     0  startup_stm32f105xc.o(.text)
    EXTI9_5_IRQHandler                       0x08000237   Thumb Code     0  startup_stm32f105xc.o(.text)
    FLASH_IRQHandler                         0x08000237   Thumb Code     0  startup_stm32f105xc.o(.text)
    I2C1_ER_IRQHandler                       0x08000237   Thumb Code     0  startup_stm32f105xc.o(.text)
    I2C1_EV_IRQHandler                       0x08000237   Thumb Code     0  startup_stm32f105xc.o(.text)
    I2C2_ER_IRQHandler                       0x08000237   Thumb Code     0  startup_stm32f105xc.o(.text)
    I2C2_EV_IRQHandler                       0x08000237   Thumb Code     0  startup_stm32f105xc.o(.text)
    OTG_FS_IRQHandler                        0x08000237   Thumb Code     0  startup_stm32f105xc.o(.text)
    OTG_FS_WKUP_IRQHandler                   0x08000237   Thumb Code     0  startup_stm32f105xc.o(.text)
    PVD_IRQHandler                           0x08000237   Thumb Code     0  startup_stm32f105xc.o(.text)
    RCC_IRQHandler                           0x08000237   Thumb Code     0  startup_stm32f105xc.o(.text)
    RTC_Alarm_IRQHandler                     0x08000237   Thumb Code     0  startup_stm32f105xc.o(.text)
    RTC_IRQHandler                           0x08000237   Thumb Code     0  startup_stm32f105xc.o(.text)
    SPI1_IRQHandler                          0x08000237   Thumb Code     0  startup_stm32f105xc.o(.text)
    SPI2_IRQHandler                          0x08000237   Thumb Code     0  startup_stm32f105xc.o(.text)
    SPI3_IRQHandler                          0x08000237   Thumb Code     0  startup_stm32f105xc.o(.text)
    TAMPER_IRQHandler                        0x08000237   Thumb Code     0  startup_stm32f105xc.o(.text)
    TIM1_BRK_IRQHandler                      0x08000237   Thumb Code     0  startup_stm32f105xc.o(.text)
    TIM1_CC_IRQHandler                       0x08000237   Thumb Code     0  startup_stm32f105xc.o(.text)
    TIM1_TRG_COM_IRQHandler                  0x08000237   Thumb Code     0  startup_stm32f105xc.o(.text)
    TIM1_UP_IRQHandler                       0x08000237   Thumb Code     0  startup_stm32f105xc.o(.text)
    TIM2_IRQHandler                          0x08000237   Thumb Code     0  startup_stm32f105xc.o(.text)
    TIM4_IRQHandler                          0x08000237   Thumb Code     0  startup_stm32f105xc.o(.text)
    TIM5_IRQHandler                          0x08000237   Thumb Code     0  startup_stm32f105xc.o(.text)
    TIM6_IRQHandler                          0x08000237   Thumb Code     0  startup_stm32f105xc.o(.text)
    TIM7_IRQHandler                          0x08000237   Thumb Code     0  startup_stm32f105xc.o(.text)
    UART4_IRQHandler                         0x08000237   Thumb Code     0  startup_stm32f105xc.o(.text)
    UART5_IRQHandler                         0x08000237   Thumb Code     0  startup_stm32f105xc.o(.text)
    USART2_IRQHandler                        0x08000237   Thumb Code     0  startup_stm32f105xc.o(.text)
    USART3_IRQHandler                        0x08000237   Thumb Code     0  startup_stm32f105xc.o(.text)
    WWDG_IRQHandler                          0x08000237   Thumb Code     0  startup_stm32f105xc.o(.text)
    __user_initial_stackheap                 0x08000239   Thumb Code     0  startup_stm32f105xc.o(.text)
    __aeabi_uldivmod                         0x0800025d   Thumb Code     0  lludivv7m.o(.text)
    _ll_udiv                                 0x0800025d   Thumb Code   238  lludivv7m.o(.text)
    __2snprintf                              0x0800034d   Thumb Code    50  __2snprintf.o(.text)
    _printf_pre_padding                      0x08000385   Thumb Code    44  _printf_pad.o(.text)
    _printf_post_padding                     0x080003b1   Thumb Code    34  _printf_pad.o(.text)
    _printf_str                              0x080003d3   Thumb Code    82  _printf_str.o(.text)
    _printf_int_dec                          0x08000425   Thumb Code   104  _printf_dec.o(.text)
    _printf_int_hex                          0x0800049d   Thumb Code    84  _printf_hex_int.o(.text)
    _printf_longlong_hex                     0x0800049d   Thumb Code     0  _printf_hex_int.o(.text)
    __printf                                 0x080004f5   Thumb Code   388  __printf_flags_ss_wp.o(.text)
    __aeabi_memcpy4                          0x0800067d   Thumb Code     0  rt_memcpy_w.o(.text)
    __aeabi_memcpy8                          0x0800067d   Thumb Code     0  rt_memcpy_w.o(.text)
    __rt_memcpy_w                            0x0800067d   Thumb Code   100  rt_memcpy_w.o(.text)
    _memcpy_lastbytes_aligned                0x080006c5   Thumb Code     0  rt_memcpy_w.o(.text)
    __aeabi_memclr4                          0x080006e1   Thumb Code     0  rt_memclr_w.o(.text)
    __aeabi_memclr8                          0x080006e1   Thumb Code     0  rt_memclr_w.o(.text)
    __rt_memclr_w                            0x080006e1   Thumb Code    78  rt_memclr_w.o(.text)
    _memset_w                                0x080006e5   Thumb Code     0  rt_memclr_w.o(.text)
    __use_two_region_memory                  0x0800072f   Thumb Code     2  heapauxi.o(.text)
    __rt_heap_escrow$2region                 0x08000731   Thumb Code     2  heapauxi.o(.text)
    __rt_heap_expand$2region                 0x08000733   Thumb Code     2  heapauxi.o(.text)
    _printf_int_common                       0x08000735   Thumb Code   178  _printf_intcommon.o(.text)
    __lib_sel_fp_printf                      0x080007e7   Thumb Code     2  _printf_fp_dec.o(.text)
    _printf_fp_dec_real                      0x08000999   Thumb Code   620  _printf_fp_dec.o(.text)
    _printf_char_common                      0x08000c0f   Thumb Code    32  _printf_char_common.o(.text)
    _sputc                                   0x08000c35   Thumb Code    10  _sputc.o(.text)
    _snputc                                  0x08000c3f   Thumb Code    16  _snputc.o(.text)
    _printf_cs_common                        0x08000c4f   Thumb Code    20  _printf_char.o(.text)
    _printf_char                             0x08000c63   Thumb Code    16  _printf_char.o(.text)
    _printf_string                           0x08000c73   Thumb Code     8  _printf_char.o(.text)
    __rt_locale                              0x08000c7d   Thumb Code     8  rt_locale_intlibspace.o(.text)
    _ll_udiv10                               0x08000c85   Thumb Code   138  lludiv10.o(.text)
    _printf_fp_infnan                        0x08000d11   Thumb Code   112  _printf_fp_infnan.o(.text)
    _btod_etento                             0x08000d91   Thumb Code   224  bigflt0.o(.text)
    __user_libspace                          0x08000e75   Thumb Code     8  libspace.o(.text)
    __user_perproc_libspace                  0x08000e75   Thumb Code     0  libspace.o(.text)
    __user_perthread_libspace                0x08000e75   Thumb Code     0  libspace.o(.text)
    __user_setup_stackheap                   0x08000e7d   Thumb Code    74  sys_stackheap_outer.o(.text)
    exit                                     0x08000ec7   Thumb Code    18  exit.o(.text)
    strcmp                                   0x08000ed9   Thumb Code   128  strcmpv7m.o(.text)
    _sys_exit                                0x08000f59   Thumb Code     8  sys_exit.o(.text)
    __I$use$semihosting                      0x08000f65   Thumb Code     0  use_no_semi.o(.text)
    __use_no_semihosting_swi                 0x08000f65   Thumb Code     2  use_no_semi.o(.text)
    __semihosting_library_function           0x08000f67   Thumb Code     0  indicate_semi.o(.text)
    _btod_d2e                                0x08000f67   Thumb Code    62  btod.o(CL$$btod_d2e)
    _d2e_denorm_low                          0x08000fa5   Thumb Code    70  btod.o(CL$$btod_d2e_denorm_low)
    _d2e_norm_op1                            0x08000feb   Thumb Code    96  btod.o(CL$$btod_d2e_norm_op1)
    __btod_div_common                        0x0800104b   Thumb Code   696  btod.o(CL$$btod_div_common)
    _e2e                                     0x08001383   Thumb Code   220  btod.o(CL$$btod_e2e)
    _btod_ediv                               0x0800145f   Thumb Code    42  btod.o(CL$$btod_ediv)
    _btod_emul                               0x08001489   Thumb Code    42  btod.o(CL$$btod_emul)
    __btod_mult_common                       0x080014b3   Thumb Code   580  btod.o(CL$$btod_mult_common)
    ADC_ConversionStop_Disable               0x080016f9   Thumb Code    86  stm32f1xx_hal_adc.o(i.ADC_ConversionStop_Disable)
    ADC_DMAConvCplt                          0x0800174f   Thumb Code    78  stm32f1xx_hal_adc.o(i.ADC_DMAConvCplt)
    ADC_DMAError                             0x0800179d   Thumb Code    26  stm32f1xx_hal_adc.o(i.ADC_DMAError)
    ADC_DMAHalfConvCplt                      0x080017b7   Thumb Code    10  stm32f1xx_hal_adc.o(i.ADC_DMAHalfConvCplt)
    ADC_Enable                               0x080017c1   Thumb Code   114  stm32f1xx_hal_adc.o(i.ADC_Enable)
    ADC_GetRawValues                         0x0800183d   Thumb Code    24  adc.o(i.ADC_GetRawValues)
    ADC_GetSensorHandle                      0x08001859   Thumb Code     4  adc.o(i.ADC_GetSensorHandle)
    ADC_ProcessSensorData                    0x08001861   Thumb Code   214  adc.o(i.ADC_ProcessSensorData)
    ADC_StartDMA                             0x08001961   Thumb Code    10  adc.o(i.ADC_StartDMA)
    BusFault_Handler                         0x08001975   Thumb Code     2  stm32f1xx_it.o(i.BusFault_Handler)
    CAN1_RX0_IRQHandler                      0x08001979   Thumb Code     6  stm32f1xx_it.o(i.CAN1_RX0_IRQHandler)
    CAN1_TX_IRQHandler                       0x08001985   Thumb Code     6  stm32f1xx_it.o(i.CAN1_TX_IRQHandler)
    CAN2_RX0_IRQHandler                      0x08001991   Thumb Code     6  stm32f1xx_it.o(i.CAN2_RX0_IRQHandler)
    CAN2_TX_IRQHandler                       0x0800199d   Thumb Code     6  stm32f1xx_it.o(i.CAN2_TX_IRQHandler)
    CAN_TestInit                             0x080019a9   Thumb Code   140  can.o(i.CAN_TestInit)
    CAN_TestSendMessage                      0x08001a3d   Thumb Code   292  can.o(i.CAN_TestSendMessage)
    DMA1_Channel1_IRQHandler                 0x08001bd1   Thumb Code     6  stm32f1xx_it.o(i.DMA1_Channel1_IRQHandler)
    DebugMon_Handler                         0x08001c07   Thumb Code     2  stm32f1xx_it.o(i.DebugMon_Handler)
    Error_Handler                            0x08001c09   Thumb Code     4  main.o(i.Error_Handler)
    HAL_ADC_ConfigChannel                    0x08001c0d   Thumb Code   240  stm32f1xx_hal_adc.o(i.HAL_ADC_ConfigChannel)
    HAL_ADC_ConvCpltCallback                 0x08001d09   Thumb Code    32  adc.o(i.HAL_ADC_ConvCpltCallback)
    HAL_ADC_ConvHalfCpltCallback             0x08001d31   Thumb Code     2  stm32f1xx_hal_adc.o(i.HAL_ADC_ConvHalfCpltCallback)
    HAL_ADC_ErrorCallback                    0x08001d33   Thumb Code     2  stm32f1xx_hal_adc.o(i.HAL_ADC_ErrorCallback)
    HAL_ADC_Init                             0x08001d35   Thumb Code   272  stm32f1xx_hal_adc.o(i.HAL_ADC_Init)
    HAL_ADC_MspInit                          0x08001e51   Thumb Code   122  adc.o(i.HAL_ADC_MspInit)
    HAL_ADC_Start_DMA                        0x08001ee1   Thumb Code   246  stm32f1xx_hal_adc.o(i.HAL_ADC_Start_DMA)
    HAL_CAN_ActivateNotification             0x08001fed   Thumb Code    36  stm32f1xx_hal_can.o(i.HAL_CAN_ActivateNotification)
    HAL_CAN_AddTxMessage                     0x08002011   Thumb Code   188  stm32f1xx_hal_can.o(i.HAL_CAN_AddTxMessage)
    HAL_CAN_ConfigFilter                     0x080020cd   Thumb Code   262  stm32f1xx_hal_can.o(i.HAL_CAN_ConfigFilter)
    HAL_CAN_ErrorCallback                    0x080021d9   Thumb Code    62  can.o(i.HAL_CAN_ErrorCallback)
    HAL_CAN_GetError                         0x08002255   Thumb Code     4  stm32f1xx_hal_can.o(i.HAL_CAN_GetError)
    HAL_CAN_GetRxMessage                     0x08002259   Thumb Code   244  stm32f1xx_hal_can.o(i.HAL_CAN_GetRxMessage)
    HAL_CAN_IRQHandler                       0x0800234d   Thumb Code   508  stm32f1xx_hal_can.o(i.HAL_CAN_IRQHandler)
    HAL_CAN_Init                             0x08002549   Thumb Code   282  stm32f1xx_hal_can.o(i.HAL_CAN_Init)
    HAL_CAN_MspInit                          0x08002665   Thumb Code   258  can.o(i.HAL_CAN_MspInit)
    HAL_CAN_ResetError                       0x08002781   Thumb Code    34  stm32f1xx_hal_can.o(i.HAL_CAN_ResetError)
    HAL_CAN_RxFifo0FullCallback              0x080027a3   Thumb Code     2  stm32f1xx_hal_can.o(i.HAL_CAN_RxFifo0FullCallback)
    HAL_CAN_RxFifo0MsgPendingCallback        0x080027a5   Thumb Code   116  can.o(i.HAL_CAN_RxFifo0MsgPendingCallback)
    HAL_CAN_RxFifo1FullCallback              0x08002831   Thumb Code     2  stm32f1xx_hal_can.o(i.HAL_CAN_RxFifo1FullCallback)
    HAL_CAN_RxFifo1MsgPendingCallback        0x08002835   Thumb Code   116  can.o(i.HAL_CAN_RxFifo1MsgPendingCallback)
    HAL_CAN_SleepCallback                    0x080028c1   Thumb Code     2  stm32f1xx_hal_can.o(i.HAL_CAN_SleepCallback)
    HAL_CAN_Start                            0x080028c5   Thumb Code    88  stm32f1xx_hal_can.o(i.HAL_CAN_Start)
    HAL_CAN_TxMailbox0AbortCallback          0x0800291d   Thumb Code     2  stm32f1xx_hal_can.o(i.HAL_CAN_TxMailbox0AbortCallback)
    HAL_CAN_TxMailbox0CompleteCallback       0x08002921   Thumb Code    44  can.o(i.HAL_CAN_TxMailbox0CompleteCallback)
    HAL_CAN_TxMailbox1AbortCallback          0x08002985   Thumb Code     2  stm32f1xx_hal_can.o(i.HAL_CAN_TxMailbox1AbortCallback)
    HAL_CAN_TxMailbox1CompleteCallback       0x08002989   Thumb Code    44  can.o(i.HAL_CAN_TxMailbox1CompleteCallback)
    HAL_CAN_TxMailbox2AbortCallback          0x080029ed   Thumb Code     2  stm32f1xx_hal_can.o(i.HAL_CAN_TxMailbox2AbortCallback)
    HAL_CAN_TxMailbox2CompleteCallback       0x080029f1   Thumb Code    44  can.o(i.HAL_CAN_TxMailbox2CompleteCallback)
    HAL_CAN_WakeUpFromRxMsgCallback          0x08002a55   Thumb Code     2  stm32f1xx_hal_can.o(i.HAL_CAN_WakeUpFromRxMsgCallback)
    HAL_DMA_Abort                            0x08002a57   Thumb Code    70  stm32f1xx_hal_dma.o(i.HAL_DMA_Abort)
    HAL_DMA_Abort_IT                         0x08002a9d   Thumb Code   296  stm32f1xx_hal_dma.o(i.HAL_DMA_Abort_IT)
    HAL_DMA_IRQHandler                       0x08002bcd   Thumb Code   552  stm32f1xx_hal_dma.o(i.HAL_DMA_IRQHandler)
    HAL_DMA_Init                             0x08002e15   Thumb Code   112  stm32f1xx_hal_dma.o(i.HAL_DMA_Init)
    HAL_DMA_Start_IT                         0x08002e91   Thumb Code   112  stm32f1xx_hal_dma.o(i.HAL_DMA_Start_IT)
    HAL_GPIO_Init                            0x08002f01   Thumb Code   446  stm32f1xx_hal_gpio.o(i.HAL_GPIO_Init)
    HAL_GPIO_ReadPin                         0x080030e1   Thumb Code    10  stm32f1xx_hal_gpio.o(i.HAL_GPIO_ReadPin)
    HAL_GPIO_WritePin                        0x080030eb   Thumb Code    10  stm32f1xx_hal_gpio.o(i.HAL_GPIO_WritePin)
    HAL_GetTick                              0x080030f5   Thumb Code     6  stm32f1xx_hal.o(i.HAL_GetTick)
    HAL_IncTick                              0x08003101   Thumb Code    12  stm32f1xx_hal.o(i.HAL_IncTick)
    HAL_Init                                 0x08003111   Thumb Code    32  stm32f1xx_hal.o(i.HAL_Init)
    HAL_InitTick                             0x08003135   Thumb Code    54  stm32f1xx_hal.o(i.HAL_InitTick)
    HAL_MspInit                              0x08003175   Thumb Code    52  stm32f1xx_hal_msp.o(i.HAL_MspInit)
    HAL_NVIC_EnableIRQ                       0x080031b1   Thumb Code    26  stm32f1xx_hal_cortex.o(i.HAL_NVIC_EnableIRQ)
    HAL_NVIC_SetPriority                     0x080031cd   Thumb Code    60  stm32f1xx_hal_cortex.o(i.HAL_NVIC_SetPriority)
    HAL_NVIC_SetPriorityGrouping             0x0800320d   Thumb Code    26  stm32f1xx_hal_cortex.o(i.HAL_NVIC_SetPriorityGrouping)
    HAL_RCCEx_PeriphCLKConfig                0x08003231   Thumb Code   374  stm32f1xx_hal_rcc_ex.o(i.HAL_RCCEx_PeriphCLKConfig)
    HAL_RCC_ClockConfig                      0x080033b9   Thumb Code   280  stm32f1xx_hal_rcc.o(i.HAL_RCC_ClockConfig)
    HAL_RCC_GetPCLK1Freq                     0x080034e5   Thumb Code    20  stm32f1xx_hal_rcc.o(i.HAL_RCC_GetPCLK1Freq)
    HAL_RCC_GetPCLK2Freq                     0x08003505   Thumb Code    20  stm32f1xx_hal_rcc.o(i.HAL_RCC_GetPCLK2Freq)
    HAL_RCC_GetSysClockFreq                  0x08003525   Thumb Code   122  stm32f1xx_hal_rcc.o(i.HAL_RCC_GetSysClockFreq)
    HAL_RCC_OscConfig                        0x080035b1   Thumb Code   974  stm32f1xx_hal_rcc.o(i.HAL_RCC_OscConfig)
    HAL_SYSTICK_Config                       0x08003995   Thumb Code    40  stm32f1xx_hal_cortex.o(i.HAL_SYSTICK_Config)
    HAL_TIMEx_BreakCallback                  0x080039bd   Thumb Code     2  stm32f1xx_hal_tim_ex.o(i.HAL_TIMEx_BreakCallback)
    HAL_TIMEx_CommutCallback                 0x080039bf   Thumb Code     2  stm32f1xx_hal_tim_ex.o(i.HAL_TIMEx_CommutCallback)
    HAL_TIMEx_MasterConfigSynchronization    0x080039c1   Thumb Code    98  stm32f1xx_hal_tim_ex.o(i.HAL_TIMEx_MasterConfigSynchronization)
    HAL_TIM_Base_Init                        0x08003a35   Thumb Code    90  stm32f1xx_hal_tim.o(i.HAL_TIM_Base_Init)
    HAL_TIM_Base_MspInit                     0x08003a91   Thumb Code    50  tim.o(i.HAL_TIM_Base_MspInit)
    HAL_TIM_Base_Start_IT                    0x08003acd   Thumb Code    82  stm32f1xx_hal_tim.o(i.HAL_TIM_Base_Start_IT)
    HAL_TIM_ConfigClockSource                0x08003b31   Thumb Code   220  stm32f1xx_hal_tim.o(i.HAL_TIM_ConfigClockSource)
    HAL_TIM_IC_CaptureCallback               0x08003c0d   Thumb Code     2  stm32f1xx_hal_tim.o(i.HAL_TIM_IC_CaptureCallback)
    HAL_TIM_IRQHandler                       0x08003c0f   Thumb Code   304  stm32f1xx_hal_tim.o(i.HAL_TIM_IRQHandler)
    HAL_TIM_OC_DelayElapsedCallback          0x08003d3f   Thumb Code     2  stm32f1xx_hal_tim.o(i.HAL_TIM_OC_DelayElapsedCallback)
    HAL_TIM_PWM_PulseFinishedCallback        0x08003d41   Thumb Code     2  stm32f1xx_hal_tim.o(i.HAL_TIM_PWM_PulseFinishedCallback)
    HAL_TIM_PeriodElapsedCallback            0x08003d45   Thumb Code   198  tick.o(i.HAL_TIM_PeriodElapsedCallback)
    HAL_TIM_TriggerCallback                  0x08003e15   Thumb Code     2  stm32f1xx_hal_tim.o(i.HAL_TIM_TriggerCallback)
    HAL_UARTEx_RxEventCallback               0x08003e17   Thumb Code     2  stm32f1xx_hal_uart.o(i.HAL_UARTEx_RxEventCallback)
    HAL_UART_ErrorCallback                   0x08003e19   Thumb Code     2  stm32f1xx_hal_uart.o(i.HAL_UART_ErrorCallback)
    HAL_UART_IRQHandler                      0x08003e1d   Thumb Code   616  stm32f1xx_hal_uart.o(i.HAL_UART_IRQHandler)
    HAL_UART_Init                            0x08004089   Thumb Code   100  stm32f1xx_hal_uart.o(i.HAL_UART_Init)
    HAL_UART_MspInit                         0x080040ed   Thumb Code   116  usart.o(i.HAL_UART_MspInit)
    HAL_UART_RxCpltCallback                  0x0800416d   Thumb Code     2  stm32f1xx_hal_uart.o(i.HAL_UART_RxCpltCallback)
    HAL_UART_Transmit                        0x0800416f   Thumb Code   160  stm32f1xx_hal_uart.o(i.HAL_UART_Transmit)
    HAL_UART_TxCpltCallback                  0x0800420f   Thumb Code     2  stm32f1xx_hal_uart.o(i.HAL_UART_TxCpltCallback)
    HardFault_Handler                        0x08004211   Thumb Code     2  stm32f1xx_it.o(i.HardFault_Handler)
    MX_ADC1_Init                             0x08004215   Thumb Code   138  adc.o(i.MX_ADC1_Init)
    MX_CAN1_Init                             0x080042a9   Thumb Code    66  can.o(i.MX_CAN1_Init)
    MX_CAN2_Init                             0x080042f5   Thumb Code    66  can.o(i.MX_CAN2_Init)
    MX_DMA_Init                              0x08004341   Thumb Code    40  dma.o(i.MX_DMA_Init)
    MX_GPIO_Init                             0x0800436d   Thumb Code   198  gpio.o(i.MX_GPIO_Init)
    MX_TIM3_Init                             0x08004445   Thumb Code    94  tim.o(i.MX_TIM3_Init)
    MX_USART1_UART_Init                      0x080044ad   Thumb Code    48  usart.o(i.MX_USART1_UART_Init)
    MemManage_Handler                        0x080044e5   Thumb Code     2  stm32f1xx_it.o(i.MemManage_Handler)
    NMI_Handler                              0x080044e7   Thumb Code     2  stm32f1xx_it.o(i.NMI_Handler)
    PendSV_Handler                           0x080044e9   Thumb Code     2  stm32f1xx_it.o(i.PendSV_Handler)
    SVC_Handler                              0x080044eb   Thumb Code     2  stm32f1xx_it.o(i.SVC_Handler)
    SysTick_Handler                          0x080044ed   Thumb Code     4  stm32f1xx_it.o(i.SysTick_Handler)
    SystemClock_Config                       0x080044f1   Thumb Code   128  main.o(i.SystemClock_Config)
    SystemInit                               0x08004575   Thumb Code     2  system_stm32f1xx.o(i.SystemInit)
    TIM3_IRQHandler                          0x08004579   Thumb Code     6  stm32f1xx_it.o(i.TIM3_IRQHandler)
    TIM_Base_SetConfig                       0x08004585   Thumb Code   120  stm32f1xx_hal_tim.o(i.TIM_Base_SetConfig)
    TIM_ETR_SetConfig                        0x0800460d   Thumb Code    20  stm32f1xx_hal_tim.o(i.TIM_ETR_SetConfig)
    UART1_Send                               0x08004679   Thumb Code    12  usart.o(i.UART1_Send)
    USART1_IRQHandler                        0x080048d5   Thumb Code     6  stm32f1xx_it.o(i.USART1_IRQHandler)
    UsageFault_Handler                       0x080048e1   Thumb Code     2  stm32f1xx_it.o(i.UsageFault_Handler)
    Vehicle_BrakeLightCheck                  0x080048e5   Thumb Code    42  vehicle.o(i.Vehicle_BrakeLightCheck)
    Vehicle_GearShiftCheck                   0x08004919   Thumb Code    84  vehicle.o(i.Vehicle_GearShiftCheck)
    Vehicle_GearTick                         0x0800497d   Thumb Code    32  vehicle.o(i.Vehicle_GearTick)
    Vehicle_Init                             0x080049a5   Thumb Code    48  vehicle.o(i.Vehicle_Init)
    Vehicle_LED1_Blink                       0x080049e1   Thumb Code    36  vehicle.o(i.Vehicle_LED1_Blink)
    Vehicle_SensorReport                     0x08004a0d   Thumb Code   108  vehicle.o(i.Vehicle_SensorReport)
    __ARM_fpclassify                         0x08004abd   Thumb Code    40  fpclassify.o(i.__ARM_fpclassify)
    _is_digit                                0x08004b05   Thumb Code    14  __printf_wp.o(i._is_digit)
    main                                     0x08004b15   Thumb Code   110  main.o(i.main)
    tick_init                                0x08004b89   Thumb Code     6  tick.o(i.tick_init)
    _get_lc_numeric                          0x08004b95   Thumb Code    44  lc_numeric_c.o(locale$$code)
    __fpl_dretinf                            0x08004bc1   Thumb Code    12  dretinf.o(x$fpl$dretinf)
    __aeabi_f2d                              0x08004bcd   Thumb Code     0  f2d.o(x$fpl$f2d)
    _f2d                                     0x08004bcd   Thumb Code    86  f2d.o(x$fpl$f2d)
    __aeabi_fdiv                             0x08004c25   Thumb Code     0  fdiv.o(x$fpl$fdiv)
    _fdiv                                    0x08004c25   Thumb Code   384  fdiv.o(x$fpl$fdiv)
    __aeabi_ui2f                             0x08004da9   Thumb Code     0  fflt_clz.o(x$fpl$ffltu)
    _ffltu                                   0x08004da9   Thumb Code    38  fflt_clz.o(x$fpl$ffltu)
    __aeabi_fmul                             0x08004dd1   Thumb Code     0  fmul.o(x$fpl$fmul)
    _fmul                                    0x08004dd1   Thumb Code   258  fmul.o(x$fpl$fmul)
    __fpl_fnaninf                            0x08004ed3   Thumb Code   140  fnaninf.o(x$fpl$fnaninf)
    __fpl_fretinf                            0x08004f5f   Thumb Code    10  fretinf.o(x$fpl$fretinf)
    _printf_fp_dec                           0x08004f69   Thumb Code     4  printf1.o(x$fpl$printf1)
    __I$use$fp                               0x08004f6c   Number         0  usenofp.o(x$fpl$usenofp)
    AHBPrescTable                            0x08004f8a   Data          16  system_stm32f1xx.o(.constdata)
    APBPrescTable                            0x08004f9a   Data           8  system_stm32f1xx.o(.constdata)
    Region$$Table$$Base                      0x080052bc   Number         0  anon$$obj.o(Region$$Table)
    Region$$Table$$Limit                     0x080052dc   Number         0  anon$$obj.o(Region$$Table)
    uwTickFreq                               0x2000001c   Data           1  stm32f1xx_hal.o(.data)
    uwTickPrio                               0x20000020   Data           4  stm32f1xx_hal.o(.data)
    uwTick                                   0x20000024   Data           4  stm32f1xx_hal.o(.data)
    SystemCoreClock                          0x20000028   Data           4  system_stm32f1xx.o(.data)
    time_flag                                0x2000002c   Data           1  tick.o(.data)
    hadc1                                    0x20000054   Data          48  adc.o(.bss)
    hdma_adc1                                0x20000084   Data          68  adc.o(.bss)
    hcan1                                    0x200000c8   Data          40  can.o(.bss)
    hcan2                                    0x200000f0   Data          40  can.o(.bss)
    htim3                                    0x20000118   Data          72  tim.o(.bss)
    huart1                                   0x20000160   Data          72  usart.o(.bss)
    __libspace_start                         0x200001a8   Data          96  libspace.o(.bss)
    __temporary_stack_top$libspace           0x20000208   Data           0  libspace.o(.bss)



==============================================================================

Memory Map of the image

  Image Entry point : 0x08000151

  Load Region LR_IROM1 (Base: 0x08000000, Size: 0x00005330, Max: 0x00040000, ABSOLUTE)

    Execution Region ER_IROM1 (Exec base: 0x08000000, Load base: 0x08000000, Size: 0x000052f8, Max: 0x00040000, ABSOLUTE)

    Exec Addr    Load Addr    Size         Type   Attr      Idx    E Section Name        Object

    0x08000000   0x08000000   0x00000150   Data   RO            3    RESET               startup_stm32f105xc.o
    0x08000150   0x08000150   0x00000008   Code   RO         3784  * !!!main             c_w.l(__main.o)
    0x08000158   0x08000158   0x00000034   Code   RO         4032    !!!scatter          c_w.l(__scatter.o)
    0x0800018c   0x0800018c   0x0000001a   Code   RO         4034    !!handler_copy      c_w.l(__scatter_copy.o)
    0x080001a6   0x080001a6   0x00000002   PAD
    0x080001a8   0x080001a8   0x0000001c   Code   RO         4036    !!handler_zi        c_w.l(__scatter_zi.o)
    0x080001c4   0x080001c4   0x00000000   Code   RO         3777    .ARM.Collect$$_printf_percent$$00000000  c_w.l(_printf_percent.o)
    0x080001c4   0x080001c4   0x00000006   Code   RO         3776    .ARM.Collect$$_printf_percent$$00000003  c_w.l(_printf_f.o)
    0x080001ca   0x080001ca   0x00000006   Code   RO         3775    .ARM.Collect$$_printf_percent$$00000009  c_w.l(_printf_d.o)
    0x080001d0   0x080001d0   0x00000006   Code   RO         3774    .ARM.Collect$$_printf_percent$$0000000C  c_w.l(_printf_x.o)
    0x080001d6   0x080001d6   0x00000006   Code   RO         3772    .ARM.Collect$$_printf_percent$$00000013  c_w.l(_printf_c.o)
    0x080001dc   0x080001dc   0x00000006   Code   RO         3773    .ARM.Collect$$_printf_percent$$00000014  c_w.l(_printf_s.o)
    0x080001e2   0x080001e2   0x00000004   Code   RO         3819    .ARM.Collect$$_printf_percent$$00000017  c_w.l(_printf_percent_end.o)
    0x080001e6   0x080001e6   0x00000002   Code   RO         3905    .ARM.Collect$$libinit$$00000000  c_w.l(libinit.o)
    0x080001e8   0x080001e8   0x00000000   Code   RO         3907    .ARM.Collect$$libinit$$00000002  c_w.l(libinit2.o)
    0x080001e8   0x080001e8   0x00000000   Code   RO         3909    .ARM.Collect$$libinit$$00000004  c_w.l(libinit2.o)
    0x080001e8   0x080001e8   0x00000000   Code   RO         3912    .ARM.Collect$$libinit$$0000000A  c_w.l(libinit2.o)
    0x080001e8   0x080001e8   0x00000000   Code   RO         3914    .ARM.Collect$$libinit$$0000000C  c_w.l(libinit2.o)
    0x080001e8   0x080001e8   0x00000000   Code   RO         3916    .ARM.Collect$$libinit$$0000000E  c_w.l(libinit2.o)
    0x080001e8   0x080001e8   0x00000006   Code   RO         3917    .ARM.Collect$$libinit$$0000000F  c_w.l(libinit2.o)
    0x080001ee   0x080001ee   0x00000000   Code   RO         3919    .ARM.Collect$$libinit$$00000011  c_w.l(libinit2.o)
    0x080001ee   0x080001ee   0x00000000   Code   RO         3921    .ARM.Collect$$libinit$$00000013  c_w.l(libinit2.o)
    0x080001ee   0x080001ee   0x00000000   Code   RO         3923    .ARM.Collect$$libinit$$00000015  c_w.l(libinit2.o)
    0x080001ee   0x080001ee   0x0000000a   Code   RO         3924    .ARM.Collect$$libinit$$00000016  c_w.l(libinit2.o)
    0x080001f8   0x080001f8   0x00000000   Code   RO         3925    .ARM.Collect$$libinit$$00000017  c_w.l(libinit2.o)
    0x080001f8   0x080001f8   0x00000000   Code   RO         3927    .ARM.Collect$$libinit$$00000019  c_w.l(libinit2.o)
    0x080001f8   0x080001f8   0x00000000   Code   RO         3929    .ARM.Collect$$libinit$$0000001B  c_w.l(libinit2.o)
    0x080001f8   0x080001f8   0x00000000   Code   RO         3931    .ARM.Collect$$libinit$$0000001D  c_w.l(libinit2.o)
    0x080001f8   0x080001f8   0x00000000   Code   RO         3933    .ARM.Collect$$libinit$$0000001F  c_w.l(libinit2.o)
    0x080001f8   0x080001f8   0x00000000   Code   RO         3935    .ARM.Collect$$libinit$$00000021  c_w.l(libinit2.o)
    0x080001f8   0x080001f8   0x00000000   Code   RO         3937    .ARM.Collect$$libinit$$00000023  c_w.l(libinit2.o)
    0x080001f8   0x080001f8   0x00000000   Code   RO         3939    .ARM.Collect$$libinit$$00000025  c_w.l(libinit2.o)
    0x080001f8   0x080001f8   0x00000000   Code   RO         3943    .ARM.Collect$$libinit$$0000002C  c_w.l(libinit2.o)
    0x080001f8   0x080001f8   0x00000000   Code   RO         3945    .ARM.Collect$$libinit$$0000002E  c_w.l(libinit2.o)
    0x080001f8   0x080001f8   0x00000000   Code   RO         3947    .ARM.Collect$$libinit$$00000030  c_w.l(libinit2.o)
    0x080001f8   0x080001f8   0x00000000   Code   RO         3949    .ARM.Collect$$libinit$$00000032  c_w.l(libinit2.o)
    0x080001f8   0x080001f8   0x00000002   Code   RO         3950    .ARM.Collect$$libinit$$00000033  c_w.l(libinit2.o)
    0x080001fa   0x080001fa   0x00000002   Code   RO         3997    .ARM.Collect$$libshutdown$$00000000  c_w.l(libshutdown.o)
    0x080001fc   0x080001fc   0x00000000   Code   RO         4015    .ARM.Collect$$libshutdown$$00000002  c_w.l(libshutdown2.o)
    0x080001fc   0x080001fc   0x00000000   Code   RO         4017    .ARM.Collect$$libshutdown$$00000004  c_w.l(libshutdown2.o)
    0x080001fc   0x080001fc   0x00000000   Code   RO         4020    .ARM.Collect$$libshutdown$$00000007  c_w.l(libshutdown2.o)
    0x080001fc   0x080001fc   0x00000000   Code   RO         4023    .ARM.Collect$$libshutdown$$0000000A  c_w.l(libshutdown2.o)
    0x080001fc   0x080001fc   0x00000000   Code   RO         4025    .ARM.Collect$$libshutdown$$0000000C  c_w.l(libshutdown2.o)
    0x080001fc   0x080001fc   0x00000000   Code   RO         4028    .ARM.Collect$$libshutdown$$0000000F  c_w.l(libshutdown2.o)
    0x080001fc   0x080001fc   0x00000002   Code   RO         4029    .ARM.Collect$$libshutdown$$00000010  c_w.l(libshutdown2.o)
    0x080001fe   0x080001fe   0x00000000   Code   RO         3802    .ARM.Collect$$rtentry$$00000000  c_w.l(__rtentry.o)
    0x080001fe   0x080001fe   0x00000000   Code   RO         3828    .ARM.Collect$$rtentry$$00000002  c_w.l(__rtentry2.o)
    0x080001fe   0x080001fe   0x00000006   Code   RO         3840    .ARM.Collect$$rtentry$$00000004  c_w.l(__rtentry4.o)
    0x08000204   0x08000204   0x00000000   Code   RO         3830    .ARM.Collect$$rtentry$$00000009  c_w.l(__rtentry2.o)
    0x08000204   0x08000204   0x00000004   Code   RO         3831    .ARM.Collect$$rtentry$$0000000A  c_w.l(__rtentry2.o)
    0x08000208   0x08000208   0x00000000   Code   RO         3833    .ARM.Collect$$rtentry$$0000000C  c_w.l(__rtentry2.o)
    0x08000208   0x08000208   0x00000008   Code   RO         3834    .ARM.Collect$$rtentry$$0000000D  c_w.l(__rtentry2.o)
    0x08000210   0x08000210   0x00000002   Code   RO         3951    .ARM.Collect$$rtexit$$00000000  c_w.l(rtexit.o)
    0x08000212   0x08000212   0x00000000   Code   RO         3966    .ARM.Collect$$rtexit$$00000002  c_w.l(rtexit2.o)
    0x08000212   0x08000212   0x00000004   Code   RO         3967    .ARM.Collect$$rtexit$$00000003  c_w.l(rtexit2.o)
    0x08000216   0x08000216   0x00000006   Code   RO         3968    .ARM.Collect$$rtexit$$00000004  c_w.l(rtexit2.o)
    0x0800021c   0x0800021c   0x00000040   Code   RO            4    .text               startup_stm32f105xc.o
    0x0800025c   0x0800025c   0x000000ee   Code   RO         3715    .text               c_w.l(lludivv7m.o)
    0x0800034a   0x0800034a   0x00000002   PAD
    0x0800034c   0x0800034c   0x00000038   Code   RO         3719    .text               c_w.l(__2snprintf.o)
    0x08000384   0x08000384   0x0000004e   Code   RO         3725    .text               c_w.l(_printf_pad.o)
    0x080003d2   0x080003d2   0x00000052   Code   RO         3727    .text               c_w.l(_printf_str.o)
    0x08000424   0x08000424   0x00000078   Code   RO         3729    .text               c_w.l(_printf_dec.o)
    0x0800049c   0x0800049c   0x00000058   Code   RO         3734    .text               c_w.l(_printf_hex_int.o)
    0x080004f4   0x080004f4   0x00000188   Code   RO         3769    .text               c_w.l(__printf_flags_ss_wp.o)
    0x0800067c   0x0800067c   0x00000064   Code   RO         3778    .text               c_w.l(rt_memcpy_w.o)
    0x080006e0   0x080006e0   0x0000004e   Code   RO         3780    .text               c_w.l(rt_memclr_w.o)
    0x0800072e   0x0800072e   0x00000006   Code   RO         3782    .text               c_w.l(heapauxi.o)
    0x08000734   0x08000734   0x000000b2   Code   RO         3807    .text               c_w.l(_printf_intcommon.o)
    0x080007e6   0x080007e6   0x0000041e   Code   RO         3809    .text               c_w.l(_printf_fp_dec.o)
    0x08000c04   0x08000c04   0x00000030   Code   RO         3811    .text               c_w.l(_printf_char_common.o)
    0x08000c34   0x08000c34   0x0000000a   Code   RO         3813    .text               c_w.l(_sputc.o)
    0x08000c3e   0x08000c3e   0x00000010   Code   RO         3815    .text               c_w.l(_snputc.o)
    0x08000c4e   0x08000c4e   0x0000002c   Code   RO         3817    .text               c_w.l(_printf_char.o)
    0x08000c7a   0x08000c7a   0x00000002   PAD
    0x08000c7c   0x08000c7c   0x00000008   Code   RO         3847    .text               c_w.l(rt_locale_intlibspace.o)
    0x08000c84   0x08000c84   0x0000008a   Code   RO         3849    .text               c_w.l(lludiv10.o)
    0x08000d0e   0x08000d0e   0x00000002   PAD
    0x08000d10   0x08000d10   0x00000080   Code   RO         3851    .text               c_w.l(_printf_fp_infnan.o)
    0x08000d90   0x08000d90   0x000000e4   Code   RO         3855    .text               c_w.l(bigflt0.o)
    0x08000e74   0x08000e74   0x00000008   Code   RO         3887    .text               c_w.l(libspace.o)
    0x08000e7c   0x08000e7c   0x0000004a   Code   RO         3890    .text               c_w.l(sys_stackheap_outer.o)
    0x08000ec6   0x08000ec6   0x00000012   Code   RO         3892    .text               c_w.l(exit.o)
    0x08000ed8   0x08000ed8   0x00000080   Code   RO         3898    .text               c_w.l(strcmpv7m.o)
    0x08000f58   0x08000f58   0x0000000c   Code   RO         3963    .text               c_w.l(sys_exit.o)
    0x08000f64   0x08000f64   0x00000002   Code   RO         3984    .text               c_w.l(use_no_semi.o)
    0x08000f66   0x08000f66   0x00000000   Code   RO         3986    .text               c_w.l(indicate_semi.o)
    0x08000f66   0x08000f66   0x0000003e   Code   RO         3858    CL$$btod_d2e        c_w.l(btod.o)
    0x08000fa4   0x08000fa4   0x00000046   Code   RO         3860    CL$$btod_d2e_denorm_low  c_w.l(btod.o)
    0x08000fea   0x08000fea   0x00000060   Code   RO         3859    CL$$btod_d2e_norm_op1  c_w.l(btod.o)
    0x0800104a   0x0800104a   0x00000338   Code   RO         3868    CL$$btod_div_common  c_w.l(btod.o)
    0x08001382   0x08001382   0x000000dc   Code   RO         3865    CL$$btod_e2e        c_w.l(btod.o)
    0x0800145e   0x0800145e   0x0000002a   Code   RO         3862    CL$$btod_ediv       c_w.l(btod.o)
    0x08001488   0x08001488   0x0000002a   Code   RO         3861    CL$$btod_emul       c_w.l(btod.o)
    0x080014b2   0x080014b2   0x00000244   Code   RO         3867    CL$$btod_mult_common  c_w.l(btod.o)
    0x080016f6   0x080016f6   0x00000002   PAD
    0x080016f8   0x080016f8   0x00000056   Code   RO          734    i.ADC_ConversionStop_Disable  stm32f1xx_hal_adc.o
    0x0800174e   0x0800174e   0x0000004e   Code   RO          735    i.ADC_DMAConvCplt   stm32f1xx_hal_adc.o
    0x0800179c   0x0800179c   0x0000001a   Code   RO          736    i.ADC_DMAError      stm32f1xx_hal_adc.o
    0x080017b6   0x080017b6   0x0000000a   Code   RO          737    i.ADC_DMAHalfConvCplt  stm32f1xx_hal_adc.o
    0x080017c0   0x080017c0   0x0000007c   Code   RO          738    i.ADC_Enable        stm32f1xx_hal_adc.o
    0x0800183c   0x0800183c   0x0000001c   Code   RO          265    i.ADC_GetRawValues  adc.o
    0x08001858   0x08001858   0x00000008   Code   RO          266    i.ADC_GetSensorHandle  adc.o
    0x08001860   0x08001860   0x00000100   Code   RO          268    i.ADC_ProcessSensorData  adc.o
    0x08001960   0x08001960   0x00000014   Code   RO          269    i.ADC_StartDMA      adc.o
    0x08001974   0x08001974   0x00000002   Code   RO          556    i.BusFault_Handler  stm32f1xx_it.o
    0x08001976   0x08001976   0x00000002   PAD
    0x08001978   0x08001978   0x0000000c   Code   RO          557    i.CAN1_RX0_IRQHandler  stm32f1xx_it.o
    0x08001984   0x08001984   0x0000000c   Code   RO          558    i.CAN1_TX_IRQHandler  stm32f1xx_it.o
    0x08001990   0x08001990   0x0000000c   Code   RO          559    i.CAN2_RX0_IRQHandler  stm32f1xx_it.o
    0x0800199c   0x0800199c   0x0000000c   Code   RO          560    i.CAN2_TX_IRQHandler  stm32f1xx_it.o
    0x080019a8   0x080019a8   0x00000094   Code   RO          344    i.CAN_TestInit      can.o
    0x08001a3c   0x08001a3c   0x00000194   Code   RO          345    i.CAN_TestSendMessage  can.o
    0x08001bd0   0x08001bd0   0x0000000c   Code   RO          561    i.DMA1_Channel1_IRQHandler  stm32f1xx_it.o
    0x08001bdc   0x08001bdc   0x0000002a   Code   RO         1414    i.DMA_SetConfig     stm32f1xx_hal_dma.o
    0x08001c06   0x08001c06   0x00000002   Code   RO          562    i.DebugMon_Handler  stm32f1xx_it.o
    0x08001c08   0x08001c08   0x00000004   Code   RO          187    i.Error_Handler     main.o
    0x08001c0c   0x08001c0c   0x000000fc   Code   RO          740    i.HAL_ADC_ConfigChannel  stm32f1xx_hal_adc.o
    0x08001d08   0x08001d08   0x00000028   Code   RO          270    i.HAL_ADC_ConvCpltCallback  adc.o
    0x08001d30   0x08001d30   0x00000002   Code   RO          742    i.HAL_ADC_ConvHalfCpltCallback  stm32f1xx_hal_adc.o
    0x08001d32   0x08001d32   0x00000002   Code   RO          744    i.HAL_ADC_ErrorCallback  stm32f1xx_hal_adc.o
    0x08001d34   0x08001d34   0x0000011c   Code   RO          749    i.HAL_ADC_Init      stm32f1xx_hal_adc.o
    0x08001e50   0x08001e50   0x00000090   Code   RO          272    i.HAL_ADC_MspInit   adc.o
    0x08001ee0   0x08001ee0   0x0000010c   Code   RO          756    i.HAL_ADC_Start_DMA  stm32f1xx_hal_adc.o
    0x08001fec   0x08001fec   0x00000024   Code   RO         2012    i.HAL_CAN_ActivateNotification  stm32f1xx_hal_can.o
    0x08002010   0x08002010   0x000000bc   Code   RO         2013    i.HAL_CAN_AddTxMessage  stm32f1xx_hal_can.o
    0x080020cc   0x080020cc   0x0000010c   Code   RO         2014    i.HAL_CAN_ConfigFilter  stm32f1xx_hal_can.o
    0x080021d8   0x080021d8   0x0000007c   Code   RO          346    i.HAL_CAN_ErrorCallback  can.o
    0x08002254   0x08002254   0x00000004   Code   RO         2018    i.HAL_CAN_GetError  stm32f1xx_hal_can.o
    0x08002258   0x08002258   0x000000f4   Code   RO         2020    i.HAL_CAN_GetRxMessage  stm32f1xx_hal_can.o
    0x0800234c   0x0800234c   0x000001fc   Code   RO         2024    i.HAL_CAN_IRQHandler  stm32f1xx_hal_can.o
    0x08002548   0x08002548   0x0000011a   Code   RO         2025    i.HAL_CAN_Init      stm32f1xx_hal_can.o
    0x08002662   0x08002662   0x00000002   PAD
    0x08002664   0x08002664   0x0000011c   Code   RO          348    i.HAL_CAN_MspInit   can.o
    0x08002780   0x08002780   0x00000022   Code   RO         2031    i.HAL_CAN_ResetError  stm32f1xx_hal_can.o
    0x080027a2   0x080027a2   0x00000002   Code   RO         2032    i.HAL_CAN_RxFifo0FullCallback  stm32f1xx_hal_can.o
    0x080027a4   0x080027a4   0x0000008c   Code   RO          349    i.HAL_CAN_RxFifo0MsgPendingCallback  can.o
    0x08002830   0x08002830   0x00000002   Code   RO         2034    i.HAL_CAN_RxFifo1FullCallback  stm32f1xx_hal_can.o
    0x08002832   0x08002832   0x00000002   PAD
    0x08002834   0x08002834   0x0000008c   Code   RO          350    i.HAL_CAN_RxFifo1MsgPendingCallback  can.o
    0x080028c0   0x080028c0   0x00000002   Code   RO         2036    i.HAL_CAN_SleepCallback  stm32f1xx_hal_can.o
    0x080028c2   0x080028c2   0x00000002   PAD
    0x080028c4   0x080028c4   0x00000058   Code   RO         2037    i.HAL_CAN_Start     stm32f1xx_hal_can.o
    0x0800291c   0x0800291c   0x00000002   Code   RO         2039    i.HAL_CAN_TxMailbox0AbortCallback  stm32f1xx_hal_can.o
    0x0800291e   0x0800291e   0x00000002   PAD
    0x08002920   0x08002920   0x00000064   Code   RO          351    i.HAL_CAN_TxMailbox0CompleteCallback  can.o
    0x08002984   0x08002984   0x00000002   Code   RO         2041    i.HAL_CAN_TxMailbox1AbortCallback  stm32f1xx_hal_can.o
    0x08002986   0x08002986   0x00000002   PAD
    0x08002988   0x08002988   0x00000064   Code   RO          352    i.HAL_CAN_TxMailbox1CompleteCallback  can.o
    0x080029ec   0x080029ec   0x00000002   Code   RO         2043    i.HAL_CAN_TxMailbox2AbortCallback  stm32f1xx_hal_can.o
    0x080029ee   0x080029ee   0x00000002   PAD
    0x080029f0   0x080029f0   0x00000064   Code   RO          353    i.HAL_CAN_TxMailbox2CompleteCallback  can.o
    0x08002a54   0x08002a54   0x00000002   Code   RO         2046    i.HAL_CAN_WakeUpFromRxMsgCallback  stm32f1xx_hal_can.o
    0x08002a56   0x08002a56   0x00000046   Code   RO         1415    i.HAL_DMA_Abort     stm32f1xx_hal_dma.o
    0x08002a9c   0x08002a9c   0x00000130   Code   RO         1416    i.HAL_DMA_Abort_IT  stm32f1xx_hal_dma.o
    0x08002bcc   0x08002bcc   0x00000248   Code   RO         1420    i.HAL_DMA_IRQHandler  stm32f1xx_hal_dma.o
    0x08002e14   0x08002e14   0x0000007c   Code   RO         1421    i.HAL_DMA_Init      stm32f1xx_hal_dma.o
    0x08002e90   0x08002e90   0x00000070   Code   RO         1425    i.HAL_DMA_Start_IT  stm32f1xx_hal_dma.o
    0x08002f00   0x08002f00   0x000001e0   Code   RO         1351    i.HAL_GPIO_Init     stm32f1xx_hal_gpio.o
    0x080030e0   0x080030e0   0x0000000a   Code   RO         1353    i.HAL_GPIO_ReadPin  stm32f1xx_hal_gpio.o
    0x080030ea   0x080030ea   0x0000000a   Code   RO         1355    i.HAL_GPIO_WritePin  stm32f1xx_hal_gpio.o
    0x080030f4   0x080030f4   0x0000000c   Code   RO         1021    i.HAL_GetTick       stm32f1xx_hal.o
    0x08003100   0x08003100   0x00000010   Code   RO         1027    i.HAL_IncTick       stm32f1xx_hal.o
    0x08003110   0x08003110   0x00000024   Code   RO         1028    i.HAL_Init          stm32f1xx_hal.o
    0x08003134   0x08003134   0x00000040   Code   RO         1029    i.HAL_InitTick      stm32f1xx_hal.o
    0x08003174   0x08003174   0x0000003c   Code   RO          674    i.HAL_MspInit       stm32f1xx_hal_msp.o
    0x080031b0   0x080031b0   0x0000001a   Code   RO         1511    i.HAL_NVIC_EnableIRQ  stm32f1xx_hal_cortex.o
    0x080031ca   0x080031ca   0x00000002   PAD
    0x080031cc   0x080031cc   0x00000040   Code   RO         1517    i.HAL_NVIC_SetPriority  stm32f1xx_hal_cortex.o
    0x0800320c   0x0800320c   0x00000024   Code   RO         1518    i.HAL_NVIC_SetPriorityGrouping  stm32f1xx_hal_cortex.o
    0x08003230   0x08003230   0x00000188   Code   RO         1293    i.HAL_RCCEx_PeriphCLKConfig  stm32f1xx_hal_rcc_ex.o
    0x080033b8   0x080033b8   0x0000012c   Code   RO         1185    i.HAL_RCC_ClockConfig  stm32f1xx_hal_rcc.o
    0x080034e4   0x080034e4   0x00000020   Code   RO         1192    i.HAL_RCC_GetPCLK1Freq  stm32f1xx_hal_rcc.o
    0x08003504   0x08003504   0x00000020   Code   RO         1193    i.HAL_RCC_GetPCLK2Freq  stm32f1xx_hal_rcc.o
    0x08003524   0x08003524   0x0000008c   Code   RO         1194    i.HAL_RCC_GetSysClockFreq  stm32f1xx_hal_rcc.o
    0x080035b0   0x080035b0   0x000003e4   Code   RO         1197    i.HAL_RCC_OscConfig  stm32f1xx_hal_rcc.o
    0x08003994   0x08003994   0x00000028   Code   RO         1522    i.HAL_SYSTICK_Config  stm32f1xx_hal_cortex.o
    0x080039bc   0x080039bc   0x00000002   Code   RO         2951    i.HAL_TIMEx_BreakCallback  stm32f1xx_hal_tim_ex.o
    0x080039be   0x080039be   0x00000002   Code   RO         2952    i.HAL_TIMEx_CommutCallback  stm32f1xx_hal_tim_ex.o
    0x080039c0   0x080039c0   0x00000074   Code   RO         2970    i.HAL_TIMEx_MasterConfigSynchronization  stm32f1xx_hal_tim_ex.o
    0x08003a34   0x08003a34   0x0000005a   Code   RO         2247    i.HAL_TIM_Base_Init  stm32f1xx_hal_tim.o
    0x08003a8e   0x08003a8e   0x00000002   PAD
    0x08003a90   0x08003a90   0x0000003c   Code   RO          467    i.HAL_TIM_Base_MspInit  tim.o
    0x08003acc   0x08003acc   0x00000064   Code   RO         2252    i.HAL_TIM_Base_Start_IT  stm32f1xx_hal_tim.o
    0x08003b30   0x08003b30   0x000000dc   Code   RO         2256    i.HAL_TIM_ConfigClockSource  stm32f1xx_hal_tim.o
    0x08003c0c   0x08003c0c   0x00000002   Code   RO         2281    i.HAL_TIM_IC_CaptureCallback  stm32f1xx_hal_tim.o
    0x08003c0e   0x08003c0e   0x00000130   Code   RO         2295    i.HAL_TIM_IRQHandler  stm32f1xx_hal_tim.o
    0x08003d3e   0x08003d3e   0x00000002   Code   RO         2298    i.HAL_TIM_OC_DelayElapsedCallback  stm32f1xx_hal_tim.o
    0x08003d40   0x08003d40   0x00000002   Code   RO         2325    i.HAL_TIM_PWM_PulseFinishedCallback  stm32f1xx_hal_tim.o
    0x08003d42   0x08003d42   0x00000002   PAD
    0x08003d44   0x08003d44   0x000000d0   Code   RO         3679    i.HAL_TIM_PeriodElapsedCallback  tick.o
    0x08003e14   0x08003e14   0x00000002   Code   RO         2338    i.HAL_TIM_TriggerCallback  stm32f1xx_hal_tim.o
    0x08003e16   0x08003e16   0x00000002   Code   RO         3230    i.HAL_UARTEx_RxEventCallback  stm32f1xx_hal_uart.o
    0x08003e18   0x08003e18   0x00000002   Code   RO         3244    i.HAL_UART_ErrorCallback  stm32f1xx_hal_uart.o
    0x08003e1a   0x08003e1a   0x00000002   PAD
    0x08003e1c   0x08003e1c   0x0000026c   Code   RO         3247    i.HAL_UART_IRQHandler  stm32f1xx_hal_uart.o
    0x08004088   0x08004088   0x00000064   Code   RO         3248    i.HAL_UART_Init     stm32f1xx_hal_uart.o
    0x080040ec   0x080040ec   0x00000080   Code   RO          509    i.HAL_UART_MspInit  usart.o
    0x0800416c   0x0800416c   0x00000002   Code   RO         3254    i.HAL_UART_RxCpltCallback  stm32f1xx_hal_uart.o
    0x0800416e   0x0800416e   0x000000a0   Code   RO         3256    i.HAL_UART_Transmit  stm32f1xx_hal_uart.o
    0x0800420e   0x0800420e   0x00000002   Code   RO         3259    i.HAL_UART_TxCpltCallback  stm32f1xx_hal_uart.o
    0x08004210   0x08004210   0x00000002   Code   RO          563    i.HardFault_Handler  stm32f1xx_it.o
    0x08004212   0x08004212   0x00000002   PAD
    0x08004214   0x08004214   0x00000094   Code   RO          273    i.MX_ADC1_Init      adc.o
    0x080042a8   0x080042a8   0x0000004c   Code   RO          354    i.MX_CAN1_Init      can.o
    0x080042f4   0x080042f4   0x0000004c   Code   RO          355    i.MX_CAN2_Init      can.o
    0x08004340   0x08004340   0x0000002c   Code   RO          442    i.MX_DMA_Init       dma.o
    0x0800436c   0x0800436c   0x000000d8   Code   RO          241    i.MX_GPIO_Init      gpio.o
    0x08004444   0x08004444   0x00000068   Code   RO          468    i.MX_TIM3_Init      tim.o
    0x080044ac   0x080044ac   0x00000038   Code   RO          510    i.MX_USART1_UART_Init  usart.o
    0x080044e4   0x080044e4   0x00000002   Code   RO          564    i.MemManage_Handler  stm32f1xx_it.o
    0x080044e6   0x080044e6   0x00000002   Code   RO          565    i.NMI_Handler       stm32f1xx_it.o
    0x080044e8   0x080044e8   0x00000002   Code   RO          566    i.PendSV_Handler    stm32f1xx_it.o
    0x080044ea   0x080044ea   0x00000002   Code   RO          567    i.SVC_Handler       stm32f1xx_it.o
    0x080044ec   0x080044ec   0x00000004   Code   RO          568    i.SysTick_Handler   stm32f1xx_it.o
    0x080044f0   0x080044f0   0x00000084   Code   RO          188    i.SystemClock_Config  main.o
    0x08004574   0x08004574   0x00000002   Code   RO         3582    i.SystemInit        system_stm32f1xx.o
    0x08004576   0x08004576   0x00000002   PAD
    0x08004578   0x08004578   0x0000000c   Code   RO          569    i.TIM3_IRQHandler   stm32f1xx_it.o
    0x08004584   0x08004584   0x00000088   Code   RO         2340    i.TIM_Base_SetConfig  stm32f1xx_hal_tim.o
    0x0800460c   0x0800460c   0x00000014   Code   RO         2351    i.TIM_ETR_SetConfig  stm32f1xx_hal_tim.o
    0x08004620   0x08004620   0x00000010   Code   RO         2352    i.TIM_ITRx_SetConfig  stm32f1xx_hal_tim.o
    0x08004630   0x08004630   0x00000022   Code   RO         2358    i.TIM_TI1_ConfigInputStage  stm32f1xx_hal_tim.o
    0x08004652   0x08004652   0x00000024   Code   RO         2360    i.TIM_TI2_ConfigInputStage  stm32f1xx_hal_tim.o
    0x08004676   0x08004676   0x00000002   PAD
    0x08004678   0x08004678   0x00000010   Code   RO          511    i.UART1_Send        usart.o
    0x08004688   0x08004688   0x00000010   Code   RO         3261    i.UART_DMAAbortOnError  stm32f1xx_hal_uart.o
    0x08004698   0x08004698   0x0000004e   Code   RO         3271    i.UART_EndRxTransfer  stm32f1xx_hal_uart.o
    0x080046e6   0x080046e6   0x000000c2   Code   RO         3273    i.UART_Receive_IT   stm32f1xx_hal_uart.o
    0x080047a8   0x080047a8   0x000000b8   Code   RO         3274    i.UART_SetConfig    stm32f1xx_hal_uart.o
    0x08004860   0x08004860   0x00000072   Code   RO         3277    i.UART_WaitOnFlagUntilTimeout  stm32f1xx_hal_uart.o
    0x080048d2   0x080048d2   0x00000002   PAD
    0x080048d4   0x080048d4   0x0000000c   Code   RO          570    i.USART1_IRQHandler  stm32f1xx_it.o
    0x080048e0   0x080048e0   0x00000002   Code   RO          571    i.UsageFault_Handler  stm32f1xx_it.o
    0x080048e2   0x080048e2   0x00000002   PAD
    0x080048e4   0x080048e4   0x00000034   Code   RO           13    i.Vehicle_BrakeLightCheck  vehicle.o
    0x08004918   0x08004918   0x00000064   Code   RO           14    i.Vehicle_GearShiftCheck  vehicle.o
    0x0800497c   0x0800497c   0x00000028   Code   RO           15    i.Vehicle_GearTick  vehicle.o
    0x080049a4   0x080049a4   0x0000003c   Code   RO           17    i.Vehicle_Init      vehicle.o
    0x080049e0   0x080049e0   0x0000002c   Code   RO           18    i.Vehicle_LED1_Blink  vehicle.o
    0x08004a0c   0x08004a0c   0x000000b0   Code   RO           19    i.Vehicle_SensorReport  vehicle.o
    0x08004abc   0x08004abc   0x00000028   Code   RO         3885    i.__ARM_fpclassify  m_ws.l(fpclassify.o)
    0x08004ae4   0x08004ae4   0x00000020   Code   RO         1524    i.__NVIC_SetPriority  stm32f1xx_hal_cortex.o
    0x08004b04   0x08004b04   0x0000000e   Code   RO         3762    i._is_digit         c_w.l(__printf_wp.o)
    0x08004b12   0x08004b12   0x00000002   PAD
    0x08004b14   0x08004b14   0x00000074   Code   RO          189    i.main              main.o
    0x08004b88   0x08004b88   0x0000000c   Code   RO         3680    i.tick_init         tick.o
    0x08004b94   0x08004b94   0x0000002c   Code   RO         3881    locale$$code        c_w.l(lc_numeric_c.o)
    0x08004bc0   0x08004bc0   0x0000000c   Code   RO         3820    x$fpl$dretinf       fz_ws.l(dretinf.o)
    0x08004bcc   0x08004bcc   0x00000056   Code   RO         3786    x$fpl$f2d           fz_ws.l(f2d.o)
    0x08004c22   0x08004c22   0x00000002   PAD
    0x08004c24   0x08004c24   0x00000184   Code   RO         3789    x$fpl$fdiv          fz_ws.l(fdiv.o)
    0x08004da8   0x08004da8   0x00000026   Code   RO         3792    x$fpl$ffltu         fz_ws.l(fflt_clz.o)
    0x08004dce   0x08004dce   0x00000002   PAD
    0x08004dd0   0x08004dd0   0x00000102   Code   RO         3798    x$fpl$fmul          fz_ws.l(fmul.o)
    0x08004ed2   0x08004ed2   0x0000008c   Code   RO         3822    x$fpl$fnaninf       fz_ws.l(fnaninf.o)
    0x08004f5e   0x08004f5e   0x0000000a   Code   RO         3824    x$fpl$fretinf       fz_ws.l(fretinf.o)
    0x08004f68   0x08004f68   0x00000004   Code   RO         3800    x$fpl$printf1       fz_ws.l(printf1.o)
    0x08004f6c   0x08004f6c   0x00000000   Code   RO         3826    x$fpl$usenofp       fz_ws.l(usenofp.o)
    0x08004f6c   0x08004f6c   0x0000001e   Data   RO         1198    .constdata          stm32f1xx_hal_rcc.o
    0x08004f8a   0x08004f8a   0x00000010   Data   RO         3583    .constdata          system_stm32f1xx.o
    0x08004f9a   0x08004f9a   0x00000008   Data   RO         3584    .constdata          system_stm32f1xx.o
    0x08004fa2   0x08004fa2   0x00000028   Data   RO         3735    .constdata          c_w.l(_printf_hex_int.o)
    0x08004fca   0x08004fca   0x00000011   Data   RO         3770    .constdata          c_w.l(__printf_flags_ss_wp.o)
    0x08004fdb   0x08004fdb   0x00000001   PAD
    0x08004fdc   0x08004fdc   0x00000094   Data   RO         3856    .constdata          c_w.l(bigflt0.o)
    0x08005070   0x08005070   0x0000024c   Data   RO          357    .conststring        can.o
    0x080052bc   0x080052bc   0x00000020   Data   RO         4030    Region$$Table       anon$$obj.o
    0x080052dc   0x080052dc   0x0000001c   Data   RO         3880    locale$$data        c_w.l(lc_numeric_c.o)


    Execution Region RW_IRAM1 (Exec base: 0x20000000, Load base: 0x080052f8, Size: 0x00000808, Max: 0x00010000, ABSOLUTE)

    Exec Addr    Load Addr    Size         Type   Attr      Idx    E Section Name        Object

    0x20000000   0x080052f8   0x00000004   Data   RW           20    .data               vehicle.o
    0x20000004   0x080052fc   0x00000010   Data   RW          275    .data               adc.o
    0x20000014   0x0800530c   0x00000008   Data   RW          358    .data               can.o
    0x2000001c   0x08005314   0x0000000c   Data   RW         1035    .data               stm32f1xx_hal.o
    0x20000028   0x08005320   0x00000004   Data   RW         3585    .data               system_stm32f1xx.o
    0x2000002c   0x08005324   0x0000000c   Data   RW         3681    .data               tick.o
    0x20000038        -       0x00000090   Zero   RW          274    .bss                adc.o
    0x200000c8        -       0x00000050   Zero   RW          356    .bss                can.o
    0x20000118        -       0x00000048   Zero   RW          469    .bss                tim.o
    0x20000160        -       0x00000048   Zero   RW          512    .bss                usart.o
    0x200001a8        -       0x00000060   Zero   RW         3888    .bss                c_w.l(libspace.o)
    0x20000208        -       0x00000200   Zero   RW            2    HEAP                startup_stm32f105xc.o
    0x20000408        -       0x00000400   Zero   RW            1    STACK               startup_stm32f105xc.o


==============================================================================

Image component sizes


      Code (inc. data)   RO Data    RW Data    ZI Data      Debug   Object Name

       644        100          0         16        144       5702   adc.o
      1692        444        588          8         80       8146   can.o
        44          4          0          0          0        734   dma.o
       216         18          0          0          0        991   gpio.o
       252         10          0          0          0       2064   main.o
        64         26        336          0       1536        800   startup_stm32f105xc.o
       128         24          0         12          0       6301   stm32f1xx_hal.o
      1132         56          0          0          0       7887   stm32f1xx_hal_adc.o
      1666          6          0          0          0      12112   stm32f1xx_hal_can.o
       198         14          0          0          0      28875   stm32f1xx_hal_cortex.o
      1236         52          0          0          0       5042   stm32f1xx_hal_dma.o
       500         34          0          0          0       3471   stm32f1xx_hal_gpio.o
        60          8          0          0          0        854   stm32f1xx_hal_msp.o
      1500         84         30          0          0       5324   stm32f1xx_hal_rcc.o
       392         18          0          0          0       1536   stm32f1xx_hal_rcc_ex.o
       964         34          0          0          0       9701   stm32f1xx_hal_tim.o
       120         18          0          0          0       2357   stm32f1xx_hal_tim_ex.o
      1474         10          0          0          0       9956   stm32f1xx_hal_uart.o
       104         42          0          0          0       6753   stm32f1xx_it.o
         2          0         24          4          0       1083   system_stm32f1xx.o
       220         16          0         12          0       2368   tick.o
       164         20          0          0         72       1618   tim.o
       200         24          0          0         72       2115   usart.o
       472        122          0          4          0     634145   vehicle.o

    ----------------------------------------------------------------------
     13476       1184       1010         56       1904     759935   Object Totals
         0          0         32          0          0          0   (incl. Generated)
        32          0          0          0          0          0   (incl. Padding)

    ----------------------------------------------------------------------

      Code (inc. data)   RO Data    RW Data    ZI Data      Debug   Library Member Name

        56          6          0          0          0         88   __2snprintf.o
         8          0          0          0          0         68   __main.o
       392          4         17          0          0         92   __printf_flags_ss_wp.o
        14          0          0          0          0         68   __printf_wp.o
         0          0          0          0          0          0   __rtentry.o
        12          0          0          0          0          0   __rtentry2.o
         6          0          0          0          0          0   __rtentry4.o
        52          8          0          0          0          0   __scatter.o
        26          0          0          0          0          0   __scatter_copy.o
        28          0          0          0          0          0   __scatter_zi.o
         6          0          0          0          0          0   _printf_c.o
        44          0          0          0          0        108   _printf_char.o
        48          6          0          0          0         96   _printf_char_common.o
         6          0          0          0          0          0   _printf_d.o
       120         16          0          0          0         92   _printf_dec.o
         6          0          0          0          0          0   _printf_f.o
      1054          0          0          0          0        216   _printf_fp_dec.o
       128         16          0          0          0         84   _printf_fp_infnan.o
        88          4         40          0          0         88   _printf_hex_int.o
       178          0          0          0          0         88   _printf_intcommon.o
        78          0          0          0          0        108   _printf_pad.o
         0          0          0          0          0          0   _printf_percent.o
         4          0          0          0          0          0   _printf_percent_end.o
         6          0          0          0          0          0   _printf_s.o
        82          0          0          0          0         80   _printf_str.o
         6          0          0          0          0          0   _printf_x.o
        16          0          0          0          0         68   _snputc.o
        10          0          0          0          0         68   _sputc.o
       228          4        148          0          0         96   bigflt0.o
      1936        128          0          0          0        672   btod.o
        18          0          0          0          0         80   exit.o
         6          0          0          0          0        152   heapauxi.o
         0          0          0          0          0          0   indicate_semi.o
        44         10         28          0          0         76   lc_numeric_c.o
         2          0          0          0          0          0   libinit.o
        18          0          0          0          0          0   libinit2.o
         2          0          0          0          0          0   libshutdown.o
         2          0          0          0          0          0   libshutdown2.o
         8          4          0          0         96         68   libspace.o
       138          0          0          0          0         80   lludiv10.o
       238          0          0          0          0        100   lludivv7m.o
         8          4          0          0          0         68   rt_locale_intlibspace.o
        78          0          0          0          0         80   rt_memclr_w.o
       100          0          0          0          0         80   rt_memcpy_w.o
         2          0          0          0          0          0   rtexit.o
        10          0          0          0          0          0   rtexit2.o
       128          0          0          0          0         68   strcmpv7m.o
        12          4          0          0          0         68   sys_exit.o
        74          0          0          0          0         80   sys_stackheap_outer.o
         2          0          0          0          0         68   use_no_semi.o
        12          0          0          0          0         68   dretinf.o
        86          4          0          0          0         84   f2d.o
       388         76          0          0          0         96   fdiv.o
        38          0          0          0          0         68   fflt_clz.o
       258          4          0          0          0         84   fmul.o
       140          4          0          0          0         84   fnaninf.o
        10          0          0          0          0         68   fretinf.o
         4          0          0          0          0         68   printf1.o
         0          0          0          0          0          0   usenofp.o
        40          0          0          0          0         68   fpclassify.o

    ----------------------------------------------------------------------
      6520        302        234          0         96       3936   Library Totals
        16          0          1          0          0          0   (incl. Padding)

    ----------------------------------------------------------------------

      Code (inc. data)   RO Data    RW Data    ZI Data      Debug   Library Name

      5528        214        233          0         96       3248   c_w.l
       936         88          0          0          0        620   fz_ws.l
        40          0          0          0          0         68   m_ws.l

    ----------------------------------------------------------------------
      6520        302        234          0         96       3936   Library Totals

    ----------------------------------------------------------------------

==============================================================================


      Code (inc. data)   RO Data    RW Data    ZI Data      Debug   

     19996       1486       1244         56       2000     755079   Grand Totals
     19996       1486       1244         56       2000     755079   ELF Image Totals
     19996       1486       1244         56          0          0   ROM Totals

==============================================================================

    Total RO  Size (Code + RO Data)                21240 (  20.74kB)
    Total RW  Size (RW Data + ZI Data)              2056 (   2.01kB)
    Total ROM Size (Code + RO Data + RW Data)      21296 (  20.80kB)

==============================================================================

