Archive member included to satisfy reference by file (symbol)

D:/STM32Cube/STM32CubeCLT/STM32CubeCLT_1.17.0/GNU-tools-for-STM32/bin/../lib/gcc/arm-none-eabi/12.3.1/../../../../arm-none-eabi/lib/thumb/v7-m/nofp\libc.a(libc_a-exit.o)
                              D:/STM32Cube/STM32CubeCLT/STM32CubeCLT_1.17.0/GNU-tools-for-STM32/bin/../lib/gcc/arm-none-eabi/12.3.1/../../../../arm-none-eabi/lib/thumb/v7-m/nofp/crt0.o (exit)
D:/STM32Cube/STM32CubeCLT/STM32CubeCLT_1.17.0/GNU-tools-for-STM32/bin/../lib/gcc/arm-none-eabi/12.3.1/../../../../arm-none-eabi/lib/thumb/v7-m/nofp\libc.a(libc_a-findfp.o)
                              D:/STM32Cube/STM32CubeCLT/STM32CubeCLT_1.17.0/GNU-tools-for-STM32/bin/../lib/gcc/arm-none-eabi/12.3.1/../../../../arm-none-eabi/lib/thumb/v7-m/nofp\libc.a(libc_a-exit.o) (__stdio_exit_handler)
D:/STM32Cube/STM32CubeCLT/STM32CubeCLT_1.17.0/GNU-tools-for-STM32/bin/../lib/gcc/arm-none-eabi/12.3.1/../../../../arm-none-eabi/lib/thumb/v7-m/nofp\libc.a(libc_a-fwalk.o)
                              D:/STM32Cube/STM32CubeCLT/STM32CubeCLT_1.17.0/GNU-tools-for-STM32/bin/../lib/gcc/arm-none-eabi/12.3.1/../../../../arm-none-eabi/lib/thumb/v7-m/nofp\libc.a(libc_a-findfp.o) (_fwalk_sglue)
D:/STM32Cube/STM32CubeCLT/STM32CubeCLT_1.17.0/GNU-tools-for-STM32/bin/../lib/gcc/arm-none-eabi/12.3.1/../../../../arm-none-eabi/lib/thumb/v7-m/nofp\libc.a(libc_a-stdio.o)
                              D:/STM32Cube/STM32CubeCLT/STM32CubeCLT_1.17.0/GNU-tools-for-STM32/bin/../lib/gcc/arm-none-eabi/12.3.1/../../../../arm-none-eabi/lib/thumb/v7-m/nofp\libc.a(libc_a-findfp.o) (__sread)
D:/STM32Cube/STM32CubeCLT/STM32CubeCLT_1.17.0/GNU-tools-for-STM32/bin/../lib/gcc/arm-none-eabi/12.3.1/../../../../arm-none-eabi/lib/thumb/v7-m/nofp\libc.a(libc_a-memset.o)
                              D:/STM32Cube/STM32CubeCLT/STM32CubeCLT_1.17.0/GNU-tools-for-STM32/bin/../lib/gcc/arm-none-eabi/12.3.1/../../../../arm-none-eabi/lib/thumb/v7-m/nofp/crt0.o (memset)
D:/STM32Cube/STM32CubeCLT/STM32CubeCLT_1.17.0/GNU-tools-for-STM32/bin/../lib/gcc/arm-none-eabi/12.3.1/../../../../arm-none-eabi/lib/thumb/v7-m/nofp\libc.a(libc_a-closer.o)
                              D:/STM32Cube/STM32CubeCLT/STM32CubeCLT_1.17.0/GNU-tools-for-STM32/bin/../lib/gcc/arm-none-eabi/12.3.1/../../../../arm-none-eabi/lib/thumb/v7-m/nofp\libc.a(libc_a-stdio.o) (_close_r)
D:/STM32Cube/STM32CubeCLT/STM32CubeCLT_1.17.0/GNU-tools-for-STM32/bin/../lib/gcc/arm-none-eabi/12.3.1/../../../../arm-none-eabi/lib/thumb/v7-m/nofp\libc.a(libc_a-reent.o)
                              D:/STM32Cube/STM32CubeCLT/STM32CubeCLT_1.17.0/GNU-tools-for-STM32/bin/../lib/gcc/arm-none-eabi/12.3.1/../../../../arm-none-eabi/lib/thumb/v7-m/nofp\libc.a(libc_a-closer.o) (errno)
D:/STM32Cube/STM32CubeCLT/STM32CubeCLT_1.17.0/GNU-tools-for-STM32/bin/../lib/gcc/arm-none-eabi/12.3.1/../../../../arm-none-eabi/lib/thumb/v7-m/nofp\libc.a(libc_a-impure.o)
                              D:/STM32Cube/STM32CubeCLT/STM32CubeCLT_1.17.0/GNU-tools-for-STM32/bin/../lib/gcc/arm-none-eabi/12.3.1/../../../../arm-none-eabi/lib/thumb/v7-m/nofp\libc.a(libc_a-reent.o) (_impure_ptr)
D:/STM32Cube/STM32CubeCLT/STM32CubeCLT_1.17.0/GNU-tools-for-STM32/bin/../lib/gcc/arm-none-eabi/12.3.1/../../../../arm-none-eabi/lib/thumb/v7-m/nofp\libc.a(libc_a-lseekr.o)
                              D:/STM32Cube/STM32CubeCLT/STM32CubeCLT_1.17.0/GNU-tools-for-STM32/bin/../lib/gcc/arm-none-eabi/12.3.1/../../../../arm-none-eabi/lib/thumb/v7-m/nofp\libc.a(libc_a-stdio.o) (_lseek_r)
D:/STM32Cube/STM32CubeCLT/STM32CubeCLT_1.17.0/GNU-tools-for-STM32/bin/../lib/gcc/arm-none-eabi/12.3.1/../../../../arm-none-eabi/lib/thumb/v7-m/nofp\libc.a(libc_a-readr.o)
                              D:/STM32Cube/STM32CubeCLT/STM32CubeCLT_1.17.0/GNU-tools-for-STM32/bin/../lib/gcc/arm-none-eabi/12.3.1/../../../../arm-none-eabi/lib/thumb/v7-m/nofp\libc.a(libc_a-stdio.o) (_read_r)
D:/STM32Cube/STM32CubeCLT/STM32CubeCLT_1.17.0/GNU-tools-for-STM32/bin/../lib/gcc/arm-none-eabi/12.3.1/../../../../arm-none-eabi/lib/thumb/v7-m/nofp\libc.a(libc_a-writer.o)
                              D:/STM32Cube/STM32CubeCLT/STM32CubeCLT_1.17.0/GNU-tools-for-STM32/bin/../lib/gcc/arm-none-eabi/12.3.1/../../../../arm-none-eabi/lib/thumb/v7-m/nofp\libc.a(libc_a-stdio.o) (_write_r)
D:/STM32Cube/STM32CubeCLT/STM32CubeCLT_1.17.0/GNU-tools-for-STM32/bin/../lib/gcc/arm-none-eabi/12.3.1/../../../../arm-none-eabi/lib/thumb/v7-m/nofp\libc.a(libc_a-init.o)
                              D:/STM32Cube/STM32CubeCLT/STM32CubeCLT_1.17.0/GNU-tools-for-STM32/bin/../lib/gcc/arm-none-eabi/12.3.1/../../../../arm-none-eabi/lib/thumb/v7-m/nofp/crt0.o (__libc_init_array)
D:/STM32Cube/STM32CubeCLT/STM32CubeCLT_1.17.0/GNU-tools-for-STM32/bin/../lib/gcc/arm-none-eabi/12.3.1/../../../../arm-none-eabi/lib/thumb/v7-m/nofp\libc.a(libc_a-lock.o)
[...]
Memory Configuration

Name             Origin             Length             Attributes
FLASH            0x08000000         0x00040000         xr
RAM              0x20000000         0x00010000         xrw
*default*        0x00000000         0xffffffff

Linker script and memory map

LOAD D:/STM32Cube/STM32CubeCLT/STM32CubeCLT_1.17.0/GNU-tools-for-STM32/bin/../lib/gcc/arm-none-eabi/12.3.1/thumb/v7-m/nofp/crti.o
LOAD D:/STM32Cube/STM32CubeCLT/STM32CubeCLT_1.17.0/GNU-tools-for-STM32/bin/../lib/gcc/arm-none-eabi/12.3.1/thumb/v7-m/nofp/crtbegin.o
LOAD D:/STM32Cube/STM32CubeCLT/STM32CubeCLT_1.17.0/GNU-tools-for-STM32/bin/../lib/gcc/arm-none-eabi/12.3.1/../../../../arm-none-eabi/lib/thumb/v7-m/nofp/crt0.o
LOAD D:/STM32Cube/STM32CubeCLT/STM32CubeCLT_1.17.0/GNU-tools-for-STM32/bin/../lib/gcc/arm-none-eabi/12.3.1/../../../../arm-none-eabi/lib/thumb/v7-m/nofp\libc.a
LOAD D:/STM32Cube/STM32CubeCLT/STM32CubeCLT_1.17.0/GNU-tools-for-STM32/bin/../lib/gcc/arm-none-eabi/12.3.1/../../../../arm-none-eabi/lib/thumb/v7-m/nofp\libm.a
LOAD D:/STM32Cube/STM32CubeCLT/STM32CubeCLT_1.17.0/GNU-tools-for-STM32/bin/../lib/gcc/arm-none-eabi/12.3.1/../../../../arm-none-eabi/lib/thumb/v7-m/nofp\libnosys.a
LOAD build/Core/Src/adc.o
LOAD build/Core/Src/can.o
LOAD build/Core/Src/dma.o
LOAD build/Core/Src/gpio.o
LOAD build/Core/Src/main.o
LOAD build/Core/Src/stm32f1xx_hal_msp.o
LOAD build/Core/Src/stm32f1xx_it.o
LOAD build/Core/Src/system_stm32f1xx.o
LOAD build/Core/Src/tim.o
LOAD build/Core/Src/usart.o
LOAD build/Core/Src/vehicle.o
LOAD build/Drivers/BSP/beep/beep.o
LOAD build/Drivers/BSP/led/led.o
LOAD build/Drivers/BSP/tick/tick.o
LOAD build/Drivers/STM32F1xx_HAL_Driver/Src/stm32f1xx_hal.o
LOAD build/Drivers/STM32F1xx_HAL_Driver/Src/stm32f1xx_hal_adc.o
LOAD build/Drivers/STM32F1xx_HAL_Driver/Src/stm32f1xx_hal_adc_ex.o
LOAD build/Drivers/STM32F1xx_HAL_Driver/Src/stm32f1xx_hal_can.o
LOAD build/Drivers/STM32F1xx_HAL_Driver/Src/stm32f1xx_hal_cortex.o
LOAD build/Drivers/STM32F1xx_HAL_Driver/Src/stm32f1xx_hal_dma.o
LOAD build/Drivers/STM32F1xx_HAL_Driver/Src/stm32f1xx_hal_exti.o
LOAD build/Drivers/STM32F1xx_HAL_Driver/Src/stm32f1xx_hal_flash.o
LOAD build/Drivers/STM32F1xx_HAL_Driver/Src/stm32f1xx_hal_flash_ex.o
LOAD build/Drivers/STM32F1xx_HAL_Driver/Src/stm32f1xx_hal_gpio.o
LOAD build/Drivers/STM32F1xx_HAL_Driver/Src/stm32f1xx_hal_gpio_ex.o
LOAD build/Drivers/STM32F1xx_HAL_Driver/Src/stm32f1xx_hal_pwr.o
LOAD build/Drivers/STM32F1xx_HAL_Driver/Src/stm32f1xx_hal_rcc.o
LOAD build/Drivers/STM32F1xx_HAL_Driver/Src/stm32f1xx_hal_rcc_ex.o
LOAD build/Drivers/STM32F1xx_HAL_Driver/Src/stm32f1xx_hal_tim.o
LOAD build/Drivers/STM32F1xx_HAL_Driver/Src/stm32f1xx_hal_tim_ex.o
LOAD build/Drivers/STM32F1xx_HAL_Driver/Src/stm32f1xx_hal_uart.o
LOAD build/startup_stm32f105xc.o
START GROUP
LOAD D:/STM32Cube/STM32CubeCLT/STM32CubeCLT_1.17.0/GNU-tools-for-STM32/bin/../lib/gcc/arm-none-eabi/12.3.1/thumb/v7-m/nofp\libgcc.a
LOAD D:/STM32Cube/STM32CubeCLT/STM32CubeCLT_1.17.0/GNU-tools-for-STM32/bin/../lib/gcc/arm-none-eabi/12.3.1/../../../../arm-none-eabi/lib/thumb/v7-m/nofp\libc.a
END GROUP
START GROUP
LOAD D:/STM32Cube/STM32CubeCLT/STM32CubeCLT_1.17.0/GNU-tools-for-STM32/bin/../lib/gcc/arm-none-eabi/12.3.1/thumb/v7-m/nofp\libgcc.a
LOAD D:/STM32Cube/STM32CubeCLT/STM32CubeCLT_1.17.0/GNU-tools-for-STM32/bin/../lib/gcc/arm-none-eabi/12.3.1/../../../../arm-none-eabi/lib/thumb/v7-m/nofp\libc.a
LOAD D:/STM32Cube/STM32CubeCLT/STM32CubeCLT_1.17.0/GNU-tools-for-STM32/bin/../lib/gcc/arm-none-eabi/12.3.1/../../../../arm-none-eabi/lib/thumb/v7-m/nofp\libnosys.a
END GROUP
LOAD D:/STM32Cube/STM32CubeCLT/STM32CubeCLT_1.17.0/GNU-tools-for-STM32/bin/../lib/gcc/arm-none-eabi/12.3.1/thumb/v7-m/nofp/crtend.o
LOAD D:/STM32Cube/STM32CubeCLT/STM32CubeCLT_1.17.0/GNU-tools-for-STM32/bin/../lib/gcc/arm-none-eabi/12.3.1/thumb/v7-m/nofp/crtn.o
                0x2000ffff                        _estack = 0x2000ffff
                0x00000200                        _Min_Heap_Size = 0x200
                0x00000400                        _Min_Stack_Size = 0x400

.isr_vector     0x08000000      0x1e4
                0x08000000                        . = ALIGN (0x4)
 *(.isr_vector)
 .isr_vector    0x08000000      0x1e4 build/startup_stm32f105xc.o
                0x08000000                g_pfnVectors
                0x080001e4                        . = ALIGN (0x4)

.text           0x080001e8     0x98a0
                0x080001e8                        . = ALIGN (0x4)
 *(.text)
 .text          0x080001e8       0x40 D:/STM32Cube/STM32CubeCLT/STM32CubeCLT_1.17.0/GNU-tools-for-STM32/bin/../lib/gcc/arm-none-eabi/12.3.1/thumb/v7-m/nofp/crtbegin.o
 .text          0x08000228      0x378 D:/STM32Cube/STM32CubeCLT/STM32CubeCLT_1.17.0/GNU-tools-for-STM32/bin/../lib/gcc/arm-none-eabi/12.3.1/thumb/v7-m/nofp\libgcc.a(_arm_addsubdf3.o)
                0x08000228                __aeabi_drsub
                0x08000230                __aeabi_dsub
                0x08000230                __subdf3
                0x08000234                __aeabi_dadd
                0x08000234                __adddf3
                0x080004ac                __floatunsidf
                0x080004ac                __aeabi_ui2d
                0x080004cc                __floatsidf
                0x080004cc                __aeabi_i2d
                0x080004f0                __aeabi_f2d
                0x080004f0                __extendsfdf2
                0x08000534                __floatundidf
                0x08000534                __aeabi_ul2d
                0x08000544                __floatdidf
                0x08000544                __aeabi_l2d
 .text          0x080005a0      0x21c D:/STM32Cube/STM32CubeCLT/STM32CubeCLT_1.17.0/GNU-tools-for-STM32/bin/../lib/gcc/arm-none-eabi/12.3.1/thumb/v7-m/nofp\libgcc.a(_arm_addsubsf3.o)
                0x080005a0                __aeabi_frsub
                0x080005a8                __subsf3
                0x080005a8                __aeabi_fsub
                0x080005ac                __aeabi_fadd
                0x080005ac                __addsf3
                0x0800070c                __aeabi_ui2f
                0x0800070c                __floatunsisf
                0x08000714                __aeabi_i2f
                0x08000714                __floatsisf
                0x08000730                __aeabi_ul2f
                0x08000730                __floatundisf
                0x08000740                __aeabi_l2f
                0x08000740                __floatdisf
 .text          0x080007bc      0x2a0 D:/STM32Cube/STM32CubeCLT/STM32CubeCLT_1.17.0/GNU-tools-for-STM32/bin/../lib/gcc/arm-none-eabi/12.3.1/thumb/v7-m/nofp\libgcc.a(_arm_muldivsf3.o)
                0x080007bc                __mulsf3
                0x080007bc                __aeabi_fmul
                0x08000924                __aeabi_fdiv
                0x08000924                __divsf3
 .text          0x08000a5c       0xec D:/STM32Cube/STM32CubeCLT/STM32CubeCLT_1.17.0/GNU-tools-for-STM32/bin/../lib/gcc/arm-none-eabi/12.3.1/thumb/v7-m/nofp\libgcc.a(_arm_cmpsf2.o)
                0x08000a5c                __gesf2
                0x08000a5c                __gtsf2
                0x08000a64                __lesf2
                0x08000a64                __ltsf2
                0x08000a6c                __nesf2
                0x08000a6c                __eqsf2
                0x08000a6c                __cmpsf2
                0x08000acc                __aeabi_cfrcmple
                0x08000ad4                __aeabi_cfcmpeq
                0x08000ad4                __aeabi_cfcmple
                0x08000ae4                __aeabi_fcmpeq
                0x08000af8                __aeabi_fcmplt
                0x08000b0c                __aeabi_fcmple
                0x08000b20                __aeabi_fcmpge
                0x08000b34                __aeabi_fcmpgt
 .text          0x08000b48       0x30 D:/STM32Cube/STM32CubeCLT/STM32CubeCLT_1.17.0/GNU-tools-for-STM32/bin/../lib/gcc/arm-none-eabi/12.3.1/thumb/v7-m/nofp\libgcc.a(_aeabi_uldivmod.o)
                0x08000b48                __aeabi_uldivmod
 .text          0x08000b78      0x2b8 D:/STM32Cube/STM32CubeCLT/STM32CubeCLT_1.17.0/GNU-tools-for-STM32/bin/../lib/gcc/arm-none-eabi/12.3.1/thumb/v7-m/nofp\libgcc.a(_udivmoddi4.o)
                0x08000b78                __udivmoddi4
 .text          0x08000e30        0x4 D:/STM32Cube/STM32CubeCLT/STM32CubeCLT_1.17.0/GNU-tools-for-STM32/bin/../lib/gcc/arm-none-eabi/12.3.1/thumb/v7-m/nofp\libgcc.a(_dvmd_tls.o)
                0x08000e30                __aeabi_idiv0
                0x08000e30                __aeabi_ldiv0
 .text          0x08000e34       0x10 D:/STM32Cube/STM32CubeCLT/STM32CubeCLT_1.17.0/GNU-tools-for-STM32/bin/../lib/gcc/arm-none-eabi/12.3.1/../../../../arm-none-eabi/lib/thumb/v7-m/nofp\libc.a(libc_a-strlen.o)
                0x08000e34                strlen
 .text          0x08000e44      0x424 D:/STM32Cube/STM32CubeCLT/STM32CubeCLT_1.17.0/GNU-tools-for-STM32/bin/../lib/gcc/arm-none-eabi/12.3.1/thumb/v7-m/nofp\libgcc.a(_arm_muldivdf3.o)
                0x08000e44                __aeabi_dmul
                0x08000e44                __muldf3
                0x08001098                __divdf3
                0x08001098                __aeabi_ddiv
 .text          0x08001268      0x110 D:/STM32Cube/STM32CubeCLT/STM32CubeCLT_1.17.0/GNU-tools-for-STM32/bin/../lib/gcc/arm-none-eabi/12.3.1/thumb/v7-m/nofp\libgcc.a(_arm_cmpdf2.o)
                0x08001268                __gtdf2
                0x08001268                __gedf2
                0x08001270                __ltdf2
                0x08001270                __ledf2
                0x08001278                __nedf2
                0x08001278                __eqdf2
                0x08001278                __cmpdf2
                0x080012f4                __aeabi_cdrcmple
                0x08001304                __aeabi_cdcmpeq
                0x08001304                __aeabi_cdcmple
                0x08001314                __aeabi_dcmpeq
                0x08001328                __aeabi_dcmplt
                0x0800133c                __aeabi_dcmple
                0x08001350                __aeabi_dcmpge
                0x08001364                __aeabi_dcmpgt
 .text          0x08001378       0x2c D:/STM32Cube/STM32CubeCLT/STM32CubeCLT_1.17.0/GNU-tools-for-STM32/bin/../lib/gcc/arm-none-eabi/12.3.1/thumb/v7-m/nofp\libgcc.a(_arm_unorddf2.o)
                0x08001378                __unorddf2
                0x08001378                __aeabi_dcmpun
 .text          0x080013a4       0x50 D:/STM32Cube/STM32CubeCLT/STM32CubeCLT_1.17.0/GNU-tools-for-STM32/bin/../lib/gcc/arm-none-eabi/12.3.1/thumb/v7-m/nofp\libgcc.a(_arm_fixdfsi.o)
                0x080013a4                __aeabi_d2iz
                0x080013a4                __fixdfsi
 *(.text*)
 .text.std      0x080013f4       0x6c D:/STM32Cube/STM32CubeCLT/STM32CubeCLT_1.17.0/GNU-tools-for-STM32/bin/../lib/gcc/arm-none-eabi/12.3.1/../../../../arm-none-eabi/lib/thumb/v7-m/nofp\libc.a(libc_a-findfp.o)
 .text.stdio_exit_handler
                0x08001460       0x18 D:/STM32Cube/STM32CubeCLT/STM32CubeCLT_1.17.0/GNU-tools-for-STM32/bin/../lib/gcc/arm-none-eabi/12.3.1/../../../../arm-none-eabi/lib/thumb/v7-m/nofp\libc.a(libc_a-findfp.o)
 .text.cleanup_stdio
                0x08001478       0x40 D:/STM32Cube/STM32CubeCLT/STM32CubeCLT_1.17.0/GNU-tools-for-STM32/bin/../lib/gcc/arm-none-eabi/12.3.1/../../../../arm-none-eabi/lib/thumb/v7-m/nofp\libc.a(libc_a-findfp.o)
 .text.global_stdio_init.part.0
                0x080014b8       0x3c D:/STM32Cube/STM32CubeCLT/STM32CubeCLT_1.17.0/GNU-tools-for-STM32/bin/../lib/gcc/arm-none-eabi/12.3.1/../../../../arm-none-eabi/lib/thumb/v7-m/nofp\libc.a(libc_a-findfp.o)
 .text.__sfp_lock_acquire
                0x080014f4        0xc D:/STM32Cube/STM32CubeCLT/STM32CubeCLT_1.17.0/GNU-tools-for-STM32/bin/../lib/gcc/arm-none-eabi/12.3.1/../../../../arm-none-eabi/lib/thumb/v7-m/nofp\libc.a(libc_a-findfp.o)
                0x080014f4                __sfp_lock_acquire
 .text.__sfp_lock_release
                0x08001500        0xc D:/STM32Cube/STM32CubeCLT/STM32CubeCLT_1.17.0/GNU-tools-for-STM32/bin/../lib/gcc/arm-none-eabi/12.3.1/../../../../arm-none-eabi/lib/thumb/v7-m/nofp\libc.a(libc_a-findfp.o)
                0x08001500                __sfp_lock_release
 .text.__sinit  0x0800150c       0x30 D:/STM32Cube/STM32CubeCLT/STM32CubeCLT_1.17.0/GNU-tools-for-STM32/bin/../lib/gcc/arm-none-eabi/12.3.1/../../../../arm-none-eabi/lib/thumb/v7-m/nofp\libc.a(libc_a-findfp.o)
                0x0800150c                __sinit
 .text._fwalk_sglue
                0x0800153c       0x3c D:/STM32Cube/STM32CubeCLT/STM32CubeCLT_1.17.0/GNU-tools-for-STM32/bin/../lib/gcc/arm-none-eabi/12.3.1/../../../../arm-none-eabi/lib/thumb/v7-m/nofp\libc.a(libc_a-fwalk.o)
                0x0800153c                _fwalk_sglue
 .text.__sread  0x08001578       0x22 D:/STM32Cube/STM32CubeCLT/STM32CubeCLT_1.17.0/GNU-tools-for-STM32/bin/../lib/gcc/arm-none-eabi/12.3.1/../../../../arm-none-eabi/lib/thumb/v7-m/nofp\libc.a(libc_a-stdio.o)
                0x08001578                __sread
 .text.__swrite
                0x0800159a       0x38 D:/STM32Cube/STM32CubeCLT/STM32CubeCLT_1.17.0/GNU-tools-for-STM32/bin/../lib/gcc/arm-none-eabi/12.3.1/../../../../arm-none-eabi/lib/thumb/v7-m/nofp\libc.a(libc_a-stdio.o)
                0x0800159a                __swrite
 .text.__sseek  0x080015d2       0x24 D:/STM32Cube/STM32CubeCLT/STM32CubeCLT_1.17.0/GNU-tools-for-STM32/bin/../lib/gcc/arm-none-eabi/12.3.1/../../../../arm-none-eabi/lib/thumb/v7-m/nofp\libc.a(libc_a-stdio.o)
                0x080015d2                __sseek
 .text.__sclose
                0x080015f6        0x8 D:/STM32Cube/STM32CubeCLT/STM32CubeCLT_1.17.0/GNU-tools-for-STM32/bin/../lib/gcc/arm-none-eabi/12.3.1/../../../../arm-none-eabi/lib/thumb/v7-m/nofp\libc.a(libc_a-stdio.o)
                0x080015f6                __sclose
 .text.memset   0x080015fe       0x10 D:/STM32Cube/STM32CubeCLT/STM32CubeCLT_1.17.0/GNU-tools-for-STM32/bin/../lib/gcc/arm-none-eabi/12.3.1/../../../../arm-none-eabi/lib/thumb/v7-m/nofp\libc.a(libc_a-memset.o)
                0x080015fe                memset
 *fill*         0x0800160e        0x2 
 .text._close_r
                0x08001610       0x20 D:/STM32Cube/STM32CubeCLT/STM32CubeCLT_1.17.0/GNU-tools-for-STM32/bin/../lib/gcc/arm-none-eabi/12.3.1/../../../../arm-none-eabi/lib/thumb/v7-m/nofp\libc.a(libc_a-closer.o)
                0x08001610                _close_r
 .text._lseek_r
                0x08001630       0x24 D:/STM32Cube/STM32CubeCLT/STM32CubeCLT_1.17.0/GNU-tools-for-STM32/bin/../lib/gcc/arm-none-eabi/12.3.1/../../../../arm-none-eabi/lib/thumb/v7-m/nofp\libc.a(libc_a-lseekr.o)
                0x08001630                _lseek_r
 .text._read_r  0x08001654       0x24 D:/STM32Cube/STM32CubeCLT/STM32CubeCLT_1.17.0/GNU-tools-for-STM32/bin/../lib/gcc/arm-none-eabi/12.3.1/../../../../arm-none-eabi/lib/thumb/v7-m/nofp\libc.a(libc_a-readr.o)
                0x08001654                _read_r
 .text._write_r
                0x08001678       0x24 D:/STM32Cube/STM32CubeCLT/STM32CubeCLT_1.17.0/GNU-tools-for-STM32/bin/../lib/gcc/arm-none-eabi/12.3.1/../../../../arm-none-eabi/lib/thumb/v7-m/nofp\libc.a(libc_a-writer.o)
                0x08001678                _write_r
 .text.__libc_init_array
                0x0800169c       0x48 D:/STM32Cube/STM32CubeCLT/STM32CubeCLT_1.17.0/GNU-tools-for-STM32/bin/../lib/gcc/arm-none-eabi/12.3.1/../../../../arm-none-eabi/lib/thumb/v7-m/nofp\libc.a(libc_a-init.o)
                0x0800169c                __libc_init_array
 .text.__retarget_lock_init_recursive
                0x080016e4        0x2 D:/STM32Cube/STM32CubeCLT/STM32CubeCLT_1.17.0/GNU-tools-for-STM32/bin/../lib/gcc/arm-none-eabi/12.3.1/../../../../arm-none-eabi/lib/thumb/v7-m/nofp\libc.a(libc_a-lock.o)
                0x080016e4                __retarget_lock_init_recursive
 .text.__retarget_lock_close_recursive
                0x080016e6        0x2 D:/STM32Cube/STM32CubeCLT/STM32CubeCLT_1.17.0/GNU-tools-for-STM32/bin/../lib/gcc/arm-none-eabi/12.3.1/../../../../arm-none-eabi/lib/thumb/v7-m/nofp\libc.a(libc_a-lock.o)
                0x080016e6                __retarget_lock_close_recursive
 .text.__retarget_lock_acquire_recursive
                0x080016e8        0x2 D:/STM32Cube/STM32CubeCLT/STM32CubeCLT_1.17.0/GNU-tools-for-STM32/bin/../lib/gcc/arm-none-eabi/12.3.1/../../../../arm-none-eabi/lib/thumb/v7-m/nofp\libc.a(libc_a-lock.o)
                0x080016e8                __retarget_lock_acquire_recursive
 .text.__retarget_lock_release_recursive
                0x080016ea        0x2 D:/STM32Cube/STM32CubeCLT/STM32CubeCLT_1.17.0/GNU-tools-for-STM32/bin/../lib/gcc/arm-none-eabi/12.3.1/../../../../arm-none-eabi/lib/thumb/v7-m/nofp\libc.a(libc_a-lock.o)
                0x080016ea                __retarget_lock_release_recursive
 .text.startup.register_fini
                0x080016ec       0x14 D:/STM32Cube/STM32CubeCLT/STM32CubeCLT_1.17.0/GNU-tools-for-STM32/bin/../lib/gcc/arm-none-eabi/12.3.1/../../../../arm-none-eabi/lib/thumb/v7-m/nofp\libc.a(libc_a-__call_atexit.o)
 .text.atexit   0x08001700        0xc D:/STM32Cube/STM32CubeCLT/STM32CubeCLT_1.17.0/GNU-tools-for-STM32/bin/../lib/gcc/arm-none-eabi/12.3.1/../../../../arm-none-eabi/lib/thumb/v7-m/nofp\libc.a(libc_a-atexit.o)
                0x08001700                atexit
 .text._malloc_trim_r
                0x0800170c       0xac D:/STM32Cube/STM32CubeCLT/STM32CubeCLT_1.17.0/GNU-tools-for-STM32/bin/../lib/gcc/arm-none-eabi/12.3.1/../../../../arm-none-eabi/lib/thumb/v7-m/nofp\libc.a(libc_a-freer.o)
                0x0800170c                _malloc_trim_r
 .text._free_r  0x080017b8      0x180 D:/STM32Cube/STM32CubeCLT/STM32CubeCLT_1.17.0/GNU-tools-for-STM32/bin/../lib/gcc/arm-none-eabi/12.3.1/../../../../arm-none-eabi/lib/thumb/v7-m/nofp\libc.a(libc_a-freer.o)
                0x080017b8                _free_r
 .text._malloc_r
                0x08001938      0x474 D:/STM32Cube/STM32CubeCLT/STM32CubeCLT_1.17.0/GNU-tools-for-STM32/bin/../lib/gcc/arm-none-eabi/12.3.1/../../../../arm-none-eabi/lib/thumb/v7-m/nofp\libc.a(libc_a-mallocr.o)
                0x08001938                _malloc_r
 .text.__malloc_lock
                0x08001dac        0xc D:/STM32Cube/STM32CubeCLT/STM32CubeCLT_1.17.0/GNU-tools-for-STM32/bin/../lib/gcc/arm-none-eabi/12.3.1/../../../../arm-none-eabi/lib/thumb/v7-m/nofp\libc.a(libc_a-mlock.o)
                0x08001dac                __malloc_lock
 .text.__malloc_unlock
                0x08001db8        0xc D:/STM32Cube/STM32CubeCLT/STM32CubeCLT_1.17.0/GNU-tools-for-STM32/bin/../lib/gcc/arm-none-eabi/12.3.1/../../../../arm-none-eabi/lib/thumb/v7-m/nofp\libc.a(libc_a-mlock.o)
                0x08001db8                __malloc_unlock
 .text._fclose_r
                0x08001dc4       0xaa D:/STM32Cube/STM32CubeCLT/STM32CubeCLT_1.17.0/GNU-tools-for-STM32/bin/../lib/gcc/arm-none-eabi/12.3.1/../../../../arm-none-eabi/lib/thumb/v7-m/nofp\libc.a(libc_a-fclose.o)
                0x08001dc4                _fclose_r
 *fill*         0x08001e6e        0x2 
 .text.__sflush_r
                0x08001e70      0x108 D:/STM32Cube/STM32CubeCLT/STM32CubeCLT_1.17.0/GNU-tools-for-STM32/bin/../lib/gcc/arm-none-eabi/12.3.1/../../../../arm-none-eabi/lib/thumb/v7-m/nofp\libc.a(libc_a-fflush.o)
                0x08001e70                __sflush_r
 .text._fflush_r
                0x08001f78       0x4a D:/STM32Cube/STM32CubeCLT/STM32CubeCLT_1.17.0/GNU-tools-for-STM32/bin/../lib/gcc/arm-none-eabi/12.3.1/../../../../arm-none-eabi/lib/thumb/v7-m/nofp\libc.a(libc_a-fflush.o)
                0x08001f78                _fflush_r
 *fill*         0x08001fc2        0x2 
 .text._sbrk_r  0x08001fc4       0x20 D:/STM32Cube/STM32CubeCLT/STM32CubeCLT_1.17.0/GNU-tools-for-STM32/bin/../lib/gcc/arm-none-eabi/12.3.1/../../../../arm-none-eabi/lib/thumb/v7-m/nofp\libc.a(libc_a-sbrkr.o)
                0x08001fc4                _sbrk_r
 .text.__libc_fini_array
                0x08001fe4       0x28 D:/STM32Cube/STM32CubeCLT/STM32CubeCLT_1.17.0/GNU-tools-for-STM32/bin/../lib/gcc/arm-none-eabi/12.3.1/../../../../arm-none-eabi/lib/thumb/v7-m/nofp\libc.a(libc_a-fini.o)
                0x08001fe4                __libc_fini_array
 .text.sysconf  0x0800200c       0x18 D:/STM32Cube/STM32CubeCLT/STM32CubeCLT_1.17.0/GNU-tools-for-STM32/bin/../lib/gcc/arm-none-eabi/12.3.1/../../../../arm-none-eabi/lib/thumb/v7-m/nofp\libc.a(libc_a-sysconf.o)
                0x0800200c                sysconf
 .text.__register_exitproc
                0x08002024       0x80 D:/STM32Cube/STM32CubeCLT/STM32CubeCLT_1.17.0/GNU-tools-for-STM32/bin/../lib/gcc/arm-none-eabi/12.3.1/../../../../arm-none-eabi/lib/thumb/v7-m/nofp\libc.a(libc_a-__atexit.o)
                0x08002024                __register_exitproc
 .text.__errno  0x080020a4        0xc D:/STM32Cube/STM32CubeCLT/STM32CubeCLT_1.17.0/GNU-tools-for-STM32/bin/../lib/gcc/arm-none-eabi/12.3.1/../../../../arm-none-eabi/lib/thumb/v7-m/nofp\libc.a(libc_a-errno.o)
                0x080020a4                __errno
 .text._close   0x080020b0       0x10 D:/STM32Cube/STM32CubeCLT/STM32CubeCLT_1.17.0/GNU-tools-for-STM32/bin/../lib/gcc/arm-none-eabi/12.3.1/../../../../arm-none-eabi/lib/thumb/v7-m/nofp\libnosys.a(close.o)
                0x080020b0                _close
 .text._lseek   0x080020c0       0x10 D:/STM32Cube/STM32CubeCLT/STM32CubeCLT_1.17.0/GNU-tools-for-STM32/bin/../lib/gcc/arm-none-eabi/12.3.1/../../../../arm-none-eabi/lib/thumb/v7-m/nofp\libnosys.a(lseek.o)
                0x080020c0                _lseek
 .text._read    0x080020d0       0x10 D:/STM32Cube/STM32CubeCLT/STM32CubeCLT_1.17.0/GNU-tools-for-STM32/bin/../lib/gcc/arm-none-eabi/12.3.1/../../../../arm-none-eabi/lib/thumb/v7-m/nofp\libnosys.a(read.o)
                0x080020d0                _read
 .text._sbrk    0x080020e0       0x1c D:/STM32Cube/STM32CubeCLT/STM32CubeCLT_1.17.0/GNU-tools-for-STM32/bin/../lib/gcc/arm-none-eabi/12.3.1/../../../../arm-none-eabi/lib/thumb/v7-m/nofp\libnosys.a(sbrk.o)
                0x080020e0                _sbrk
 .text._write   0x080020fc       0x10 D:/STM32Cube/STM32CubeCLT/STM32CubeCLT_1.17.0/GNU-tools-for-STM32/bin/../lib/gcc/arm-none-eabi/12.3.1/../../../../arm-none-eabi/lib/thumb/v7-m/nofp\libnosys.a(write.o)
                0x080020fc                _write
 .text._exit    0x0800210c        0x2 D:/STM32Cube/STM32CubeCLT/STM32CubeCLT_1.17.0/GNU-tools-for-STM32/bin/../lib/gcc/arm-none-eabi/12.3.1/../../../../arm-none-eabi/lib/thumb/v7-m/nofp\libnosys.a(_exit.o)
                0x0800210c                _exit
 *fill*         0x0800210e        0x2 
 .text.ADC_ConvertToBatteryVoltage
                0x08002110       0x1c build/Core/Src/adc.o
 .text.ADC_ConvertToThrottle
                0x0800212c       0x34 build/Core/Src/adc.o
 .text.ADC_ConvertToBrake
                0x08002160       0x30 build/Core/Src/adc.o
 .text.ADC_ConvertToSteeringAngle
                0x08002190       0x64 build/Core/Src/adc.o
 .text.MX_ADC1_Init
                0x080021f4       0xac build/Core/Src/adc.o
                0x080021f4                MX_ADC1_Init
 .text.HAL_ADC_MspInit
                0x080022a0       0x9c build/Core/Src/adc.o
                0x080022a0                HAL_ADC_MspInit
 .text.HAL_ADC_ConvCpltCallback
                0x0800233c       0x2c build/Core/Src/adc.o
                0x0800233c                HAL_ADC_ConvCpltCallback
 .text.ADC_StartDMA
                0x08002368       0x18 build/Core/Src/adc.o
                0x08002368                ADC_StartDMA
 .text.ADC_GetRawValues
                0x08002380       0x1c build/Core/Src/adc.o
                0x08002380                ADC_GetRawValues
 .text.ADC_ProcessSensorData
                0x0800239c       0x48 build/Core/Src/adc.o
                0x0800239c                ADC_ProcessSensorData
 .text.ADC_GetSensorHandle
                0x080023e4        0x8 build/Core/Src/adc.o
                0x080023e4                ADC_GetSensorHandle
 .text.MX_CAN1_Init
                0x080023ec       0x48 build/Core/Src/can.o
                0x080023ec                MX_CAN1_Init
 .text.MX_CAN2_Init
                0x08002434       0x48 build/Core/Src/can.o
                0x08002434                MX_CAN2_Init
 .text.HAL_CAN_MspInit
                0x0800247c      0x148 build/Core/Src/can.o
                0x0800247c                HAL_CAN_MspInit
 .text.CAN_TestInit
                0x080025c4       0xa4 build/Core/Src/can.o
                0x080025c4                CAN_TestInit
 .text.CAN_TestSendMessage
                0x08002668      0x188 build/Core/Src/can.o
                0x08002668                CAN_TestSendMessage
 .text.HAL_CAN_RxFifo0MsgPendingCallback
                0x080027f0       0x88 build/Core/Src/can.o
                0x080027f0                HAL_CAN_RxFifo0MsgPendingCallback
 .text.HAL_CAN_RxFifo1MsgPendingCallback
                0x08002878       0x88 build/Core/Src/can.o
                0x08002878                HAL_CAN_RxFifo1MsgPendingCallback
 .text.HAL_CAN_TxMailbox0CompleteCallback
                0x08002900       0x3c build/Core/Src/can.o
                0x08002900                HAL_CAN_TxMailbox0CompleteCallback
 .text.HAL_CAN_TxMailbox1CompleteCallback
                0x0800293c       0x3c build/Core/Src/can.o
                0x0800293c                HAL_CAN_TxMailbox1CompleteCallback
 .text.HAL_CAN_TxMailbox2CompleteCallback
                0x08002978       0x3c build/Core/Src/can.o
                0x08002978                HAL_CAN_TxMailbox2CompleteCallback
 .text.HAL_CAN_ErrorCallback
                0x080029b4       0x4c build/Core/Src/can.o
                0x080029b4                HAL_CAN_ErrorCallback
 .text.MX_DMA_Init
                0x08002a00       0x34 build/Core/Src/dma.o
                0x08002a00                MX_DMA_Init
 .text.MX_GPIO_Init
                0x08002a34       0xe8 build/Core/Src/gpio.o
                0x08002a34                MX_GPIO_Init
 .text.Error_Handler
                0x08002b1c        0x4 build/Core/Src/main.o
                0x08002b1c                Error_Handler
 .text.SystemClock_Config
                0x08002b20       0x90 build/Core/Src/main.o
                0x08002b20                SystemClock_Config
 .text.main     0x08002bb0       0x84 build/Core/Src/main.o
                0x08002bb0                main
 .text.HAL_MspInit
                0x08002c34       0x44 build/Core/Src/stm32f1xx_hal_msp.o
                0x08002c34                HAL_MspInit
 .text.NMI_Handler
                0x08002c78        0x2 build/Core/Src/stm32f1xx_it.o
                0x08002c78                NMI_Handler
 .text.HardFault_Handler
                0x08002c7a        0x2 build/Core/Src/stm32f1xx_it.o
                0x08002c7a                HardFault_Handler
 .text.MemManage_Handler
                0x08002c7c        0x2 build/Core/Src/stm32f1xx_it.o
                0x08002c7c                MemManage_Handler
 .text.BusFault_Handler
                0x08002c7e        0x2 build/Core/Src/stm32f1xx_it.o
                0x08002c7e                BusFault_Handler
 .text.UsageFault_Handler
                0x08002c80        0x2 build/Core/Src/stm32f1xx_it.o
                0x08002c80                UsageFault_Handler
 .text.SVC_Handler
                0x08002c82        0x2 build/Core/Src/stm32f1xx_it.o
                0x08002c82                SVC_Handler
 .text.DebugMon_Handler
                0x08002c84        0x2 build/Core/Src/stm32f1xx_it.o
                0x08002c84                DebugMon_Handler
 .text.PendSV_Handler
                0x08002c86        0x2 build/Core/Src/stm32f1xx_it.o
                0x08002c86                PendSV_Handler
 .text.SysTick_Handler
                0x08002c88        0x8 build/Core/Src/stm32f1xx_it.o
                0x08002c88                SysTick_Handler
 .text.DMA1_Channel1_IRQHandler
                0x08002c90       0x10 build/Core/Src/stm32f1xx_it.o
                0x08002c90                DMA1_Channel1_IRQHandler
 .text.CAN1_TX_IRQHandler
                0x08002ca0       0x10 build/Core/Src/stm32f1xx_it.o
                0x08002ca0                CAN1_TX_IRQHandler
 .text.CAN1_RX0_IRQHandler
                0x08002cb0       0x10 build/Core/Src/stm32f1xx_it.o
                0x08002cb0                CAN1_RX0_IRQHandler
 .text.TIM3_IRQHandler
                0x08002cc0       0x10 build/Core/Src/stm32f1xx_it.o
                0x08002cc0                TIM3_IRQHandler
 .text.USART1_IRQHandler
                0x08002cd0       0x10 build/Core/Src/stm32f1xx_it.o
                0x08002cd0                USART1_IRQHandler
 .text.CAN2_TX_IRQHandler
                0x08002ce0       0x10 build/Core/Src/stm32f1xx_it.o
                0x08002ce0                CAN2_TX_IRQHandler
 .text.CAN2_RX0_IRQHandler
                0x08002cf0       0x10 build/Core/Src/stm32f1xx_it.o
                0x08002cf0                CAN2_RX0_IRQHandler
 .text.SystemInit
                0x08002d00        0x2 build/Core/Src/system_stm32f1xx.o
                0x08002d00                SystemInit
 *fill*         0x08002d02        0x2 
 .text.MX_TIM3_Init
                0x08002d04       0x70 build/Core/Src/tim.o
                0x08002d04                MX_TIM3_Init
 .text.HAL_TIM_Base_MspInit
                0x08002d74       0x40 build/Core/Src/tim.o
                0x08002d74                HAL_TIM_Base_MspInit
 .text.MX_USART1_UART_Init
                0x08002db4       0x34 build/Core/Src/usart.o
                0x08002db4                MX_USART1_UART_Init
 .text.HAL_UART_MspInit
                0x08002de8       0x88 build/Core/Src/usart.o
                0x08002de8                HAL_UART_MspInit
 .text.UART1_Send
                0x08002e70       0x14 build/Core/Src/usart.o
                0x08002e70                UART1_Send
 .text.Vehicle_Init
                0x08002e84       0x4c build/Core/Src/vehicle.o
                0x08002e84                Vehicle_Init
 .text.Vehicle_LED1_Blink
                0x08002ed0       0x38 build/Core/Src/vehicle.o
                0x08002ed0                Vehicle_LED1_Blink
 .text.Vehicle_GearShiftCheck
                0x08002f08       0x64 build/Core/Src/vehicle.o
                0x08002f08                Vehicle_GearShiftCheck
 .text.Vehicle_GearTick
                0x08002f6c       0x34 build/Core/Src/vehicle.o
                0x08002f6c                Vehicle_GearTick
 .text.Vehicle_SensorReport
                0x08002fa0       0x84 build/Core/Src/vehicle.o
                0x08002fa0                Vehicle_SensorReport
 .text.tick_init
                0x08003024       0x10 build/Drivers/BSP/tick/tick.o
                0x08003024                tick_init
 .text.HAL_TIM_PeriodElapsedCallback
                0x08003034      0x128 build/Drivers/BSP/tick/tick.o
                0x08003034                HAL_TIM_PeriodElapsedCallback
 .text.HAL_InitTick
                0x0800315c       0x4c build/Drivers/STM32F1xx_HAL_Driver/Src/stm32f1xx_hal.o
                0x0800315c                HAL_InitTick
 .text.HAL_Init
                0x080031a8       0x24 build/Drivers/STM32F1xx_HAL_Driver/Src/stm32f1xx_hal.o
                0x080031a8                HAL_Init
 .text.HAL_IncTick
                0x080031cc       0x18 build/Drivers/STM32F1xx_HAL_Driver/Src/stm32f1xx_hal.o
                0x080031cc                HAL_IncTick
 .text.HAL_GetTick
                0x080031e4        0xc build/Drivers/STM32F1xx_HAL_Driver/Src/stm32f1xx_hal.o
                0x080031e4                HAL_GetTick
 .text.ADC_DMAConvCplt
                0x080031f0       0x52 build/Drivers/STM32F1xx_HAL_Driver/Src/stm32f1xx_hal_adc.o
                0x080031f0                ADC_DMAConvCplt
 .text.HAL_ADC_ConvHalfCpltCallback
                0x08003242        0x2 build/Drivers/STM32F1xx_HAL_Driver/Src/stm32f1xx_hal_adc.o
                0x08003242                HAL_ADC_ConvHalfCpltCallback
 .text.ADC_DMAHalfConvCplt
                0x08003244        0xa build/Drivers/STM32F1xx_HAL_Driver/Src/stm32f1xx_hal_adc.o
                0x08003244                ADC_DMAHalfConvCplt
 .text.HAL_ADC_ErrorCallback
                0x0800324e        0x2 build/Drivers/STM32F1xx_HAL_Driver/Src/stm32f1xx_hal_adc.o
                0x0800324e                HAL_ADC_ErrorCallback
 .text.ADC_DMAError
                0x08003250       0x1a build/Drivers/STM32F1xx_HAL_Driver/Src/stm32f1xx_hal_adc.o
                0x08003250                ADC_DMAError
 *fill*         0x0800326a        0x2 
 .text.HAL_ADC_ConfigChannel
                0x0800326c      0x140 build/Drivers/STM32F1xx_HAL_Driver/Src/stm32f1xx_hal_adc.o
                0x0800326c                HAL_ADC_ConfigChannel
 .text.ADC_Enable
                0x080033ac       0x88 build/Drivers/STM32F1xx_HAL_Driver/Src/stm32f1xx_hal_adc.o
                0x080033ac                ADC_Enable
 .text.HAL_ADC_Start_DMA
                0x08003434      0x130 build/Drivers/STM32F1xx_HAL_Driver/Src/stm32f1xx_hal_adc.o
                0x08003434                HAL_ADC_Start_DMA
 .text.ADC_ConversionStop_Disable
                0x08003564       0x56 build/Drivers/STM32F1xx_HAL_Driver/Src/stm32f1xx_hal_adc.o
                0x08003564                ADC_ConversionStop_Disable
 *fill*         0x080035ba        0x2 
 .text.HAL_ADC_Init
                0x080035bc      0x108 build/Drivers/STM32F1xx_HAL_Driver/Src/stm32f1xx_hal_adc.o
                0x080035bc                HAL_ADC_Init
 .text.HAL_CAN_Init
                0x080036c4      0x14c build/Drivers/STM32F1xx_HAL_Driver/Src/stm32f1xx_hal_can.o
                0x080036c4                HAL_CAN_Init
 .text.HAL_CAN_ConfigFilter
                0x08003810      0x13c build/Drivers/STM32F1xx_HAL_Driver/Src/stm32f1xx_hal_can.o
                0x08003810                HAL_CAN_ConfigFilter
 .text.HAL_CAN_Start
                0x0800394c       0x5c build/Drivers/STM32F1xx_HAL_Driver/Src/stm32f1xx_hal_can.o
                0x0800394c                HAL_CAN_Start
 .text.HAL_CAN_AddTxMessage
                0x080039a8       0xea build/Drivers/STM32F1xx_HAL_Driver/Src/stm32f1xx_hal_can.o
                0x080039a8                HAL_CAN_AddTxMessage
 .text.HAL_CAN_GetRxMessage
                0x08003a92      0x16a build/Drivers/STM32F1xx_HAL_Driver/Src/stm32f1xx_hal_can.o
                0x08003a92                HAL_CAN_GetRxMessage
 .text.HAL_CAN_ActivateNotification
                0x08003bfc       0x24 build/Drivers/STM32F1xx_HAL_Driver/Src/stm32f1xx_hal_can.o
                0x08003bfc                HAL_CAN_ActivateNotification
 .text.HAL_CAN_TxMailbox0AbortCallback
                0x08003c20        0x2 build/Drivers/STM32F1xx_HAL_Driver/Src/stm32f1xx_hal_can.o
                0x08003c20                HAL_CAN_TxMailbox0AbortCallback
 .text.HAL_CAN_TxMailbox1AbortCallback
                0x08003c22        0x2 build/Drivers/STM32F1xx_HAL_Driver/Src/stm32f1xx_hal_can.o
                0x08003c22                HAL_CAN_TxMailbox1AbortCallback
 .text.HAL_CAN_TxMailbox2AbortCallback
                0x08003c24        0x2 build/Drivers/STM32F1xx_HAL_Driver/Src/stm32f1xx_hal_can.o
                0x08003c24                HAL_CAN_TxMailbox2AbortCallback
 .text.HAL_CAN_RxFifo0FullCallback
                0x08003c26        0x2 build/Drivers/STM32F1xx_HAL_Driver/Src/stm32f1xx_hal_can.o
                0x08003c26                HAL_CAN_RxFifo0FullCallback
 .text.HAL_CAN_RxFifo1FullCallback
                0x08003c28        0x2 build/Drivers/STM32F1xx_HAL_Driver/Src/stm32f1xx_hal_can.o
                0x08003c28                HAL_CAN_RxFifo1FullCallback
 .text.HAL_CAN_SleepCallback
                0x08003c2a        0x2 build/Drivers/STM32F1xx_HAL_Driver/Src/stm32f1xx_hal_can.o
                0x08003c2a                HAL_CAN_SleepCallback
 .text.HAL_CAN_WakeUpFromRxMsgCallback
                0x08003c2c        0x2 build/Drivers/STM32F1xx_HAL_Driver/Src/stm32f1xx_hal_can.o
                0x08003c2c                HAL_CAN_WakeUpFromRxMsgCallback
 .text.HAL_CAN_IRQHandler
                0x08003c2e      0x24a build/Drivers/STM32F1xx_HAL_Driver/Src/stm32f1xx_hal_can.o
                0x08003c2e                HAL_CAN_IRQHandler
 .text.HAL_CAN_GetError
                0x08003e78        0x4 build/Drivers/STM32F1xx_HAL_Driver/Src/stm32f1xx_hal_can.o
                0x08003e78                HAL_CAN_GetError
 .text.HAL_CAN_ResetError
                0x08003e7c       0x20 build/Drivers/STM32F1xx_HAL_Driver/Src/stm32f1xx_hal_can.o
                0x08003e7c                HAL_CAN_ResetError
 .text.__NVIC_SetPriority
                0x08003e9c       0x28 build/Drivers/STM32F1xx_HAL_Driver/Src/stm32f1xx_hal_cortex.o
 .text.NVIC_EncodePriority
                0x08003ec4       0x3e build/Drivers/STM32F1xx_HAL_Driver/Src/stm32f1xx_hal_cortex.o
 *fill*         0x08003f02        0x2 
 .text.HAL_NVIC_SetPriorityGrouping
                0x08003f04       0x24 build/Drivers/STM32F1xx_HAL_Driver/Src/stm32f1xx_hal_cortex.o
                0x08003f04                HAL_NVIC_SetPriorityGrouping
 .text.HAL_NVIC_SetPriority
                0x08003f28       0x20 build/Drivers/STM32F1xx_HAL_Driver/Src/stm32f1xx_hal_cortex.o
                0x08003f28                HAL_NVIC_SetPriority
 .text.HAL_NVIC_EnableIRQ
                0x08003f48       0x1c build/Drivers/STM32F1xx_HAL_Driver/Src/stm32f1xx_hal_cortex.o
                0x08003f48                HAL_NVIC_EnableIRQ
 .text.HAL_SYSTICK_Config
                0x08003f64       0x28 build/Drivers/STM32F1xx_HAL_Driver/Src/stm32f1xx_hal_cortex.o
                0x08003f64                HAL_SYSTICK_Config
 .text.DMA_SetConfig
                0x08003f8c       0x2c build/Drivers/STM32F1xx_HAL_Driver/Src/stm32f1xx_hal_dma.o
 .text.HAL_DMA_Init
                0x08003fb8       0x98 build/Drivers/STM32F1xx_HAL_Driver/Src/stm32f1xx_hal_dma.o
                0x08003fb8                HAL_DMA_Init
 .text.HAL_DMA_Start_IT
                0x08004050       0x76 build/Drivers/STM32F1xx_HAL_Driver/Src/stm32f1xx_hal_dma.o
                0x08004050                HAL_DMA_Start_IT
 .text.HAL_DMA_Abort
                0x080040c6       0x46 build/Drivers/STM32F1xx_HAL_Driver/Src/stm32f1xx_hal_dma.o
                0x080040c6                HAL_DMA_Abort
 .text.HAL_DMA_Abort_IT
                0x0800410c      0x16c build/Drivers/STM32F1xx_HAL_Driver/Src/stm32f1xx_hal_dma.o
                0x0800410c                HAL_DMA_Abort_IT
 .text.HAL_DMA_IRQHandler
                0x08004278      0x2ec build/Drivers/STM32F1xx_HAL_Driver/Src/stm32f1xx_hal_dma.o
                0x08004278                HAL_DMA_IRQHandler
 .text.HAL_GPIO_Init
                0x08004564      0x21c build/Drivers/STM32F1xx_HAL_Driver/Src/stm32f1xx_hal_gpio.o
                0x08004564                HAL_GPIO_Init
 .text.HAL_GPIO_ReadPin
                0x08004780        0xe build/Drivers/STM32F1xx_HAL_Driver/Src/stm32f1xx_hal_gpio.o
                0x08004780                HAL_GPIO_ReadPin
 .text.HAL_GPIO_WritePin
                0x0800478e        0xc build/Drivers/STM32F1xx_HAL_Driver/Src/stm32f1xx_hal_gpio.o
                0x0800478e                HAL_GPIO_WritePin
 *fill*         0x0800479a        0x2 
 .text.RCC_Delay
                0x0800479c       0x2c build/Drivers/STM32F1xx_HAL_Driver/Src/stm32f1xx_hal_rcc.o
 .text.HAL_RCC_OscConfig
                0x080047c8      0x4f4 build/Drivers/STM32F1xx_HAL_Driver/Src/stm32f1xx_hal_rcc.o
                0x080047c8                HAL_RCC_OscConfig
 .text.HAL_RCC_GetSysClockFreq
                0x08004cbc       0xbc build/Drivers/STM32F1xx_HAL_Driver/Src/stm32f1xx_hal_rcc.o
                0x08004cbc                HAL_RCC_GetSysClockFreq
 .text.HAL_RCC_ClockConfig
                0x08004d78      0x16c build/Drivers/STM32F1xx_HAL_Driver/Src/stm32f1xx_hal_rcc.o
                0x08004d78                HAL_RCC_ClockConfig
 .text.HAL_RCC_GetHCLKFreq
                0x08004ee4        0xc build/Drivers/STM32F1xx_HAL_Driver/Src/stm32f1xx_hal_rcc.o
                0x08004ee4                HAL_RCC_GetHCLKFreq
 .text.HAL_RCC_GetPCLK1Freq
                0x08004ef0       0x20 build/Drivers/STM32F1xx_HAL_Driver/Src/stm32f1xx_hal_rcc.o
                0x08004ef0                HAL_RCC_GetPCLK1Freq
 .text.HAL_RCC_GetPCLK2Freq
                0x08004f10       0x20 build/Drivers/STM32F1xx_HAL_Driver/Src/stm32f1xx_hal_rcc.o
                0x08004f10                HAL_RCC_GetPCLK2Freq
 .text.HAL_RCCEx_PeriphCLKConfig
                0x08004f30      0x1d4 build/Drivers/STM32F1xx_HAL_Driver/Src/stm32f1xx_hal_rcc_ex.o
                0x08004f30                HAL_RCCEx_PeriphCLKConfig
 .text.TIM_TI1_ConfigInputStage
                0x08005104       0x24 build/Drivers/STM32F1xx_HAL_Driver/Src/stm32f1xx_hal_tim.o
 .text.TIM_TI2_ConfigInputStage
                0x08005128       0x26 build/Drivers/STM32F1xx_HAL_Driver/Src/stm32f1xx_hal_tim.o
 .text.TIM_ITRx_SetConfig
                0x0800514e       0x10 build/Drivers/STM32F1xx_HAL_Driver/Src/stm32f1xx_hal_tim.o
 *fill*         0x0800515e        0x2 
 .text.HAL_TIM_Base_Start_IT
                0x08005160       0x70 build/Drivers/STM32F1xx_HAL_Driver/Src/stm32f1xx_hal_tim.o
                0x08005160                HAL_TIM_Base_Start_IT
 .text.HAL_TIM_OC_DelayElapsedCallback
                0x080051d0        0x2 build/Drivers/STM32F1xx_HAL_Driver/Src/stm32f1xx_hal_tim.o
                0x080051d0                HAL_TIM_OC_DelayElapsedCallback
 .text.HAL_TIM_IC_CaptureCallback
                0x080051d2        0x2 build/Drivers/STM32F1xx_HAL_Driver/Src/stm32f1xx_hal_tim.o
                0x080051d2                HAL_TIM_IC_CaptureCallback
 .text.HAL_TIM_PWM_PulseFinishedCallback
                0x080051d4        0x2 build/Drivers/STM32F1xx_HAL_Driver/Src/stm32f1xx_hal_tim.o
                0x080051d4                HAL_TIM_PWM_PulseFinishedCallback
 .text.HAL_TIM_TriggerCallback
                0x080051d6        0x2 build/Drivers/STM32F1xx_HAL_Driver/Src/stm32f1xx_hal_tim.o
                0x080051d6                HAL_TIM_TriggerCallback
 .text.HAL_TIM_IRQHandler
                0x080051d8      0x15e build/Drivers/STM32F1xx_HAL_Driver/Src/stm32f1xx_hal_tim.o
                0x080051d8                HAL_TIM_IRQHandler
 *fill*         0x08005336        0x2 
 .text.TIM_Base_SetConfig
                0x08005338       0x94 build/Drivers/STM32F1xx_HAL_Driver/Src/stm32f1xx_hal_tim.o
                0x08005338                TIM_Base_SetConfig
 .text.HAL_TIM_Base_Init
                0x080053cc       0x58 build/Drivers/STM32F1xx_HAL_Driver/Src/stm32f1xx_hal_tim.o
                0x080053cc                HAL_TIM_Base_Init
 .text.TIM_ETR_SetConfig
                0x08005424       0x18 build/Drivers/STM32F1xx_HAL_Driver/Src/stm32f1xx_hal_tim.o
                0x08005424                TIM_ETR_SetConfig
 .text.HAL_TIM_ConfigClockSource
                0x0800543c       0xfe build/Drivers/STM32F1xx_HAL_Driver/Src/stm32f1xx_hal_tim.o
                0x0800543c                HAL_TIM_ConfigClockSource
 *fill*         0x0800553a        0x2 
 .text.HAL_TIMEx_MasterConfigSynchronization
                0x0800553c       0x74 build/Drivers/STM32F1xx_HAL_Driver/Src/stm32f1xx_hal_tim_ex.o
                0x0800553c                HAL_TIMEx_MasterConfigSynchronization
 .text.HAL_TIMEx_CommutCallback
                0x080055b0        0x2 build/Drivers/STM32F1xx_HAL_Driver/Src/stm32f1xx_hal_tim_ex.o
                0x080055b0                HAL_TIMEx_CommutCallback
 .text.HAL_TIMEx_BreakCallback
                0x080055b2        0x2 build/Drivers/STM32F1xx_HAL_Driver/Src/stm32f1xx_hal_tim_ex.o
                0x080055b2                HAL_TIMEx_BreakCallback
 .text.UART_EndRxTransfer
                0x080055b4       0x5c build/Drivers/STM32F1xx_HAL_Driver/Src/stm32f1xx_hal_uart.o
 .text.UART_Transmit_IT
                0x08005610       0x60 build/Drivers/STM32F1xx_HAL_Driver/Src/stm32f1xx_hal_uart.o
 .text.UART_SetConfig
                0x08005670       0x94 build/Drivers/STM32F1xx_HAL_Driver/Src/stm32f1xx_hal_uart.o
 .text.UART_WaitOnFlagUntilTimeout
                0x08005704       0x86 build/Drivers/STM32F1xx_HAL_Driver/Src/stm32f1xx_hal_uart.o
 .text.HAL_UART_Init
                0x0800578a       0x60 build/Drivers/STM32F1xx_HAL_Driver/Src/stm32f1xx_hal_uart.o
                0x0800578a                HAL_UART_Init
 .text.HAL_UART_Transmit
                0x080057ea       0xcc build/Drivers/STM32F1xx_HAL_Driver/Src/stm32f1xx_hal_uart.o
                0x080057ea                HAL_UART_Transmit
 .text.HAL_UART_TxCpltCallback
                0x080058b6        0x2 build/Drivers/STM32F1xx_HAL_Driver/Src/stm32f1xx_hal_uart.o
                0x080058b6                HAL_UART_TxCpltCallback
 .text.UART_EndTransmit_IT
                0x080058b8       0x1a build/Drivers/STM32F1xx_HAL_Driver/Src/stm32f1xx_hal_uart.o
 .text.HAL_UART_RxCpltCallback
                0x080058d2        0x2 build/Drivers/STM32F1xx_HAL_Driver/Src/stm32f1xx_hal_uart.o
                0x080058d2                HAL_UART_RxCpltCallback
 .text.HAL_UART_ErrorCallback
                0x080058d4        0x2 build/Drivers/STM32F1xx_HAL_Driver/Src/stm32f1xx_hal_uart.o
                0x080058d4                HAL_UART_ErrorCallback
 .text.UART_DMAAbortOnError
                0x080058d6       0x10 build/Drivers/STM32F1xx_HAL_Driver/Src/stm32f1xx_hal_uart.o
 .text.HAL_UARTEx_RxEventCallback
                0x080058e6        0x2 build/Drivers/STM32F1xx_HAL_Driver/Src/stm32f1xx_hal_uart.o
                0x080058e6                HAL_UARTEx_RxEventCallback
 .text.UART_Receive_IT
                0x080058e8       0xe6 build/Drivers/STM32F1xx_HAL_Driver/Src/stm32f1xx_hal_uart.o
 *fill*         0x080059ce        0x2 
 .text.HAL_UART_IRQHandler
                0x080059d0      0x284 build/Drivers/STM32F1xx_HAL_Driver/Src/stm32f1xx_hal_uart.o
                0x080059d0                HAL_UART_IRQHandler
 .text.Reset_Handler
                0x08005c54       0x48 build/startup_stm32f105xc.o
                0x08005c54                Reset_Handler
 .text.Default_Handler
                0x08005c9c        0x2 build/startup_stm32f105xc.o
                0x08005c9c                RTC_Alarm_IRQHandler
                0x08005c9c                EXTI2_IRQHandler
                0x08005c9c                TIM1_CC_IRQHandler
                0x08005c9c                TIM6_IRQHandler
                0x08005c9c                PVD_IRQHandler
                0x08005c9c                CAN2_RX1_IRQHandler
                0x08005c9c                EXTI3_IRQHandler
                0x08005c9c                EXTI0_IRQHandler
                0x08005c9c                I2C2_EV_IRQHandler
                0x08005c9c                CAN2_SCE_IRQHandler
                0x08005c9c                ADC1_2_IRQHandler
                0x08005c9c                SPI1_IRQHandler
                0x08005c9c                TAMPER_IRQHandler
                0x08005c9c                DMA2_Channel2_IRQHandler
                0x08005c9c                DMA1_Channel4_IRQHandler
                0x08005c9c                USART3_IRQHandler
                0x08005c9c                RTC_IRQHandler
                0x08005c9c                DMA1_Channel7_IRQHandler
                0x08005c9c                CAN1_RX1_IRQHandler
                0x08005c9c                UART5_IRQHandler
                0x08005c9c                TIM4_IRQHandler
                0x08005c9c                DMA2_Channel1_IRQHandler
                0x08005c9c                I2C1_EV_IRQHandler
                0x08005c9c                DMA1_Channel6_IRQHandler
                0x08005c9c                UART4_IRQHandler
                0x08005c9c                DMA2_Channel4_IRQHandler
                0x08005c9c                RCC_IRQHandler
                0x08005c9c                TIM1_TRG_COM_IRQHandler
                0x08005c9c                Default_Handler
                0x08005c9c                EXTI15_10_IRQHandler
                0x08005c9c                TIM7_IRQHandler
                0x08005c9c                TIM5_IRQHandler
                0x08005c9c                EXTI9_5_IRQHandler
                0x08005c9c                SPI2_IRQHandler
                0x08005c9c                DMA2_Channel5_IRQHandler
                0x08005c9c                DMA1_Channel5_IRQHandler
                0x08005c9c                EXTI4_IRQHandler
                0x08005c9c                DMA1_Channel3_IRQHandler
                0x08005c9c                TIM1_UP_IRQHandler
                0x08005c9c                WWDG_IRQHandler
                0x08005c9c                TIM2_IRQHandler
                0x08005c9c                OTG_FS_WKUP_IRQHandler
                0x08005c9c                TIM1_BRK_IRQHandler
                0x08005c9c                EXTI1_IRQHandler
                0x08005c9c                USART2_IRQHandler
                0x08005c9c                I2C2_ER_IRQHandler
                0x08005c9c                DMA1_Channel2_IRQHandler
                0x08005c9c                CAN1_SCE_IRQHandler
                0x08005c9c                FLASH_IRQHandler
                0x08005c9c                OTG_FS_IRQHandler
                0x08005c9c                SPI3_IRQHandler
                0x08005c9c                I2C1_ER_IRQHandler
                0x08005c9c                DMA2_Channel3_IRQHandler
 *fill*         0x08005c9e        0x2 
 .text.snprintf
                0x08005ca0       0x68 D:/STM32Cube/STM32CubeCLT/STM32CubeCLT_1.17.0/GNU-tools-for-STM32/bin/../lib/gcc/arm-none-eabi/12.3.1/../../../../arm-none-eabi/lib/thumb/v7-m/nofp\libc.a(libc_a-snprintf.o)
                0x08005ca0                snprintf
 .text.memcpy   0x08005d08       0x1c D:/STM32Cube/STM32CubeCLT/STM32CubeCLT_1.17.0/GNU-tools-for-STM32/bin/../lib/gcc/arm-none-eabi/12.3.1/../../../../arm-none-eabi/lib/thumb/v7-m/nofp\libc.a(libc_a-memcpy-stub.o)
                0x08005d08                memcpy
 .text._svfprintf_r
                0x08005d24     0x1378 D:/STM32Cube/STM32CubeCLT/STM32CubeCLT_1.17.0/GNU-tools-for-STM32/bin/../lib/gcc/arm-none-eabi/12.3.1/../../../../arm-none-eabi/lib/thumb/v7-m/nofp\libc.a(libc_a-svfprintf.o)
                0x08005d24                _svfprintf_r
 .text.strncpy  0x0800709c       0x26 D:/STM32Cube/STM32CubeCLT/STM32CubeCLT_1.17.0/GNU-tools-for-STM32/bin/../lib/gcc/arm-none-eabi/12.3.1/../../../../arm-none-eabi/lib/thumb/v7-m/nofp\libc.a(libc_a-strncpy.o)
                0x0800709c                strncpy
 *fill*         0x080070c2        0x2 
 .text._localeconv_r
                0x080070c4        0x8 D:/STM32Cube/STM32CubeCLT/STM32CubeCLT_1.17.0/GNU-tools-for-STM32/bin/../lib/gcc/arm-none-eabi/12.3.1/../../../../arm-none-eabi/lib/thumb/v7-m/nofp\libc.a(libc_a-localeconv.o)
                0x080070c4                _localeconv_r
 .text.memchr   0x080070cc       0x1c D:/STM32Cube/STM32CubeCLT/STM32CubeCLT_1.17.0/GNU-tools-for-STM32/bin/../lib/gcc/arm-none-eabi/12.3.1/../../../../arm-none-eabi/lib/thumb/v7-m/nofp\libc.a(libc_a-memchr-stub.o)
                0x080070cc                memchr
 .text.frexp    0x080070e8       0x68 D:/STM32Cube/STM32CubeCLT/STM32CubeCLT_1.17.0/GNU-tools-for-STM32/bin/../lib/gcc/arm-none-eabi/12.3.1/../../../../arm-none-eabi/lib/thumb/v7-m/nofp\libc.a(libm_a-s_frexp.o)
                0x080070e8                frexp
 .text.quorem   0x08007150      0x110 D:/STM32Cube/STM32CubeCLT/STM32CubeCLT_1.17.0/GNU-tools-for-STM32/bin/../lib/gcc/arm-none-eabi/12.3.1/../../../../arm-none-eabi/lib/thumb/v7-m/nofp\libc.a(libc_a-dtoa.o)
 .text._dtoa_r  0x08007260      0xb58 D:/STM32Cube/STM32CubeCLT/STM32CubeCLT_1.17.0/GNU-tools-for-STM32/bin/../lib/gcc/arm-none-eabi/12.3.1/../../../../arm-none-eabi/lib/thumb/v7-m/nofp\libc.a(libc_a-dtoa.o)
                0x08007260                _dtoa_r
 .text._Balloc  0x08007db8       0x4a D:/STM32Cube/STM32CubeCLT/STM32CubeCLT_1.17.0/GNU-tools-for-STM32/bin/../lib/gcc/arm-none-eabi/12.3.1/../../../../arm-none-eabi/lib/thumb/v7-m/nofp\libc.a(libc_a-mprec.o)
                0x08007db8                _Balloc
 .text._Bfree   0x08007e02       0x12 D:/STM32Cube/STM32CubeCLT/STM32CubeCLT_1.17.0/GNU-tools-for-STM32/bin/../lib/gcc/arm-none-eabi/12.3.1/../../../../arm-none-eabi/lib/thumb/v7-m/nofp\libc.a(libc_a-mprec.o)
                0x08007e02                _Bfree
 .text.__multadd
                0x08007e14       0x8c D:/STM32Cube/STM32CubeCLT/STM32CubeCLT_1.17.0/GNU-tools-for-STM32/bin/../lib/gcc/arm-none-eabi/12.3.1/../../../../arm-none-eabi/lib/thumb/v7-m/nofp\libc.a(libc_a-mprec.o)
                0x08007e14                __multadd
 .text.__hi0bits
                0x08007ea0       0x3e D:/STM32Cube/STM32CubeCLT/STM32CubeCLT_1.17.0/GNU-tools-for-STM32/bin/../lib/gcc/arm-none-eabi/12.3.1/../../../../arm-none-eabi/lib/thumb/v7-m/nofp\libc.a(libc_a-mprec.o)
                0x08007ea0                __hi0bits
 .text.__lo0bits
                0x08007ede       0x5a D:/STM32Cube/STM32CubeCLT/STM32CubeCLT_1.17.0/GNU-tools-for-STM32/bin/../lib/gcc/arm-none-eabi/12.3.1/../../../../arm-none-eabi/lib/thumb/v7-m/nofp\libc.a(libc_a-mprec.o)
                0x08007ede                __lo0bits
 .text.__i2b    0x08007f38       0x2c D:/STM32Cube/STM32CubeCLT/STM32CubeCLT_1.17.0/GNU-tools-for-STM32/bin/../lib/gcc/arm-none-eabi/12.3.1/../../../../arm-none-eabi/lib/thumb/v7-m/nofp\libc.a(libc_a-mprec.o)
                0x08007f38                __i2b
 .text.__multiply
                0x08007f64      0x150 D:/STM32Cube/STM32CubeCLT/STM32CubeCLT_1.17.0/GNU-tools-for-STM32/bin/../lib/gcc/arm-none-eabi/12.3.1/../../../../arm-none-eabi/lib/thumb/v7-m/nofp\libc.a(libc_a-mprec.o)
                0x08007f64                __multiply
 .text.__pow5mult
                0x080080b4       0x80 D:/STM32Cube/STM32CubeCLT/STM32CubeCLT_1.17.0/GNU-tools-for-STM32/bin/../lib/gcc/arm-none-eabi/12.3.1/../../../../arm-none-eabi/lib/thumb/v7-m/nofp\libc.a(libc_a-mprec.o)
                0x080080b4                __pow5mult
 .text.__lshift
                0x08008134       0xd8 D:/STM32Cube/STM32CubeCLT/STM32CubeCLT_1.17.0/GNU-tools-for-STM32/bin/../lib/gcc/arm-none-eabi/12.3.1/../../../../arm-none-eabi/lib/thumb/v7-m/nofp\libc.a(libc_a-mprec.o)
                0x08008134                __lshift
 .text.__mcmp   0x0800820c       0x36 D:/STM32Cube/STM32CubeCLT/STM32CubeCLT_1.17.0/GNU-tools-for-STM32/bin/../lib/gcc/arm-none-eabi/12.3.1/../../../../arm-none-eabi/lib/thumb/v7-m/nofp\libc.a(libc_a-mprec.o)
                0x0800820c                __mcmp
 *fill*         0x08008242        0x2 
 .text.__mdiff  0x08008244      0x128 D:/STM32Cube/STM32CubeCLT/STM32CubeCLT_1.17.0/GNU-tools-for-STM32/bin/../lib/gcc/arm-none-eabi/12.3.1/../../../../arm-none-eabi/lib/thumb/v7-m/nofp\libc.a(libc_a-mprec.o)
                0x08008244                __mdiff
 .text.__d2b    0x0800836c       0xb0 D:/STM32Cube/STM32CubeCLT/STM32CubeCLT_1.17.0/GNU-tools-for-STM32/bin/../lib/gcc/arm-none-eabi/12.3.1/../../../../arm-none-eabi/lib/thumb/v7-m/nofp\libc.a(libc_a-mprec.o)
                0x0800836c                __d2b
 .text.__ssprint_r
                0x0800841c       0xfa D:/STM32Cube/STM32CubeCLT/STM32CubeCLT_1.17.0/GNU-tools-for-STM32/bin/../lib/gcc/arm-none-eabi/12.3.1/../../../../arm-none-eabi/lib/thumb/v7-m/nofp\libc.a(libc_a-svfiprintf.o)
                0x0800841c                __ssprint_r
 .text.memmove  0x08008516       0x34 D:/STM32Cube/STM32CubeCLT/STM32CubeCLT_1.17.0/GNU-tools-for-STM32/bin/../lib/gcc/arm-none-eabi/12.3.1/../../../../arm-none-eabi/lib/thumb/v7-m/nofp\libc.a(libc_a-memmove.o)
                0x08008516                memmove
 *fill*         0x0800854a        0x2 
 .text.__locale_mb_cur_max
                0x0800854c        0xc D:/STM32Cube/STM32CubeCLT/STM32CubeCLT_1.17.0/GNU-tools-for-STM32/bin/../lib/gcc/arm-none-eabi/12.3.1/../../../../arm-none-eabi/lib/thumb/v7-m/nofp\libc.a(libc_a-locale.o)
                0x0800854c                __locale_mb_cur_max
 .text.__assert_func
                0x08008558       0x3c D:/STM32Cube/STM32CubeCLT/STM32CubeCLT_1.17.0/GNU-tools-for-STM32/bin/../lib/gcc/arm-none-eabi/12.3.1/../../../../arm-none-eabi/lib/thumb/v7-m/nofp\libc.a(libc_a-assert.o)
                0x08008558                __assert_func
 .text._calloc_r
                0x08008594       0x6a D:/STM32Cube/STM32CubeCLT/STM32CubeCLT_1.17.0/GNU-tools-for-STM32/bin/../lib/gcc/arm-none-eabi/12.3.1/../../../../arm-none-eabi/lib/thumb/v7-m/nofp\libc.a(libc_a-callocr.o)
                0x08008594                _calloc_r
 .text.__ascii_mbtowc
                0x080085fe       0x24 D:/STM32Cube/STM32CubeCLT/STM32CubeCLT_1.17.0/GNU-tools-for-STM32/bin/../lib/gcc/arm-none-eabi/12.3.1/../../../../arm-none-eabi/lib/thumb/v7-m/nofp\libc.a(libc_a-mbtowc_r.o)
                0x080085fe                __ascii_mbtowc
 *fill*         0x08008622        0x2 
 .text._realloc_r
                0x08008624      0x358 D:/STM32Cube/STM32CubeCLT/STM32CubeCLT_1.17.0/GNU-tools-for-STM32/bin/../lib/gcc/arm-none-eabi/12.3.1/../../../../arm-none-eabi/lib/thumb/v7-m/nofp\libc.a(libc_a-reallocr.o)
                0x08008624                _realloc_r
 .text.__ascii_wctomb
                0x0800897c       0x1a D:/STM32Cube/STM32CubeCLT/STM32CubeCLT_1.17.0/GNU-tools-for-STM32/bin/../lib/gcc/arm-none-eabi/12.3.1/../../../../arm-none-eabi/lib/thumb/v7-m/nofp\libc.a(libc_a-wctomb_r.o)
                0x0800897c                __ascii_wctomb
 *fill*         0x08008996        0x2 
 .text.fiprintf
                0x08008998       0x24 D:/STM32Cube/STM32CubeCLT/STM32CubeCLT_1.17.0/GNU-tools-for-STM32/bin/../lib/gcc/arm-none-eabi/12.3.1/../../../../arm-none-eabi/lib/thumb/v7-m/nofp\libc.a(libc_a-fiprintf.o)
                0x08008998                fiprintf
 .text.__sprint_r
                0x080089bc       0x64 D:/STM32Cube/STM32CubeCLT/STM32CubeCLT_1.17.0/GNU-tools-for-STM32/bin/../lib/gcc/arm-none-eabi/12.3.1/../../../../arm-none-eabi/lib/thumb/v7-m/nofp\libc.a(libc_a-vfiprintf.o)
                0x080089bc                __sprint_r
 .text._vfiprintf_r
                0x08008a20      0x914 D:/STM32Cube/STM32CubeCLT/STM32CubeCLT_1.17.0/GNU-tools-for-STM32/bin/../lib/gcc/arm-none-eabi/12.3.1/../../../../arm-none-eabi/lib/thumb/v7-m/nofp\libc.a(libc_a-vfiprintf.o)
                0x08008a20                _vfiprintf_r
 .text.__sbprintf
                0x08009334       0x80 D:/STM32Cube/STM32CubeCLT/STM32CubeCLT_1.17.0/GNU-tools-for-STM32/bin/../lib/gcc/arm-none-eabi/12.3.1/../../../../arm-none-eabi/lib/thumb/v7-m/nofp\libc.a(libc_a-vfiprintf.o)
 .text.__sfvwrite_r
                0x080093b4      0x298 D:/STM32Cube/STM32CubeCLT/STM32CubeCLT_1.17.0/GNU-tools-for-STM32/bin/../lib/gcc/arm-none-eabi/12.3.1/../../../../arm-none-eabi/lib/thumb/v7-m/nofp\libc.a(libc_a-fvwrite.o)
                0x080093b4                __sfvwrite_r
 .text.__swsetup_r
                0x0800964c       0xac D:/STM32Cube/STM32CubeCLT/STM32CubeCLT_1.17.0/GNU-tools-for-STM32/bin/../lib/gcc/arm-none-eabi/12.3.1/../../../../arm-none-eabi/lib/thumb/v7-m/nofp\libc.a(libc_a-wsetup.o)
                0x0800964c                __swsetup_r
 .text.__fputwc
                0x080096f8       0x82 D:/STM32Cube/STM32CubeCLT/STM32CubeCLT_1.17.0/GNU-tools-for-STM32/bin/../lib/gcc/arm-none-eabi/12.3.1/../../../../arm-none-eabi/lib/thumb/v7-m/nofp\libc.a(libc_a-fputwc.o)
                0x080096f8                __fputwc
 .text._fputwc_r
                0x0800977a       0x52 D:/STM32Cube/STM32CubeCLT/STM32CubeCLT_1.17.0/GNU-tools-for-STM32/bin/../lib/gcc/arm-none-eabi/12.3.1/../../../../arm-none-eabi/lib/thumb/v7-m/nofp\libc.a(libc_a-fputwc.o)
                0x0800977a                _fputwc_r
 .text.abort    0x080097cc        0xe D:/STM32Cube/STM32CubeCLT/STM32CubeCLT_1.17.0/GNU-tools-for-STM32/bin/../lib/gcc/arm-none-eabi/12.3.1/../../../../arm-none-eabi/lib/thumb/v7-m/nofp\libc.a(libc_a-abort.o)
                0x080097cc                abort
 *fill*         0x080097da        0x2 
 .text._wcrtomb_r
                0x080097dc       0x2c D:/STM32Cube/STM32CubeCLT/STM32CubeCLT_1.17.0/GNU-tools-for-STM32/bin/../lib/gcc/arm-none-eabi/12.3.1/../../../../arm-none-eabi/lib/thumb/v7-m/nofp\libc.a(libc_a-wcrtomb.o)
                0x080097dc                _wcrtomb_r
 .text.__swhatbuf_r
                0x08009808       0x50 D:/STM32Cube/STM32CubeCLT/STM32CubeCLT_1.17.0/GNU-tools-for-STM32/bin/../lib/gcc/arm-none-eabi/12.3.1/../../../../arm-none-eabi/lib/thumb/v7-m/nofp\libc.a(libc_a-makebuf.o)
                0x08009808                __swhatbuf_r
 .text.__smakebuf_r
                0x08009858       0x78 D:/STM32Cube/STM32CubeCLT/STM32CubeCLT_1.17.0/GNU-tools-for-STM32/bin/../lib/gcc/arm-none-eabi/12.3.1/../../../../arm-none-eabi/lib/thumb/v7-m/nofp\libc.a(libc_a-makebuf.o)
                0x08009858                __smakebuf_r
 .text.__swbuf_r
                0x080098d0       0x92 D:/STM32Cube/STM32CubeCLT/STM32CubeCLT_1.17.0/GNU-tools-for-STM32/bin/../lib/gcc/arm-none-eabi/12.3.1/../../../../arm-none-eabi/lib/thumb/v7-m/nofp\libc.a(libc_a-wbuf.o)
                0x080098d0                __swbuf_r
 .text._raise_r
                0x08009962       0x52 D:/STM32Cube/STM32CubeCLT/STM32CubeCLT_1.17.0/GNU-tools-for-STM32/bin/../lib/gcc/arm-none-eabi/12.3.1/../../../../arm-none-eabi/lib/thumb/v7-m/nofp\libc.a(libc_a-signal.o)
                0x08009962                _raise_r
 .text.raise    0x080099b4       0x10 D:/STM32Cube/STM32CubeCLT/STM32CubeCLT_1.17.0/GNU-tools-for-STM32/bin/../lib/gcc/arm-none-eabi/12.3.1/../../../../arm-none-eabi/lib/thumb/v7-m/nofp\libc.a(libc_a-signal.o)
                0x080099b4                raise
 .text._fstat_r
                0x080099c4       0x24 D:/STM32Cube/STM32CubeCLT/STM32CubeCLT_1.17.0/GNU-tools-for-STM32/bin/../lib/gcc/arm-none-eabi/12.3.1/../../../../arm-none-eabi/lib/thumb/v7-m/nofp\libc.a(libc_a-fstatr.o)
                0x080099c4                _fstat_r
 .text._isatty_r
                0x080099e8       0x20 D:/STM32Cube/STM32CubeCLT/STM32CubeCLT_1.17.0/GNU-tools-for-STM32/bin/../lib/gcc/arm-none-eabi/12.3.1/../../../../arm-none-eabi/lib/thumb/v7-m/nofp\libc.a(libc_a-isattyr.o)
                0x080099e8                _isatty_r
 .text._kill_r  0x08009a08       0x24 D:/STM32Cube/STM32CubeCLT/STM32CubeCLT_1.17.0/GNU-tools-for-STM32/bin/../lib/gcc/arm-none-eabi/12.3.1/../../../../arm-none-eabi/lib/thumb/v7-m/nofp\libc.a(libc_a-signalr.o)
                0x08009a08                _kill_r
 .text._getpid_r
                0x08009a2c        0x4 D:/STM32Cube/STM32CubeCLT/STM32CubeCLT_1.17.0/GNU-tools-for-STM32/bin/../lib/gcc/arm-none-eabi/12.3.1/../../../../arm-none-eabi/lib/thumb/v7-m/nofp\libc.a(libc_a-signalr.o)
                0x08009a2c                _getpid_r
 .text._fstat   0x08009a30       0x10 D:/STM32Cube/STM32CubeCLT/STM32CubeCLT_1.17.0/GNU-tools-for-STM32/bin/../lib/gcc/arm-none-eabi/12.3.1/../../../../arm-none-eabi/lib/thumb/v7-m/nofp\libnosys.a(fstat.o)
                0x08009a30                _fstat
 .text._getpid  0x08009a40       0x10 D:/STM32Cube/STM32CubeCLT/STM32CubeCLT_1.17.0/GNU-tools-for-STM32/bin/../lib/gcc/arm-none-eabi/12.3.1/../../../../arm-none-eabi/lib/thumb/v7-m/nofp\libnosys.a(getpid.o)
                0x08009a40                _getpid
 .text._isatty  0x08009a50       0x10 D:/STM32Cube/STM32CubeCLT/STM32CubeCLT_1.17.0/GNU-tools-for-STM32/bin/../lib/gcc/arm-none-eabi/12.3.1/../../../../arm-none-eabi/lib/thumb/v7-m/nofp\libnosys.a(isatty.o)
                0x08009a50                _isatty
 .text._kill    0x08009a60       0x10 D:/STM32Cube/STM32CubeCLT/STM32CubeCLT_1.17.0/GNU-tools-for-STM32/bin/../lib/gcc/arm-none-eabi/12.3.1/../../../../arm-none-eabi/lib/thumb/v7-m/nofp\libnosys.a(kill.o)
                0x08009a60                _kill
 *(.glue_7)
 .glue_7        0x08009a70        0x0 linker stubs
 *(.glue_7t)
 .glue_7t       0x08009a70        0x0 linker stubs
 *(.eh_frame)
 .eh_frame      0x08009a70        0x0 D:/STM32Cube/STM32CubeCLT/STM32CubeCLT_1.17.0/GNU-tools-for-STM32/bin/../lib/gcc/arm-none-eabi/12.3.1/thumb/v7-m/nofp/crtbegin.o
 *(.init)
 .init          0x08009a70        0x4 D:/STM32Cube/STM32CubeCLT/STM32CubeCLT_1.17.0/GNU-tools-for-STM32/bin/../lib/gcc/arm-none-eabi/12.3.1/thumb/v7-m/nofp/crti.o
                0x08009a70                _init
 .init          0x08009a74        0x8 D:/STM32Cube/STM32CubeCLT/STM32CubeCLT_1.17.0/GNU-tools-for-STM32/bin/../lib/gcc/arm-none-eabi/12.3.1/thumb/v7-m/nofp/crtn.o
 *(.fini)
 .fini          0x08009a7c        0x4 D:/STM32Cube/STM32CubeCLT/STM32CubeCLT_1.17.0/GNU-tools-for-STM32/bin/../lib/gcc/arm-none-eabi/12.3.1/thumb/v7-m/nofp/crti.o
                0x08009a7c                _fini
 .fini          0x08009a80        0x8 D:/STM32Cube/STM32CubeCLT/STM32CubeCLT_1.17.0/GNU-tools-for-STM32/bin/../lib/gcc/arm-none-eabi/12.3.1/thumb/v7-m/nofp/crtn.o
                0x08009a88                        . = ALIGN (0x4)
                0x08009a88                        _etext = .

.vfp11_veneer   0x08009a88        0x0
 .vfp11_veneer  0x08009a88        0x0 linker stubs

.v4_bx          0x08009a88        0x0
 .v4_bx         0x08009a88        0x0 linker stubs

.iplt           0x08009a88        0x0
 .iplt          0x08009a88        0x0 D:/STM32Cube/STM32CubeCLT/STM32CubeCLT_1.17.0/GNU-tools-for-STM32/bin/../lib/gcc/arm-none-eabi/12.3.1/thumb/v7-m/nofp/crtbegin.o

.rodata         0x08009a88      0x760
                0x08009a88                        . = ALIGN (0x4)
 *(.rodata)
 *(.rodata*)
 .rodata.CAN_TestInit.str1.4
                0x08009a88       0xf7 build/Core/Src/can.o
 *fill*         0x08009b7f        0x1 
 .rodata.CAN_TestSendMessage.str1.4
                0x08009b80      0x10e build/Core/Src/can.o
 *fill*         0x08009c8e        0x2 
 .rodata.HAL_CAN_RxFifo0MsgPendingCallback.str1.4
                0x08009c90       0x64 build/Core/Src/can.o
 .rodata.HAL_CAN_RxFifo1MsgPendingCallback.str1.4
                0x08009cf4       0x5a build/Core/Src/can.o
 *fill*         0x08009d4e        0x2 
 .rodata.HAL_CAN_TxMailbox0CompleteCallback.str1.4
                0x08009d50       0x22 build/Core/Src/can.o
 *fill*         0x08009d72        0x2 
 .rodata.HAL_CAN_TxMailbox1CompleteCallback.str1.4
                0x08009d74       0x22 build/Core/Src/can.o
 *fill*         0x08009d96        0x2 
 .rodata.HAL_CAN_TxMailbox2CompleteCallback.str1.4
                0x08009d98       0x22 build/Core/Src/can.o
 *fill*         0x08009dba        0x2 
 .rodata.HAL_CAN_ErrorCallback.str1.4
                0x08009dbc       0x25 build/Core/Src/can.o
 *fill*         0x08009de1        0x3 
 .rodata.APBPrescTable
                0x08009de4        0x8 build/Core/Src/system_stm32f1xx.o
                0x08009de4                APBPrescTable
 .rodata.AHBPrescTable
                0x08009dec       0x10 build/Core/Src/system_stm32f1xx.o
                0x08009dec                AHBPrescTable
 .rodata.Vehicle_SensorReport.str1.4
                0x08009dfc       0x3d build/Core/Src/vehicle.o
 *fill*         0x08009e39        0x3 
 .rodata.aPredivFactorTable.0
                0x08009e3c       0x10 build/Drivers/STM32F1xx_HAL_Driver/Src/stm32f1xx_hal_rcc.o
 .rodata.aPLLMULFactorTable.1
                0x08009e4c        0xe build/Drivers/STM32F1xx_HAL_Driver/Src/stm32f1xx_hal_rcc.o
 .rodata._svfprintf_r.str1.1
                0x08009e5a       0x34 D:/STM32Cube/STM32CubeCLT/STM32CubeCLT_1.17.0/GNU-tools-for-STM32/bin/../lib/gcc/arm-none-eabi/12.3.1/../../../../arm-none-eabi/lib/thumb/v7-m/nofp\libc.a(libc_a-svfprintf.o)
 .rodata.zeroes.0
                0x08009e8e       0x10 D:/STM32Cube/STM32CubeCLT/STM32CubeCLT_1.17.0/GNU-tools-for-STM32/bin/../lib/gcc/arm-none-eabi/12.3.1/../../../../arm-none-eabi/lib/thumb/v7-m/nofp\libc.a(libc_a-svfprintf.o)
 .rodata.blanks.1
                0x08009e9e       0x10 D:/STM32Cube/STM32CubeCLT/STM32CubeCLT_1.17.0/GNU-tools-for-STM32/bin/../lib/gcc/arm-none-eabi/12.3.1/../../../../arm-none-eabi/lib/thumb/v7-m/nofp\libc.a(libc_a-svfprintf.o)
 .rodata._dtoa_r.str1.1
                0x08009eae       0x76 D:/STM32Cube/STM32CubeCLT/STM32CubeCLT_1.17.0/GNU-tools-for-STM32/bin/../lib/gcc/arm-none-eabi/12.3.1/../../../../arm-none-eabi/lib/thumb/v7-m/nofp\libc.a(libc_a-dtoa.o)
                                 0x78 (size before relaxing)
 .rodata.__multadd.str1.1
                0x08009f24       0x59 D:/STM32Cube/STM32CubeCLT/STM32CubeCLT_1.17.0/GNU-tools-for-STM32/bin/../lib/gcc/arm-none-eabi/12.3.1/../../../../arm-none-eabi/lib/thumb/v7-m/nofp\libc.a(libc_a-mprec.o)
                                 0x6a (size before relaxing)
 *fill*         0x08009f7d        0x3 
 .rodata.p05.0  0x08009f80        0xc D:/STM32Cube/STM32CubeCLT/STM32CubeCLT_1.17.0/GNU-tools-for-STM32/bin/../lib/gcc/arm-none-eabi/12.3.1/../../../../arm-none-eabi/lib/thumb/v7-m/nofp\libc.a(libc_a-mprec.o)
 *fill*         0x08009f8c        0x4 
 .rodata.__mprec_bigtens
                0x08009f90       0x28 D:/STM32Cube/STM32CubeCLT/STM32CubeCLT_1.17.0/GNU-tools-for-STM32/bin/../lib/gcc/arm-none-eabi/12.3.1/../../../../arm-none-eabi/lib/thumb/v7-m/nofp\libc.a(libc_a-mprec.o)
                0x08009f90                __mprec_bigtens
 .rodata.__mprec_tens
                0x08009fb8       0xc8 D:/STM32Cube/STM32CubeCLT/STM32CubeCLT_1.17.0/GNU-tools-for-STM32/bin/../lib/gcc/arm-none-eabi/12.3.1/../../../../arm-none-eabi/lib/thumb/v7-m/nofp\libc.a(libc_a-mprec.o)
                0x08009fb8                __mprec_tens
 .rodata._setlocale_r.str1.1
                0x0800a080        0x8 D:/STM32Cube/STM32CubeCLT/STM32CubeCLT_1.17.0/GNU-tools-for-STM32/bin/../lib/gcc/arm-none-eabi/12.3.1/../../../../arm-none-eabi/lib/thumb/v7-m/nofp\libc.a(libc_a-locale.o)
                                  0x9 (size before relaxing)
 .rodata.str1.1
                0x0800a088        0x2 D:/STM32Cube/STM32CubeCLT/STM32CubeCLT_1.17.0/GNU-tools-for-STM32/bin/../lib/gcc/arm-none-eabi/12.3.1/../../../../arm-none-eabi/lib/thumb/v7-m/nofp\libc.a(libc_a-locale.o)
 .rodata.__assert_func.str1.1
                0x0800a08a       0x3c D:/STM32Cube/STM32CubeCLT/STM32CubeCLT_1.17.0/GNU-tools-for-STM32/bin/../lib/gcc/arm-none-eabi/12.3.1/../../../../arm-none-eabi/lib/thumb/v7-m/nofp\libc.a(libc_a-assert.o)
                                 0x3d (size before relaxing)
 .rodata._ctype_
                0x0800a0c6      0x101 D:/STM32Cube/STM32CubeCLT/STM32CubeCLT_1.17.0/GNU-tools-for-STM32/bin/../lib/gcc/arm-none-eabi/12.3.1/../../../../arm-none-eabi/lib/thumb/v7-m/nofp\libc.a(libc_a-ctype_.o)
                0x0800a0c6                _ctype_
 .rodata._vfiprintf_r.str1.1
                0x0800a1c7       0x22 D:/STM32Cube/STM32CubeCLT/STM32CubeCLT_1.17.0/GNU-tools-for-STM32/bin/../lib/gcc/arm-none-eabi/12.3.1/../../../../arm-none-eabi/lib/thumb/v7-m/nofp\libc.a(libc_a-vfiprintf.o)
 .rodata.zeroes.0
                0x0800a1c7       0x10 D:/STM32Cube/STM32CubeCLT/STM32CubeCLT_1.17.0/GNU-tools-for-STM32/bin/../lib/gcc/arm-none-eabi/12.3.1/../../../../arm-none-eabi/lib/thumb/v7-m/nofp\libc.a(libc_a-vfiprintf.o)
 .rodata.blanks.1
                0x0800a1d7       0x10 D:/STM32Cube/STM32CubeCLT/STM32CubeCLT_1.17.0/GNU-tools-for-STM32/bin/../lib/gcc/arm-none-eabi/12.3.1/../../../../arm-none-eabi/lib/thumb/v7-m/nofp\libc.a(libc_a-vfiprintf.o)
                0x0800a1ec                        . = ALIGN (0x4)
 *fill*         0x0800a1e7        0x1 

.ARM.extab
 *(.ARM.extab* .gnu.linkonce.armextab.*)

.ARM            0x0800a1e8        0x8
                0x0800a1e8                        __exidx_start = .
 *(.ARM.exidx*)
 .ARM.exidx     0x0800a1e8        0x8 D:/STM32Cube/STM32CubeCLT/STM32CubeCLT_1.17.0/GNU-tools-for-STM32/bin/../lib/gcc/arm-none-eabi/12.3.1/thumb/v7-m/nofp\libgcc.a(_udivmoddi4.o)
 .ARM.exidx     0x0800a1f0        0x0 D:/STM32Cube/STM32CubeCLT/STM32CubeCLT_1.17.0/GNU-tools-for-STM32/bin/../lib/gcc/arm-none-eabi/12.3.1/../../../../arm-none-eabi/lib/thumb/v7-m/nofp\libc.a(libc_a-strlen.o)
                                  0x8 (size before relaxing)
                0x0800a1f0                        __exidx_end = .

.rel.dyn        0x0800a1f0        0x0
 .rel.iplt      0x0800a1f0        0x0 D:/STM32Cube/STM32CubeCLT/STM32CubeCLT_1.17.0/GNU-tools-for-STM32/bin/../lib/gcc/arm-none-eabi/12.3.1/thumb/v7-m/nofp/crtbegin.o

.preinit_array  0x0800a1f0        0x0
                0x0800a1f0                        PROVIDE (__preinit_array_start = .)
 *(.preinit_array*)
                0x0800a1f0                        PROVIDE (__preinit_array_end = .)

.init_array     0x0800a1f0        0x8
                0x0800a1f0                        PROVIDE (__init_array_start = .)
 *(SORT_BY_NAME(.init_array.*))
 .init_array.00000
                0x0800a1f0        0x4 D:/STM32Cube/STM32CubeCLT/STM32CubeCLT_1.17.0/GNU-tools-for-STM32/bin/../lib/gcc/arm-none-eabi/12.3.1/../../../../arm-none-eabi/lib/thumb/v7-m/nofp\libc.a(libc_a-__call_atexit.o)
 *(.init_array*)
 .init_array    0x0800a1f4        0x4 D:/STM32Cube/STM32CubeCLT/STM32CubeCLT_1.17.0/GNU-tools-for-STM32/bin/../lib/gcc/arm-none-eabi/12.3.1/thumb/v7-m/nofp/crtbegin.o
                0x0800a1f8                        PROVIDE (__init_array_end = .)

.fini_array     0x0800a1f8        0x4
                0x0800a1f8                        PROVIDE (__fini_array_start = .)
 *(SORT_BY_NAME(.fini_array.*))
 *(.fini_array*)
 .fini_array    0x0800a1f8        0x4 D:/STM32Cube/STM32CubeCLT/STM32CubeCLT_1.17.0/GNU-tools-for-STM32/bin/../lib/gcc/arm-none-eabi/12.3.1/thumb/v7-m/nofp/crtbegin.o
                0x0800a1fc                        PROVIDE (__fini_array_end = .)
                0x0800a1fc                        _sidata = LOADADDR (.data)

.data           0x20000000      0x6bc load address 0x0800a1fc
                0x20000000                        . = ALIGN (0x4)
                0x20000000                        _sdata = .
 *(.data)
 *(.data*)
 .data.__sglue  0x20000000        0xc D:/STM32Cube/STM32CubeCLT/STM32CubeCLT_1.17.0/GNU-tools-for-STM32/bin/../lib/gcc/arm-none-eabi/12.3.1/../../../../arm-none-eabi/lib/thumb/v7-m/nofp\libc.a(libc_a-findfp.o)
                0x20000000                __sglue
 .data._impure_ptr
                0x2000000c        0x4 D:/STM32Cube/STM32CubeCLT/STM32CubeCLT_1.17.0/GNU-tools-for-STM32/bin/../lib/gcc/arm-none-eabi/12.3.1/../../../../arm-none-eabi/lib/thumb/v7-m/nofp\libc.a(libc_a-impure.o)
                0x2000000c                _impure_ptr
 .data._impure_data
                0x20000010      0x120 D:/STM32Cube/STM32CubeCLT/STM32CubeCLT_1.17.0/GNU-tools-for-STM32/bin/../lib/gcc/arm-none-eabi/12.3.1/../../../../arm-none-eabi/lib/thumb/v7-m/nofp\libc.a(libc_a-impure.o)
                0x20000010                _impure_data
 .data.__atexit_recursive_mutex
                0x20000130        0x4 D:/STM32Cube/STM32CubeCLT/STM32CubeCLT_1.17.0/GNU-tools-for-STM32/bin/../lib/gcc/arm-none-eabi/12.3.1/../../../../arm-none-eabi/lib/thumb/v7-m/nofp\libc.a(libc_a-__call_atexit.o)
                0x20000130                __atexit_recursive_mutex
 .data.__malloc_sbrk_base
                0x20000134        0x4 D:/STM32Cube/STM32CubeCLT/STM32CubeCLT_1.17.0/GNU-tools-for-STM32/bin/../lib/gcc/arm-none-eabi/12.3.1/../../../../arm-none-eabi/lib/thumb/v7-m/nofp\libc.a(libc_a-mallocr.o)
                0x20000134                __malloc_sbrk_base
 .data.__malloc_trim_threshold
                0x20000138        0x4 D:/STM32Cube/STM32CubeCLT/STM32CubeCLT_1.17.0/GNU-tools-for-STM32/bin/../lib/gcc/arm-none-eabi/12.3.1/../../../../arm-none-eabi/lib/thumb/v7-m/nofp\libc.a(libc_a-mallocr.o)
                0x20000138                __malloc_trim_threshold
 .data.__malloc_av_
                0x2000013c      0x408 D:/STM32Cube/STM32CubeCLT/STM32CubeCLT_1.17.0/GNU-tools-for-STM32/bin/../lib/gcc/arm-none-eabi/12.3.1/../../../../arm-none-eabi/lib/thumb/v7-m/nofp\libc.a(libc_a-mallocr.o)
                0x2000013c                __malloc_av_
 .data.SystemCoreClock
                0x20000544        0x4 build/Core/Src/system_stm32f1xx.o
                0x20000544                SystemCoreClock
 .data.uwTickFreq
                0x20000548        0x1 build/Drivers/STM32F1xx_HAL_Driver/Src/stm32f1xx_hal.o
                0x20000548                uwTickFreq
 *fill*         0x20000549        0x3 
 .data.uwTickPrio
                0x2000054c        0x4 build/Drivers/STM32F1xx_HAL_Driver/Src/stm32f1xx_hal.o
                0x2000054c                uwTickPrio
 .data.__global_locale
                0x20000550      0x16c D:/STM32Cube/STM32CubeCLT/STM32CubeCLT_1.17.0/GNU-tools-for-STM32/bin/../lib/gcc/arm-none-eabi/12.3.1/../../../../arm-none-eabi/lib/thumb/v7-m/nofp\libc.a(libc_a-locale.o)
                0x20000550                __global_locale
                0x200006bc                        . = ALIGN (0x4)
                0x200006bc                        _edata = .

.igot.plt       0x200006bc        0x0 load address 0x0800a8b8
 .igot.plt      0x200006bc        0x0 D:/STM32Cube/STM32CubeCLT/STM32CubeCLT_1.17.0/GNU-tools-for-STM32/bin/../lib/gcc/arm-none-eabi/12.3.1/thumb/v7-m/nofp/crtbegin.o
                0x200006bc                        . = ALIGN (0x4)

.bss            0x200006bc      0x4cc load address 0x0800a8b8
                0x200006bc                        _sbss = .
                0x200006bc                        __bss_start__ = _sbss
 *(.bss)
 .bss           0x200006bc       0x1c D:/STM32Cube/STM32CubeCLT/STM32CubeCLT_1.17.0/GNU-tools-for-STM32/bin/../lib/gcc/arm-none-eabi/12.3.1/thumb/v7-m/nofp/crtbegin.o
 *(.bss*)
 .bss.__sf      0x200006d8      0x138 D:/STM32Cube/STM32CubeCLT/STM32CubeCLT_1.17.0/GNU-tools-for-STM32/bin/../lib/gcc/arm-none-eabi/12.3.1/../../../../arm-none-eabi/lib/thumb/v7-m/nofp\libc.a(libc_a-findfp.o)
                0x200006d8                __sf
 .bss.__stdio_exit_handler
                0x20000810        0x4 D:/STM32Cube/STM32CubeCLT/STM32CubeCLT_1.17.0/GNU-tools-for-STM32/bin/../lib/gcc/arm-none-eabi/12.3.1/../../../../arm-none-eabi/lib/thumb/v7-m/nofp\libc.a(libc_a-findfp.o)
                0x20000810                __stdio_exit_handler
 .bss.errno     0x20000814        0x4 D:/STM32Cube/STM32CubeCLT/STM32CubeCLT_1.17.0/GNU-tools-for-STM32/bin/../lib/gcc/arm-none-eabi/12.3.1/../../../../arm-none-eabi/lib/thumb/v7-m/nofp\libc.a(libc_a-reent.o)
                0x20000814                errno
 .bss.__lock___malloc_recursive_mutex
                0x20000818        0x1 D:/STM32Cube/STM32CubeCLT/STM32CubeCLT_1.17.0/GNU-tools-for-STM32/bin/../lib/gcc/arm-none-eabi/12.3.1/../../../../arm-none-eabi/lib/thumb/v7-m/nofp\libc.a(libc_a-lock.o)
                0x20000818                __lock___malloc_recursive_mutex
 .bss.__lock___atexit_recursive_mutex
                0x20000819        0x1 D:/STM32Cube/STM32CubeCLT/STM32CubeCLT_1.17.0/GNU-tools-for-STM32/bin/../lib/gcc/arm-none-eabi/12.3.1/../../../../arm-none-eabi/lib/thumb/v7-m/nofp\libc.a(libc_a-lock.o)
                0x20000819                __lock___atexit_recursive_mutex
 .bss.__lock___sfp_recursive_mutex
                0x2000081a        0x1 D:/STM32Cube/STM32CubeCLT/STM32CubeCLT_1.17.0/GNU-tools-for-STM32/bin/../lib/gcc/arm-none-eabi/12.3.1/../../../../arm-none-eabi/lib/thumb/v7-m/nofp\libc.a(libc_a-lock.o)
                0x2000081a                __lock___sfp_recursive_mutex
 *fill*         0x2000081b        0x1 
 .bss.__atexit  0x2000081c        0x4 D:/STM32Cube/STM32CubeCLT/STM32CubeCLT_1.17.0/GNU-tools-for-STM32/bin/../lib/gcc/arm-none-eabi/12.3.1/../../../../arm-none-eabi/lib/thumb/v7-m/nofp\libc.a(libc_a-__call_atexit.o)
                0x2000081c                __atexit
 .bss.__malloc_current_mallinfo
                0x20000820       0x28 D:/STM32Cube/STM32CubeCLT/STM32CubeCLT_1.17.0/GNU-tools-for-STM32/bin/../lib/gcc/arm-none-eabi/12.3.1/../../../../arm-none-eabi/lib/thumb/v7-m/nofp\libc.a(libc_a-mallocr.o)
                0x20000820                __malloc_current_mallinfo
 .bss.__malloc_max_total_mem
                0x20000848        0x4 D:/STM32Cube/STM32CubeCLT/STM32CubeCLT_1.17.0/GNU-tools-for-STM32/bin/../lib/gcc/arm-none-eabi/12.3.1/../../../../arm-none-eabi/lib/thumb/v7-m/nofp\libc.a(libc_a-mallocr.o)
                0x20000848                __malloc_max_total_mem
 .bss.__malloc_max_sbrked_mem
                0x2000084c        0x4 D:/STM32Cube/STM32CubeCLT/STM32CubeCLT_1.17.0/GNU-tools-for-STM32/bin/../lib/gcc/arm-none-eabi/12.3.1/../../../../arm-none-eabi/lib/thumb/v7-m/nofp\libc.a(libc_a-mallocr.o)
                0x2000084c                __malloc_max_sbrked_mem
 .bss.__malloc_top_pad
                0x20000850        0x4 D:/STM32Cube/STM32CubeCLT/STM32CubeCLT_1.17.0/GNU-tools-for-STM32/bin/../lib/gcc/arm-none-eabi/12.3.1/../../../../arm-none-eabi/lib/thumb/v7-m/nofp\libc.a(libc_a-mallocr.o)
                0x20000850                __malloc_top_pad
 .bss.__atexit0
                0x20000854      0x190 D:/STM32Cube/STM32CubeCLT/STM32CubeCLT_1.17.0/GNU-tools-for-STM32/bin/../lib/gcc/arm-none-eabi/12.3.1/../../../../arm-none-eabi/lib/thumb/v7-m/nofp\libc.a(libc_a-__atexit.o)
                0x20000854                __atexit0
 .bss.heap_end.0
                0x200009e4        0x4 D:/STM32Cube/STM32CubeCLT/STM32CubeCLT_1.17.0/GNU-tools-for-STM32/bin/../lib/gcc/arm-none-eabi/12.3.1/../../../../arm-none-eabi/lib/thumb/v7-m/nofp\libnosys.a(sbrk.o)
 .bss.hdma_adc1
                0x200009e8       0x44 build/Core/Src/adc.o
                0x200009e8                hdma_adc1
 .bss.hadc1     0x20000a2c       0x30 build/Core/Src/adc.o
                0x20000a2c                hadc1
 .bss.g_vehicle_sensors
                0x20000a5c       0x1c build/Core/Src/adc.o
 .bss.adc_values
                0x20000a78        0x8 build/Core/Src/adc.o
 .bss.adc_dma_buffer
                0x20000a80        0x8 build/Core/Src/adc.o
 .bss.HAL_RCC_CAN1_CLK_ENABLED
                0x20000a88        0x4 build/Core/Src/can.o
 .bss.hcan2     0x20000a8c       0x28 build/Core/Src/can.o
                0x20000a8c                hcan2
 .bss.hcan1     0x20000ab4       0x28 build/Core/Src/can.o
                0x20000ab4                hcan1
 .bss.can_test_tx_counter
                0x20000adc        0x1 build/Core/Src/can.o
 *fill*         0x20000add        0x3 
 .bss.htim3     0x20000ae0       0x48 build/Core/Src/tim.o
                0x20000ae0                htim3
 .bss.huart1    0x20000b28       0x48 build/Core/Src/usart.o
                0x20000b28                huart1
 .bss.buzzer_timer
                0x20000b70        0x1 build/Core/Src/vehicle.o
 .bss.gear_state
                0x20000b71        0x1 build/Core/Src/vehicle.o
 .bss.led1_is_on
                0x20000b72        0x1 build/Core/Src/vehicle.o
 *fill*         0x20000b73        0x1 
 .bss.t1000ms_cnt
                0x20000b74        0x2 build/Drivers/BSP/tick/tick.o
 .bss.t500ms_cnt
                0x20000b76        0x2 build/Drivers/BSP/tick/tick.o
 .bss.t100ms_cnt
                0x20000b78        0x1 build/Drivers/BSP/tick/tick.o
 .bss.t50ms_cnt
                0x20000b79        0x1 build/Drivers/BSP/tick/tick.o
 .bss.t10ms_cnt
                0x20000b7a        0x1 build/Drivers/BSP/tick/tick.o
 .bss.t5ms_cnt  0x20000b7b        0x1 build/Drivers/BSP/tick/tick.o
 .bss.t2ms_cnt  0x20000b7c        0x1 build/Drivers/BSP/tick/tick.o
 .bss.t1ms_cnt  0x20000b7d        0x1 build/Drivers/BSP/tick/tick.o
 *fill*         0x20000b7e        0x2 
 .bss.time_flag
                0x20000b80        0x1 build/Drivers/BSP/tick/tick.o
                0x20000b80                time_flag
 *fill*         0x20000b81        0x3 
 .bss.uwTick    0x20000b84        0x4 build/Drivers/STM32F1xx_HAL_Driver/Src/stm32f1xx_hal.o
                0x20000b84                uwTick
 *(COMMON)
                0x20000b88                        . = ALIGN (0x4)
                0x20000b88                        _ebss = .
                0x20000b88                        __bss_end__ = _ebss

._user_heap_stack
                0x20000b88      0x600 load address 0x0800a8b8
                0x20000b88                        . = ALIGN (0x8)
                0x20000b88                        PROVIDE (end = .)
                [!provide]                        PROVIDE (_end = .)
                0x20000d88                        . = (. + _Min_Heap_Size)
 *fill*         0x20000b88      0x200 
                0x20001188                        . = (. + _Min_Stack_Size)
 *fill*         0x20000d88      0x400 
                0x20001188                        . = ALIGN (0x8)

/DISCARD/
 libc.a(*)
 libm.a(*)
 libgcc.a(*)

.ARM.attributes
                0x00000000       0x29
 *(.ARM.attributes)
 .ARM.attributes
                0x00000000       0x1d D:/STM32Cube/STM32CubeCLT/STM32CubeCLT_1.17.0/GNU-tools-for-STM32/bin/../lib/gcc/arm-none-eabi/12.3.1/thumb/v7-m/nofp/crti.o
 .ARM.attributes
                0x0000001d       0x2d D:/STM32Cube/STM32CubeCLT/STM32CubeCLT_1.17.0/GNU-tools-for-STM32/bin/../lib/gcc/arm-none-eabi/12.3.1/thumb/v7-m/nofp/crtbegin.o
 .ARM.attributes
                0x0000004a       0x2d D:/STM32Cube/STM32CubeCLT/STM32CubeCLT_1.17.0/GNU-tools-for-STM32/bin/../lib/gcc/arm-none-eabi/12.3.1/../../../../arm-none-eabi/lib/thumb/v7-m/nofp\libc.a(libc_a-findfp.o)
 .ARM.attributes
                0x00000077       0x2d D:/STM32Cube/STM32CubeCLT/STM32CubeCLT_1.17.0/GNU-tools-for-STM32/bin/../lib/gcc/arm-none-eabi/12.3.1/../../../../arm-none-eabi/lib/thumb/v7-m/nofp\libc.a(libc_a-fwalk.o)
 .ARM.attributes
                0x000000a4       0x2d D:/STM32Cube/STM32CubeCLT/STM32CubeCLT_1.17.0/GNU-tools-for-STM32/bin/../lib/gcc/arm-none-eabi/12.3.1/../../../../arm-none-eabi/lib/thumb/v7-m/nofp\libc.a(libc_a-stdio.o)
 .ARM.attributes
                0x000000d1       0x2d D:/STM32Cube/STM32CubeCLT/STM32CubeCLT_1.17.0/GNU-tools-for-STM32/bin/../lib/gcc/arm-none-eabi/12.3.1/../../../../arm-none-eabi/lib/thumb/v7-m/nofp\libc.a(libc_a-memset.o)
 .ARM.attributes
                0x000000fe       0x2d D:/STM32Cube/STM32CubeCLT/STM32CubeCLT_1.17.0/GNU-tools-for-STM32/bin/../lib/gcc/arm-none-eabi/12.3.1/../../../../arm-none-eabi/lib/thumb/v7-m/nofp\libc.a(libc_a-closer.o)
 .ARM.attributes
                0x0000012b       0x2d D:/STM32Cube/STM32CubeCLT/STM32CubeCLT_1.17.0/GNU-tools-for-STM32/bin/../lib/gcc/arm-none-eabi/12.3.1/../../../../arm-none-eabi/lib/thumb/v7-m/nofp\libc.a(libc_a-reent.o)
 .ARM.attributes
                0x00000158       0x2d D:/STM32Cube/STM32CubeCLT/STM32CubeCLT_1.17.0/GNU-tools-for-STM32/bin/../lib/gcc/arm-none-eabi/12.3.1/../../../../arm-none-eabi/lib/thumb/v7-m/nofp\libc.a(libc_a-impure.o)
 .ARM.attributes
                0x00000185       0x2d D:/STM32Cube/STM32CubeCLT/STM32CubeCLT_1.17.0/GNU-tools-for-STM32/bin/../lib/gcc/arm-none-eabi/12.3.1/../../../../arm-none-eabi/lib/thumb/v7-m/nofp\libc.a(libc_a-lseekr.o)
 .ARM.attributes
                0x000001b2       0x2d D:/STM32Cube/STM32CubeCLT/STM32CubeCLT_1.17.0/GNU-tools-for-STM32/bin/../lib/gcc/arm-none-eabi/12.3.1/../../../../arm-none-eabi/lib/thumb/v7-m/nofp\libc.a(libc_a-readr.o)
 .ARM.attributes
                0x000001df       0x2d D:/STM32Cube/STM32CubeCLT/STM32CubeCLT_1.17.0/GNU-tools-for-STM32/bin/../lib/gcc/arm-none-eabi/12.3.1/../../../../arm-none-eabi/lib/thumb/v7-m/nofp\libc.a(libc_a-writer.o)
 .ARM.attributes
                0x0000020c       0x2d D:/STM32Cube/STM32CubeCLT/STM32CubeCLT_1.17.0/GNU-tools-for-STM32/bin/../lib/gcc/arm-none-eabi/12.3.1/../../../../arm-none-eabi/lib/thumb/v7-m/nofp\libc.a(libc_a-init.o)
 .ARM.attributes
                0x00000239       0x2d D:/STM32Cube/STM32CubeCLT/STM32CubeCLT_1.17.0/GNU-tools-for-STM32/bin/../lib/gcc/arm-none-eabi/12.3.1/../../../../arm-none-eabi/lib/thumb/v7-m/nofp\libc.a(libc_a-lock.o)
 .ARM.attributes
                0x00000266       0x2d D:/STM32Cube/STM32CubeCLT/STM32CubeCLT_1.17.0/GNU-tools-for-STM32/bin/../lib/gcc/arm-none-eabi/12.3.1/../../../../arm-none-eabi/lib/thumb/v7-m/nofp\libc.a(libc_a-__call_atexit.o)
 .ARM.attributes
                0x00000293       0x2d D:/STM32Cube/STM32CubeCLT/STM32CubeCLT_1.17.0/GNU-tools-for-STM32/bin/../lib/gcc/arm-none-eabi/12.3.1/../../../../arm-none-eabi/lib/thumb/v7-m/nofp\libc.a(libc_a-atexit.o)
 .ARM.attributes
                0x000002c0       0x2d D:/STM32Cube/STM32CubeCLT/STM32CubeCLT_1.17.0/GNU-tools-for-STM32/bin/../lib/gcc/arm-none-eabi/12.3.1/../../../../arm-none-eabi/lib/thumb/v7-m/nofp\libc.a(libc_a-freer.o)
 .ARM.attributes
                0x000002ed       0x2d D:/STM32Cube/STM32CubeCLT/STM32CubeCLT_1.17.0/GNU-tools-for-STM32/bin/../lib/gcc/arm-none-eabi/12.3.1/../../../../arm-none-eabi/lib/thumb/v7-m/nofp\libc.a(libc_a-mallocr.o)
 .ARM.attributes
                0x0000031a       0x2d D:/STM32Cube/STM32CubeCLT/STM32CubeCLT_1.17.0/GNU-tools-for-STM32/bin/../lib/gcc/arm-none-eabi/12.3.1/../../../../arm-none-eabi/lib/thumb/v7-m/nofp\libc.a(libc_a-mlock.o)
 .ARM.attributes
                0x00000347       0x2d D:/STM32Cube/STM32CubeCLT/STM32CubeCLT_1.17.0/GNU-tools-for-STM32/bin/../lib/gcc/arm-none-eabi/12.3.1/../../../../arm-none-eabi/lib/thumb/v7-m/nofp\libc.a(libc_a-fclose.o)
 .ARM.attributes
                0x00000374       0x2d D:/STM32Cube/STM32CubeCLT/STM32CubeCLT_1.17.0/GNU-tools-for-STM32/bin/../lib/gcc/arm-none-eabi/12.3.1/../../../../arm-none-eabi/lib/thumb/v7-m/nofp\libc.a(libc_a-fflush.o)
 .ARM.attributes
                0x000003a1       0x2d D:/STM32Cube/STM32CubeCLT/STM32CubeCLT_1.17.0/GNU-tools-for-STM32/bin/../lib/gcc/arm-none-eabi/12.3.1/../../../../arm-none-eabi/lib/thumb/v7-m/nofp\libc.a(libc_a-sbrkr.o)
 .ARM.attributes
                0x000003ce       0x2d D:/STM32Cube/STM32CubeCLT/STM32CubeCLT_1.17.0/GNU-tools-for-STM32/bin/../lib/gcc/arm-none-eabi/12.3.1/../../../../arm-none-eabi/lib/thumb/v7-m/nofp\libc.a(libc_a-fini.o)
 .ARM.attributes
                0x000003fb       0x2d D:/STM32Cube/STM32CubeCLT/STM32CubeCLT_1.17.0/GNU-tools-for-STM32/bin/../lib/gcc/arm-none-eabi/12.3.1/../../../../arm-none-eabi/lib/thumb/v7-m/nofp\libc.a(libc_a-sysconf.o)
 .ARM.attributes
                0x00000428       0x2d D:/STM32Cube/STM32CubeCLT/STM32CubeCLT_1.17.0/GNU-tools-for-STM32/bin/../lib/gcc/arm-none-eabi/12.3.1/../../../../arm-none-eabi/lib/thumb/v7-m/nofp\libc.a(libc_a-__atexit.o)
 .ARM.attributes
                0x00000455       0x2d D:/STM32Cube/STM32CubeCLT/STM32CubeCLT_1.17.0/GNU-tools-for-STM32/bin/../lib/gcc/arm-none-eabi/12.3.1/../../../../arm-none-eabi/lib/thumb/v7-m/nofp\libc.a(libc_a-errno.o)
 .ARM.attributes
                0x00000482       0x2d D:/STM32Cube/STM32CubeCLT/STM32CubeCLT_1.17.0/GNU-tools-for-STM32/bin/../lib/gcc/arm-none-eabi/12.3.1/../../../../arm-none-eabi/lib/thumb/v7-m/nofp\libnosys.a(close.o)
 .ARM.attributes
                0x000004af       0x2d D:/STM32Cube/STM32CubeCLT/STM32CubeCLT_1.17.0/GNU-tools-for-STM32/bin/../lib/gcc/arm-none-eabi/12.3.1/../../../../arm-none-eabi/lib/thumb/v7-m/nofp\libnosys.a(lseek.o)
 .ARM.attributes
                0x000004dc       0x2d D:/STM32Cube/STM32CubeCLT/STM32CubeCLT_1.17.0/GNU-tools-for-STM32/bin/../lib/gcc/arm-none-eabi/12.3.1/../../../../arm-none-eabi/lib/thumb/v7-m/nofp\libnosys.a(read.o)
 .ARM.attributes
                0x00000509       0x2d D:/STM32Cube/STM32CubeCLT/STM32CubeCLT_1.17.0/GNU-tools-for-STM32/bin/../lib/gcc/arm-none-eabi/12.3.1/../../../../arm-none-eabi/lib/thumb/v7-m/nofp\libnosys.a(sbrk.o)
 .ARM.attributes
                0x00000536       0x2d D:/STM32Cube/STM32CubeCLT/STM32CubeCLT_1.17.0/GNU-tools-for-STM32/bin/../lib/gcc/arm-none-eabi/12.3.1/../../../../arm-none-eabi/lib/thumb/v7-m/nofp\libnosys.a(write.o)
 .ARM.attributes
                0x00000563       0x2d D:/STM32Cube/STM32CubeCLT/STM32CubeCLT_1.17.0/GNU-tools-for-STM32/bin/../lib/gcc/arm-none-eabi/12.3.1/../../../../arm-none-eabi/lib/thumb/v7-m/nofp\libnosys.a(_exit.o)
 .ARM.attributes
                0x00000590       0x2d build/Core/Src/adc.o
 .ARM.attributes
                0x000005bd       0x2d build/Core/Src/can.o
 .ARM.attributes
                0x000005ea       0x2d build/Core/Src/dma.o
 .ARM.attributes
                0x00000617       0x2d build/Core/Src/gpio.o
 .ARM.attributes
                0x00000644       0x2d build/Core/Src/main.o
 .ARM.attributes
                0x00000671       0x2d build/Core/Src/stm32f1xx_hal_msp.o
 .ARM.attributes
                0x0000069e       0x2d build/Core/Src/stm32f1xx_it.o
 .ARM.attributes
                0x000006cb       0x2d build/Core/Src/system_stm32f1xx.o
 .ARM.attributes
                0x000006f8       0x2d build/Core/Src/tim.o
 .ARM.attributes
                0x00000725       0x2d build/Core/Src/usart.o
 .ARM.attributes
                0x00000752       0x2d build/Core/Src/vehicle.o
 .ARM.attributes
                0x0000077f       0x2d build/Drivers/BSP/tick/tick.o
 .ARM.attributes
                0x000007ac       0x2d build/Drivers/STM32F1xx_HAL_Driver/Src/stm32f1xx_hal.o
 .ARM.attributes
                0x000007d9       0x2d build/Drivers/STM32F1xx_HAL_Driver/Src/stm32f1xx_hal_adc.o
 .ARM.attributes
                0x00000806       0x2d build/Drivers/STM32F1xx_HAL_Driver/Src/stm32f1xx_hal_can.o
 .ARM.attributes
                0x00000833       0x2d build/Drivers/STM32F1xx_HAL_Driver/Src/stm32f1xx_hal_cortex.o
 .ARM.attributes
                0x00000860       0x2d build/Drivers/STM32F1xx_HAL_Driver/Src/stm32f1xx_hal_dma.o
 .ARM.attributes
                0x0000088d       0x2d build/Drivers/STM32F1xx_HAL_Driver/Src/stm32f1xx_hal_gpio.o
 .ARM.attributes
                0x000008ba       0x2d build/Drivers/STM32F1xx_HAL_Driver/Src/stm32f1xx_hal_rcc.o
 .ARM.attributes
                0x000008e7       0x2d build/Drivers/STM32F1xx_HAL_Driver/Src/stm32f1xx_hal_rcc_ex.o
 .ARM.attributes
                0x00000914       0x2d build/Drivers/STM32F1xx_HAL_Driver/Src/stm32f1xx_hal_tim.o
 .ARM.attributes
                0x00000941       0x2d build/Drivers/STM32F1xx_HAL_Driver/Src/stm32f1xx_hal_tim_ex.o
 .ARM.attributes
                0x0000096e       0x2d build/Drivers/STM32F1xx_HAL_Driver/Src/stm32f1xx_hal_uart.o
 .ARM.attributes
                0x0000099b       0x21 build/startup_stm32f105xc.o
 .ARM.attributes
                0x000009bc       0x1d D:/STM32Cube/STM32CubeCLT/STM32CubeCLT_1.17.0/GNU-tools-for-STM32/bin/../lib/gcc/arm-none-eabi/12.3.1/thumb/v7-m/nofp\libgcc.a(_arm_addsubdf3.o)
 .ARM.attributes
                0x000009d9       0x1d D:/STM32Cube/STM32CubeCLT/STM32CubeCLT_1.17.0/GNU-tools-for-STM32/bin/../lib/gcc/arm-none-eabi/12.3.1/thumb/v7-m/nofp\libgcc.a(_arm_addsubsf3.o)
 .ARM.attributes
                0x000009f6       0x1d D:/STM32Cube/STM32CubeCLT/STM32CubeCLT_1.17.0/GNU-tools-for-STM32/bin/../lib/gcc/arm-none-eabi/12.3.1/thumb/v7-m/nofp\libgcc.a(_arm_muldivsf3.o)
 .ARM.attributes